04-13 15:48:47.621   203   811 D msm8974_platform: platform_send_audio_calibration: sending audio calibration for snd_device(2) acdb_id(15)
04-13 15:48:47.621   203   811 D audio_hw_primary: enable_snd_device: snd_device(2: speaker)
04-13 15:48:47.625   203   811 D audio_hw_primary: enable_audio_route: apply and update mixer path: low-latency-playback
04-13 15:48:47.628  1205  1205 D CordovaInterfaceImpl: Sending activity result to plugin
04-13 15:48:48.062   779   874 I ActivityManager: START u0 {act=android.intent.action.MAIN cat=[android.intent.category.HOME] flg=0x10200000 cmp=com.google.android.googlequicksearchbox/com.google.android.launcher.GEL (has extras)} from uid 1000 on display 0
04-13 15:48:48.064   203   811 D audio_hw_primary: out_set_parameters: enter: usecase(1: low-latency-playback) kvpairs: routing=2
04-13 15:48:48.161  1340  1340 I GEL     : handleIntent(Intent { act=android.intent.action.MAIN cat=[android.intent.category.HOME] flg=0x10600000 cmp=com.google.android.googlequicksearchbox/com.google.android.launcher.GEL (has extras) })
04-13 15:48:48.202   779   788 I art     : Background partial concurrent mark sweep GC freed 49683(4MB) AllocSpace objects, 123(2MB) LOS objects, 33% free, 32MB/48MB, paused 2.489ms total 120.562ms
04-13 15:48:48.236  1573  1573 I MicroDetectionWorker: Micro detection mode: [mDetectionMode: [1]].
04-13 15:48:48.265  1573  2815 I MicroRecognitionRunner: Starting detection.
04-13 15:48:48.328  1573  1727 W LocationOracle: Best location was null
04-13 15:48:48.375  1573  2816 I MicrophoneInputStream: mic_starting com.google.android.apps.gsa.speech.audio.ae@e532db1
04-13 15:48:48.377   203  2818 I AudioFlinger: AudioFlinger's thread 0xb2940000 ready to run
04-13 15:48:48.380  1573  2816 I MicrophoneInputStream: mic_started com.google.android.apps.gsa.speech.audio.ae@e532db1
04-13 15:48:48.390   203  2818 D audio_hw_primary: select_devices: out_snd_device(0: none) in_snd_device(61: voice-rec-mic)
04-13 15:48:48.390   203  2818 D msm8974_platform: platform_send_audio_calibration: sending audio calibration for snd_device(61) acdb_id(62)
04-13 15:48:48.390   203  2818 D         : Failed to fetch the lookup information of the device 0000003E 
04-13 15:48:48.390   203  2818 E ACDB-LOADER: Error: ACDB AudProc vol returned = -19
04-13 15:48:48.390   203  2818 D audio_hw_primary: enable_snd_device: snd_device(61: voice-rec-mic)
04-13 15:48:48.394   203  2818 D audio_hw_primary: enable_audio_route: apply and update mixer path: audio-record
04-13 15:48:48.425  1573  1583 I art     : Background sticky concurrent mark sweep GC freed 57034(4MB) AllocSpace objects, 33(952KB) LOS objects, 17% free, 28MB/34MB, paused 1.404ms total 158.247ms
04-13 15:48:48.478  1573  1573 I MicroDetectionWorker: onReady
04-13 15:48:48.806  1340  1572 W OpenGLRenderer: Incorrectly called buildLayer on View: ShortcutAndWidgetContainer, destroying layer...
04-13 15:48:48.806  1340  1572 W OpenGLRenderer: Incorrectly called buildLayer on View: ShortcutAndWidgetContainer, destroying layer...
04-13 15:48:49.186   779  2425 I ActivityManager: START u0 {act=android.intent.action.MAIN cat=[android.intent.category.LAUNCHER] flg=0x10200000 cmp=com.google.android.GoogleCamera/com.android.camera.CameraLauncher bnds=[47,1532][247,1784] (has extras)} from uid 10019 on display 0
04-13 15:48:49.204   203   811 D audio_hw_primary: out_set_parameters: enter: usecase(1: low-latency-playback) kvpairs: routing=2
04-13 15:48:49.249  1573  1584 W SearchService: Abort, client detached.
04-13 15:48:49.251   203   811 D AudioFlinger: mixer(0xb4140000) throttle end: throttle time(1)
04-13 15:48:49.264   779   948 I ActivityManager: Start proc 2833:com.google.android.GoogleCamera/u0a42 for activity com.google.android.GoogleCamera/com.android.camera.CameraLauncher
04-13 15:48:49.275  1573  1573 I MicroDetector: Keeping mic open: false
04-13 15:48:49.275  1573  1573 I MicrophoneInputStream: mic_close com.google.android.apps.gsa.speech.audio.ae@e532db1
04-13 15:48:49.275  1573  2814 I DeviceStateChecker: DeviceStateChecker cancelled
04-13 15:48:49.276  1573  2816 E AudioRecord-JNI: Error -4 during AudioRecord native read
04-13 15:48:49.304   203  2818 D audio_hw_primary: disable_audio_route: reset and update mixer path: audio-record
04-13 15:48:49.304   203  2818 D audio_hw_primary: disable_snd_device: snd_device(61: voice-rec-mic)
04-13 15:48:49.311  1573  2815 I MicroRecognitionRunner: Detection finished
04-13 15:48:49.311  1573  6058 I MicroRecognitionRunner: Stopping hotword detection.
04-13 15:48:49.567  2833  2833 I CAM_Instrumentation: CameraActivity: App OnCreate duration: 95ms
04-13 15:48:49.567  2833  2833 I CAM_Instrumentation: CameraActivity: App OnCreate End to Activity OnCreate Start: 4ms
04-13 15:48:49.574  2833  2833 I CAM_CameraUiModule: Checking for SecureActivity
04-13 15:48:49.574  2833  2833 I CAM_CameraUiModule: Initializing Window Flags
04-13 15:48:49.588  2833  2833 I CAM_CameraUiModule: Initializing Camera Ui
04-13 15:48:49.621  2833  2833 I CAM_CameraUiModule: Checking for Capture Intent
04-13 15:48:49.622  2833  2833 I CAM_CameraUiModule: Initializing Action Bar
04-13 15:48:49.624  2833  2833 I CAM_Profiler: [main-----------] t+[    52,0ms][ui]   MARK: CameraActivity.onCreate - ( 52,920ms) CameraUiModule.create(this)
04-13 15:48:49.627  2833  2833 W CAM_Log : Tag CaptureIndicatorModule is 3 chars longer than limit.
04-13 15:48:49.650  2833  2833 I CAM_Profiler: [main-----------] t+[    78,0ms][ui]   MARK: CameraActivity.onCreate - ( 25,819ms) provideActivityInjector
04-13 15:48:49.662  2833  2833 I CameraManagerGlobal: Connecting to camera service
04-13 15:48:49.696  2833  2833 I CAM_Profiler: [main-----------] t+[   124,0ms][ui]     MARK: CAM_GoogleCameraInit - ( 40,861ms) preCacheCameraCharacteristicsBeforeCameraOpen
04-13 15:48:49.713  2833  2833 I CAM_Profiler: [main-----------] t+[   141,0ms][ui]     MARK: CAM_GoogleCameraInit - ( 16,770ms) Start primary tasks
04-13 15:48:49.718  2833  2874 I CAM_PermissionsChecker: Checking for critical permissions.
04-13 15:48:49.723  2833  2874 I CAM_GoogleCameraInit: Future@615e955: DONE: PermissionsStartupTask
04-13 15:48:49.728  2833  2876 I CAM_SoundPlayer: Creating SoundPool
04-13 15:48:49.729  2833  2833 I CAM_Profiler: [main-----------] t+[   156,0ms][ui]       MARK: CAM_GoogleCameraInit - ( 15,587ms) Start pre-init tasks
04-13 15:48:49.730  2833  2833 I CAM_Profiler: [main-----------] t+[   158,0ms][ui]       STOP: CAM_GoogleCameraInit - ( 74,982ms) 
04-13 15:48:49.730  2833  2833 I CAM_Profiler: [main-----------] t+[   159,0ms][ui]       MARK: CameraActivity.onCreate - ( 76,191ms) ActivityInitializer.start
04-13 15:48:49.732  2833  2833 I CAM_Profiler: [main-----------] t+[   161,0ms][ui]       STOP: CameraActivity.onCreate - (161,005ms) 
04-13 15:48:49.732  2833  2833 I CAM_Instrumentation: CameraActivity: OnCreate duration: 165ms
04-13 15:48:49.740  2833  2877 I CAM_MaxNativeMemory: Max native memory overridden (device): 525
04-13 15:48:49.742  2833  2877 I CAM_MemoryManager: Max native memory: 525000000 bytes. (525MB).
04-13 15:48:49.756  2833  2879 D OpenGLRenderer: Use EGL_SWAP_BEHAVIOR_PRESERVED: true
04-13 15:48:49.767  2833  2874 I CAM_Profiler: [ExecutorsModule-1] t+[   195,0ms]         STOP: Provide:CaptureModuleStartupTask - ( 43,286ms) 
04-13 15:48:49.784  2833  2874 I CAM_Profiler: [ExecutorsModule-1] t+[   212,0ms]             STOP: createConfigFromCameraId - ( 15,416ms) 
04-13 15:48:49.785  2833  2874 I CAM_CptModuleCfgBldr: Selected configuration for camera (CameraId{Api2='0',Api1:0}): ActiveModuleConfig{cameraId=CameraId{Api2='0',Api1:0}, cameraFacing=BACK, aspectRatio=AspectRatio[4:3], captureResolution=3264x2448, viewfinderConfig=ViewfinderConfig{cameraFacing=BACK, viewfinderAspectRatio=AspectRatio[4:3], viewfinderResolution=1280x960}}
04-13 15:48:49.785  2833  2874 I CAM_Profiler: [ExecutorsModule-1] t+[   213,0ms]             MARK: CAM_CaptModInit - ( 17,364ms) getStartupContext
04-13 15:48:49.794  2833  2874 I CAM_Camera2Act: executeOpen(id: CameraId{Api2='0',Api1:0})
04-13 15:48:49.798  2833  2875 I CAM_Camera2Act: mCameraManager.openCamera(id: 0)
04-13 15:48:49.802   203   891 I CameraService: CameraService::connect call (PID 2833 "com.google.android.GoogleCamera", camera ID 0) for HAL version default and Camera API version 2
04-13 15:48:49.802   203   891 I CameraService: onTorchStatusChangedLocked: Torch status changed for cameraId=0, newStatus=0
04-13 15:48:49.803   203   891 I Camera2ClientBase: Camera 0: Opened. Client: com.google.android.GoogleCamera (PID 2833, UID 10042)
04-13 15:48:49.805   203   891 I CameraDeviceClient: CameraDeviceClient 0: Opened
04-13 15:48:49.807  2833  2874 I CAM_Profiler: [ExecutorsModule-1] t+[   235,0ms]           STOP: CAM_CaptModInit - ( 38,882ms) 
04-13 15:48:49.807   203   891 D mm-camera-intf: mm_camera_open: dev name = /dev/video1, cam_idx = 1
04-13 15:48:49.809   217   217 I mm-camera-sensor: module_sensor_start_session:584 session 1
04-13 15:48:49.810  2833  2874 I CAM_Profiler: [ExecutorsModule-1] t+[   235,0ms]         STOP: Run:CaptureModuleStartupTask - ( 39,488ms) 
04-13 15:48:49.810  2833  2874 I CAM_Capture1CC: Executing: createAndStartOneCameraAsync
04-13 15:48:49.819  2833  2874 I CAM_Instrumentation: OneCameraSession: OneCamera Initialize to OneCamera Create: 4ms
04-13 15:48:49.819  2833  2874 I CAM_McdlOneCameraOpnr: Opening Camera: CameraId{Api2='0',Api1:0}
04-13 15:48:49.819  2833  2874 I CAM_McdlOneCameraOpnr: Executing camera open: CameraId{Api2='0',Api1:0}
04-13 15:48:49.849   217   217 I mm-camera: gyro_module_start_session: Enter
04-13 15:48:49.849   217   217 I mm-camera: gyro_module_start_session: Init DSPS
04-13 15:48:49.849   217   217 E mm-camera: Failed to open sensor1 port
04-13 15:48:49.849   217   217 I mm-camera: gyro_module_start_session: dsps_proc_init() failed
04-13 15:48:49.849   217   217 I mm-camera: gyro_module_get_port: Exit failure
04-13 15:48:49.849   217   217 I mm-camera: cpp_module_start_session:352, info: starting session 1
04-13 15:48:49.867   217   217 I mm-camera: cpp_module_start_session:433, info: cpp_thread created.
04-13 15:48:49.867   217  2886 I mm-camera: cpp_thread_func:55: cpp_thread entering the polling loop...
04-13 15:48:49.867   217   217 I mm-camera: cpp_module_start_session:436, info: session 1 started.
04-13 15:48:49.867   217   217 I mm-camera: c2d_module_start_session:246, info: starting session 1
04-13 15:48:49.867   217  2887 I mm-camera: c2d_thread_func:39: c2d_thread entering the polling loop...
04-13 15:48:49.867   217   217 I mm-camera: c2d_module_start_session:284, info: c2d_thread created.
04-13 15:48:49.877   217   217 I mm-camera: c2d_module_start_session:306, info: session 1 started.
04-13 15:48:49.880   217   217 I mm-camera-sensor: module_module_set_session_data:2667 max delay 2 report dSelay 1
04-13 15:48:49.880   217   217 D mm-camera: module_faceproc_set_session_data:1987] Per frame control 2 1
04-13 15:48:49.883   203   891 D mm-camera-intf: mm_camera_open:  opened, break out while loop
04-13 15:48:49.890  2100  2106 E ANDR-PERF-LOCK: Failed to apply optimization for resource: 4 level: 0
04-13 15:48:49.901  2833  2882 I CAM_Camera2Act: onOpened(id: 0)
04-13 15:48:49.901  2833  2882 I CAM_Instrumentation: CameraDevice: Open duration: 4478274ms
04-13 15:48:49.917  2833  2874 I CAM_Profiler: [ExecutorsModule-1] t+[   346,0ms]                 STOP: DaggerGetOneCamera - ( 84,748ms) 
04-13 15:48:49.918  2833  2874 I CAM_Profiler: [ExecutorsModule-1] t+[   346,0ms]               STOP: OneCameraCreator.create() - ( 96,271ms) 
04-13 15:48:49.918  2833  2874 I CAM_Profiler: [ExecutorsModule-1] t+[   346,0ms]               MARK: CAM_McdlOneCameraOpnr - ( 96,656ms) mOneCameraCreator
04-13 15:48:49.918  2833  2874 I CAM_Profiler: [ExecutorsModule-1] t+[   346,0ms]             STOP: CAM_McdlOneCameraOpnr - ( 99,098ms) 
04-13 15:48:49.918  2833  2874 I CAM_Instrumentation: OneCameraSession: OneCamera Created duration: 99ms
04-13 15:48:49.918  2833  2874 I CAM_Profiler: [ExecutorsModule-1] t+[   346,0ms]             MARK: CAM_Capture1CC - (103,677ms) createOneCamera
04-13 15:48:49.918  2833  2874 I CAM_Capture1CC: Starting OneCamera
04-13 15:48:49.918  2833  2874 I CAM_Instrumentation: OneCameraSession: OneCamera Created to OneCamera Start: 0ms
04-13 15:48:49.921  2833  2874 I CAM_Profiler: [ExecutorsModule-1] t+[   349,0ms]           STOP: CAM_Capture1CC - (107,512ms) 
04-13 15:48:49.969  2833  2897 I OMXClient: Using client-side OMX mux.
04-13 15:48:49.974  2833  2833 I CAM_ViewfinderSV0: startViewfinder with config: ViewfinderConfig{cameraFacing=BACK, viewfinderAspectRatio=AspectRatio[4:3], viewfinderResolution=1280x960}
04-13 15:48:49.974  2833  2833 I CAM_ViewfinderSV0: Reconfiguring surface because config is not the same as the previous surface config.
04-13 15:48:49.974  2833  2833 I CAM_ViewfinderSV0: Activity layout is not stable yet, delaying configuration: 0x0
04-13 15:48:49.987  2833  2897 E OMXMaster: A component of name 'OMX.qcom.audio.decoder.aac' already exists, ignoring this one.
04-13 15:48:49.993  2833  2879 I Adreno-EGL: <qeglDrvAPI_eglInitialize:379>: QUALCOMM Build: 10/21/15, 369a2ea, I96aee987eb
04-13 15:48:50.018  2833  2879 I OpenGLRenderer: Initialized EGL, version 1.4
04-13 15:48:50.019  2833  2877 I CAM_MemoryManager: Registering feature: HDR_PLUS
04-13 15:48:50.020  2833  2877 I CAM_MemoryManager: State updated. Free Memory: 525000000
04-13 15:48:50.038  2833  2833 I CAM_ViewfinderSV0: Setting configuration for the SurfaceHolder and containing FrameLayout.
04-13 15:48:50.043  2833  2833 W View    : requestLayout() improperly called by android.widget.FrameLayout{3fd08e2 V.E...... ......ID 0,0-1080,1920 #7f0c0126 app:id/viewfinder_frame} during layout: running second layout pass
04-13 15:48:50.043  2833  2833 W View    : requestLayout() improperly called by android.view.SurfaceView{c3dd473 V.E...... ......ID 0,0-1080,1920} during layout: running second layout pass
04-13 15:48:50.044  2833  2833 I CAM_ViewfinderSV0: Setting configuration for the SurfaceHolder and containing FrameLayout.
04-13 15:48:50.051  2833  2833 I CAM_Instrumentation: ViewfinderSession: Surface Created duration: 77ms
04-13 15:48:50.052  2833  2833 I CAM_ViewfinderSV0: Setting fixed size after surfaceChanged event: 1280x960
04-13 15:48:50.052  2833  2833 I CAM_ViewfinderSV0: Surface is consumable, and a previous future exists. Completing future: Surface(name=null)/@0x100af30
04-13 15:48:50.052  2833  2833 I CAM_Instrumentation: ViewfinderSession: Surface Start to Surface Ready: 77ms
04-13 15:48:50.052  2833  2833 I CAM_Profiler: [main-----------] t+[   480,0ms][ui]       MARK: CAM_CaptModInit - (245,698ms) DONE: viewfinderSurfaceFuture
04-13 15:48:50.057  2833  2833 I CAM_CmrCptrSssnCrtr: Creating capture session for surfaces: [com.google.common.util.concurrent.Futures$ImmediateSuccessfulFuture@a5d7ba5, com.google.common.util.concurrent.SettableFuture@c181b7a]
04-13 15:48:50.057  2833  2833 I CAM_CmrCptrSssnCrtr: Creating regular capture session, without reprocessing
04-13 15:48:50.064   203   203 W CameraDeviceClient: createStream: Camera 0: Forcing asynchronous mode for stream
04-13 15:48:50.069   203   203 W CameraDeviceClient: createStream: Camera 0: Overriding format 0x4 to IMPLEMENTATION_DEFINED
04-13 15:48:50.070   203  5031 D QCamera3HWI: int qcamera::QCamera3HardwareInterface::configureStreams(camera3_stream_configuration_t*): newStream type = 0, stream format = 33 stream size : 3264 x 2448
04-13 15:48:50.070   203  5031 D QCamera3HWI: int qcamera::QCamera3HardwareInterface::configureStreams(camera3_stream_configuration_t*): newStream type = 0, stream format = 34 stream size : 1280 x 960
04-13 15:48:50.071   217  2890 I mm-camera: mct_pipeline_process_set:command=800000a
04-13 15:48:50.072   217  2890 I mm-camera: mct_pipeline_process_set:command=8000012
04-13 15:48:50.072   217  2890 D mm-camera: mct_stream_start_link: Metadata
04-13 15:48:50.072   203  5031 E mm-camera-intf: mm_stream_get_v4l2_fmt: Unknown fmt=78
04-13 15:48:50.072   217  2890 I mm-camera: mct_pipeline_process_set:command=8000004
04-13 15:48:50.073  2833  2875 I CAM_Profiler: [ExecutorsModule-2] t+[   502,0ms]             STOP: module manager - ( 15,844ms) 
04-13 15:48:50.075   203  5031 I qomx_image_core: OMX_Init:84] Complete 1
04-13 15:48:50.076   217  2890 E mm-camera: mct_pipeline_get_stream: stream not found in the list
04-13 15:48:50.077   217  2890 I mm-camera: mct_pipeline_process_set: Couldn't find preview stream; Storing for later
04-13 15:48:50.084  2833  2906 I OMXClient: Using client-side OMX mux.
04-13 15:48:50.091  2833  2901 I CAM_Instrumentation: CameraCaptureSession: Create duration: 33ms
04-13 15:48:50.092  2833  2833 I CAM_UsageStats: GoogleApiClient.onLoggerConnected
04-13 15:48:50.096  2833  2833 I CAM_ViewfinderSV0: Setting fixed size after surfaceChanged event: 1280x960
04-13 15:48:50.097  2833  2833 I CAM_ViewfinderSV0: Setting configuration for the SurfaceHolder and containing FrameLayout.
04-13 15:48:50.098  2833  2833 W View    : requestLayout() improperly called by android.widget.FrameLayout{3fd08e2 V.E...... ......ID 0,0-1080,1920 #7f0c0126 app:id/viewfinder_frame} during layout: running second layout pass
04-13 15:48:50.100  2833  2833 I CAM_ViewfinderSV0: Setting fixed size after surfaceChanged event: 1280x960
04-13 15:48:50.127   217  2890 I mm-camera: mct_pipeline_process_set:command=800000a
04-13 15:48:50.131   217  2890 I mm-camera: mct_pipeline_process_set:command=8000012
04-13 15:48:50.131   217  2890 D mm-camera: mct_stream_start_link: Preview/Postview
04-13 15:48:50.131   217  2890 D mm-camera: mct_stream_link_modules: Linking modules sensor and iface
04-13 15:48:50.131   217  2890 I mm-camera-sensor: port_sensor_caps_reserve:120 ide 10002 stream type 1 w*h 1280*960
04-13 15:48:50.131   217  2890 D mm-camera: mct_stream_link_modules: Linking modules iface and isp
04-13 15:48:50.131   217  2890 D mm-camera: mct_stream_link_modules: Linking modules isp and pproc
04-13 15:48:50.131   217  2890 I mm-camera: cpp_port_check_caps_reserve:77, identity=0x10002
04-13 15:48:50.131   217  2890 I mm-camera: cpp_port_check_caps_reserve:143, identity=0x10002, reserved
04-13 15:48:50.131   217  2890 I mm-camera: cpp_module_notify_add_stream:1331, info: success, identity=0x10002
04-13 15:48:50.131   217  2890 D mm-camera: mct_stream_link_modules: Linking modules pproc and faceproc
04-13 15:48:50.131   217  2890 I mm-camera: cpp_port_check_caps_reserve:77, identity=0x10002
04-13 15:48:50.131   217  2890 I mm-camera: cpp_port_check_caps_reserve:143, identity=0x10002, reserved
04-13 15:48:50.132   217  2890 D mm-camera: module_faceproc_client_create:1172] Face proc feature mask e 0
04-13 15:48:50.132   217  2890 D mm-camera: module_faceproc_port_check_caps_reserve:1297] caps reserve for stream 10002, type 1, 1280x960, port faceproc_d2_i0
04-13 15:48:50.132   217  2890 D mm-camera: mct_stream_link_modules: Linking modules isp and stats
04-13 15:48:50.132   217  2890 I mm-camera-sensor: sensor_get_output_dimension:2198 requested dim 3264 2448 stream mask 42
04-13 15:48:50.132   217  2890 I mm-camera-sensor: sensor_get_output_dimension:2218 pick res 0 dim 3280 2464
04-13 15:48:50.132   217  2890 I mm-camera: isp_util_save_stream_info: Stream type: 6 Dimension: 3264x2448 port: 0 scratch: 1
04-13 15:48:50.132   217  2890 I mm-camera: isp_util_save_stream_info: Stream type: 1 Dimension: 1280x960 port: 1 scratch: 0
04-13 15:48:50.133   217  2890 I mm-camera: mct_pipeline_process_set:command=8000004
04-13 15:48:50.134   217  2890 I mm-camera: mct_pipeline_process_set:command=800000a
04-13 15:48:50.137   217  2890 I mm-camera: mct_pipeline_process_set:command=8000012
04-13 15:48:50.137   217  2890 D mm-camera: mct_stream_start_link: Regular/ZSL snapshot
04-13 15:48:50.137   217  2890 D mm-camera: mct_stream_link_modules: Linking modules sensor and iface
04-13 15:48:50.137   217  2890 I mm-camera-sensor: port_sensor_caps_reserve:120 ide 10003 stream type 6 w*h 3264*2448
04-13 15:48:50.137   217  2890 D mm-camera: mct_stream_link_modules: Linking modules iface and isp
04-13 15:48:50.137   217  2890 D mm-camera: mct_stream_link_modules: Linking modules isp and pproc
04-13 15:48:50.137   217  2890 I mm-camera: mct_get_compatible_dest_port: Check link failed
04-13 15:48:50.137   217  2890 I mm-camera: mct_get_compatible_dest_port: Check link failed
04-13 15:48:50.137   217  2890 I mm-camera: mct_get_compatible_dest_port: Check link failed
04-13 15:48:50.137   217  2890 I mm-camera: mct_get_compatible_dest_port: Check link failed
04-13 15:48:50.137   217  2890 I mm-camera: mct_get_compatible_dest_port: Check link failed
04-13 15:48:50.137   217  2890 I mm-camera: cpp_port_check_caps_reserve:77, identity=0x10003
04-13 15:48:50.137   217  2890 I mm-camera: cpp_port_check_caps_reserve:143, identity=0x10003, reserved
04-13 15:48:50.137   217  2890 I mm-camera: cpp_module_notify_add_stream:1331, info: success, identity=0x10003
04-13 15:48:50.138   217  2890 D mm-camera: mct_stream_link_modules: Linking modules isp and stats
04-13 15:48:50.138   217  2890 I mm-camera: mct_pipeline_process_set:command=8000004
04-13 15:48:50.138   203  2894 D QCamera3HWI: int qcamera::QCamera3HardwareInterface::processCaptureRequest(camera3_capture_request_t*): Start META Channel
04-13 15:48:50.145   779   800 I ActivityManager: Displayed com.google.android.GoogleCamera/com.android.camera.CameraLauncher: +895ms
04-13 15:48:50.154  2833  2833 I CAM_MemoryManager: State updated. Free Memory: 525000000
04-13 15:48:50.154  2833  2833 I CAM_MemoryManager: State updated. Free Memory: 525000000
04-13 15:48:50.157   203  2894 D mm-camera-intf: mm_stream_qbuf: Starting poll on stream 0xb286115c type :8
04-13 15:48:50.163  2833  2906 E OMXMaster: A component of name 'OMX.qcom.audio.decoder.aac' already exists, ignoring this one.
04-13 15:48:50.166   203  2894 D mm-camera-intf: mm_stream_qbuf: Started poll on stream 0xb286115c type :8
04-13 15:48:50.167   217  2890 I mm-camera: mct_pipeline_process_set:command=8000008
04-13 15:48:50.167   217  2890 I mm-camera: mct_pipeline_process_set: stream_type = 8, streamid 1
04-13 15:48:50.167   217  2890 I mm-camera: mct_pipeline_process_set: Stream on/off returned
04-13 15:48:50.168   203  2894 D QCamera3HWI: int qcamera::QCamera3HardwareInterface::processCaptureRequest(camera3_capture_request_t*): Start Regular Channel mask=64
04-13 15:48:50.175   217  2890 I mm-camera: mct_pipeline_process_set:command=8000008
04-13 15:48:50.175   217  2890 I mm-camera: mct_pipeline_process_set: stream_type = 6, streamid 3
04-13 15:48:50.175   217  2890 I mm-camera-sensor: module_sensor_module_process_event:2102 ide 10003 MCT_EVENT_CONTROL_STREAMON
04-13 15:48:50.175   217  2890 I mm-camera-sensor: module_sensor_stream_on:828 ide 10003 SENSOR_START_STREAM
04-13 15:48:50.177  2833  2930 I OMXClient: Using client-side OMX mux.
04-13 15:48:50.191  2833  2875 I CAM_Profiler: [ExecutorsModule-2] t+[   620,0ms]             STOP: CameraActivityController - (138,918ms) 
04-13 15:48:50.198  2833  2877 I CAM_Profiler: [ExecutorsModule-4] t+[   626,0ms]           STOP: CAM_GcamPreInit - (467,433ms) 
04-13 15:48:50.205  2833  2930 E OMXMaster: A component of name 'OMX.qcom.audio.decoder.aac' already exists, ignoring this one.
04-13 15:48:50.264  2833  2944 I OMXClient: Using client-side OMX mux.
04-13 15:48:50.287  2833  2944 E OMXMaster: A component of name 'OMX.qcom.audio.decoder.aac' already exists, ignoring this one.
04-13 15:48:50.322  2833  2876 I CAM_Profiler: [ExecutorsModule-3] t+[   750,0ms]         STOP: CAM_AudioPreInit - (594,426ms) 
04-13 15:48:50.328  2833  2948 I OMXClient: Using client-side OMX mux.
04-13 15:48:50.354  2833  2948 E OMXMaster: A component of name 'OMX.qcom.audio.decoder.aac' already exists, ignoring this one.
04-13 15:48:50.363  2833  2833 I CAM_Profiler: [main-----------] t+[   791,0ms][ui]     MARK: CameraUi - (207,201ms) CameraFrameLayoutStub.inflate()
04-13 15:48:50.364  2833  2833 I CAM_Profiler: [main-----------] t+[   793,0ms][ui]   STOP: CameraUi - (208,471ms) 
04-13 15:48:50.365  2833  2833 W View    : requestLayout() improperly called by android.widget.FrameLayout{3fd08e2 V.E...... ......I. 0,0-1080,1920 #7f0c0126 app:id/viewfinder_frame} during second layout pass: posting in next frame
04-13 15:48:50.367  2833  2833 E CAM_BottomBar: Capture layout helper needs to be set first.
04-13 15:48:50.367  2833  2833 E CAM_ModeOptionsOverlay: Capture layout helper needs to be set first.
04-13 15:48:50.370  2833  2833 E CAM_StickyBotCapLayout: Capture layout helper needs to be set first.
04-13 15:48:50.377  2833  2833 I CAM_FocusRingView: Computing center via view bounds.
04-13 15:48:50.387   217  2890 I mm-camera-sensor: module_sensor_stream_on:1042 SENSOR_SET_RESOLUTION 3264*2448 mask 42
04-13 15:48:50.387   217  2890 I mm-camera-sensor: sensor_set_resolution:1370 width 3264, height 2448
04-13 15:48:50.387   217  2890 I mm-camera-sensor: sensor_set_resolution:1372 stream mask 42 hfr mode 0 fps 30.000000
04-13 15:48:50.387   217  2890 I mm-camera-sensor: sensor_set_resolution:1381 cur res 8 new res 0
04-13 15:48:50.394   217  2890 I mm-camera: port_isp_module_event: E, identity = 0x10002, IFACE_SET_STREAM_CONFIG
04-13 15:48:50.394   217  2890 I mm-camera: isp_sink_port_stream_config: E, session_id = 1, stream_id = 2, stream_type = 1
04-13 15:48:50.394   217  2890 I mm-camera: isp_sink_port_stream_config: session_id = 1, stream_id = 2, is_split = 0
04-13 15:48:50.394   217  2890 I mm-camera: isp_sink_port_stream_config: old vfe_id_mask = 0x0, new vfe_id_mask = 0x1
04-13 15:48:50.395   217  2890 I mm-camera: port_isp_module_event: E, identity = 0x10003, IFACE_SET_STREAM_CONFIG
04-13 15:48:50.395   217  2890 I mm-camera: isp_sink_port_stream_config: E, session_id = 1, stream_id = 3, stream_type = 6
04-13 15:48:50.395   217  2890 I mm-camera: isp_sink_port_stream_config: session_id = 1, stream_id = 3, is_split = 0
04-13 15:48:50.395   217  2890 I mm-camera: isp_sink_port_stream_config: old vfe_id_mask = 0x1, new vfe_id_mask = 0x1
04-13 15:48:50.395   217  2890 I mm-camera-sensor: eeprom_autofocus_calibration:74 Region 0: code_per_step: 8 initial_code: 135  inf_pos: 7
04-13 15:48:50.396  2833  2954 I OMXClient: Using client-side OMX mux.
04-13 15:48:50.396   217  2890 I mm-camera: port_isp_mct_ctrl_cmd: E, identity = 0x10003, STREAMON
04-13 15:48:50.396   217  2890 I mm-camera: cpp_module_handle_streamon_event:2064, identity=0x10003, stream-on done
04-13 15:48:50.396   217  2890 I mm-camera: isp_streamon: E, session_id = 1, stream_id = 3, stream_type = 6
04-13 15:48:50.402   217  2957 I mm-camera: isp_fmt_to_pix_pattern: format 30
04-13 15:48:50.402   217  2957 I mm-camera: isp_fmt_to_pix_pattern: format 30
04-13 15:48:50.403   217  2956 I mm-camera: isp_fmt_to_pix_pattern: format 30
04-13 15:48:50.403   217  2956 I mm-camera: isp_fmt_to_pix_pattern: format 30
04-13 15:48:50.403   217  2956 I mm-camera: wb_set_params: param_id is not supported in this module
04-13 15:48:50.403   217  2956 I mm-camera: isp_fmt_to_pix_pattern: format 30
04-13 15:48:50.404  2833  2833 I CAM_MemoryManager: State updated. Free Memory: 523000000
04-13 15:48:50.405  2833  2833 I CAM_MemoryManager: State updated. Free Memory: 523000000
04-13 15:48:50.405   217  2956 I mm-camera: stats_action_buf_config: cfg = 1, stats_mask = 0x5b8
04-13 15:48:50.405  2833  2833 I CAM_MemoryManager: State updated. Free Memory: 523000000
04-13 15:48:50.405  2833  2833 I CAM_MemoryManager: State updated. Free Memory: 523000000
04-13 15:48:50.405  2833  2833 I CAM_MemoryManager: State updated. Free Memory: 523000000
04-13 15:48:50.406   217  2956 I mm-camera: stats_action: stats mask = 0x5b8
04-13 15:48:50.412   217  2890 I mm-camera: ispif_streamon: session_id = 1, active_streams = 1
04-13 15:48:50.413   217  2890 I mm-camera-sensor: module_sensor_stream_on:1028 ide 10003 SENSOR_START_STREAM
04-13 15:48:50.414   217  2890 I mm-camera: mct_pipeline_process_set: Stream on/off returned
04-13 15:48:50.414   203  2894 D QCamera3HWI: int qcamera::QCamera3HardwareInterface::processCaptureRequest(camera3_capture_request_t*): Start Regular Channel mask=2
04-13 15:48:50.415   217  2890 I mm-camera: mct_pipeline_process_set:command=8000008
04-13 15:48:50.415   217  2890 I mm-camera: mct_pipeline_process_set: stream_type = 1, streamid 2
04-13 15:48:50.415   217  2890 I mm-camera-sensor: module_sensor_module_process_event:2102 ide 10002 MCT_EVENT_CONTROL_STREAMON
04-13 15:48:50.415   217  2890 I mm-camera-sensor: module_sensor_stream_on:828 ide 10002 SENSOR_START_STREAM
04-13 15:48:50.415   217  2890 I mm-camera: port_isp_mct_ctrl_cmd: E, identity = 0x10002, STREAMON
04-13 15:48:50.415   217  2890 D mm-camera: module_faceproc_port_event_func:767] FD_STREAMON 0 id 10002
04-13 15:48:50.415   217  2890 D mm-camera: module_faceproc_reset_active_stream 509:] active stream idx 0, 10002, 0x0
04-13 15:48:50.415   217  2890 D mm-camera: module_faceproc_reset_active_stream 545:] Current active stream idx is 0, 10002
04-13 15:48:50.415   217  2890 D mm-camera-img: faceproc_comp_cfg_debug:247] FaceProc cfg max_face_size 500
04-13 15:48:50.415   217  2890 D mm-camera-img: faceproc_comp_cfg_debug:250] FaceProc cfg max_num_face_to_detect 5
04-13 15:48:50.415   217  2890 D mm-camera-img: faceproc_comp_cfg_debug:253] FaceProc cfg min_face_size 50
04-13 15:48:50.415   217  2890 D mm-camera-img: faceproc_comp_eng_config:1466] ###min_face_size 90
04-13 15:48:50.415   217  2890 E mm-camera-img: Face Album FILE EXISTS
04-13 15:48:50.417   217  2890 I mm-camera: cpp_module_handle_streamon_event:2064, identity=0x10002, stream-on done
04-13 15:48:50.417   217  2890 I mm-camera: isp_streamon: E, session_id = 1, stream_id = 2, stream_type = 1
04-13 15:48:50.421   217  2957 I mm-camera: wb_set_params: param_id is not supported in this module
04-13 15:48:50.421   217  2957 I mm-camera: wb_set_params: param_id is not supported in this module
04-13 15:48:50.421   217  2957 I mm-camera: wb_set_params: param_id is not supported in this module
04-13 15:48:50.421   217  2890 D mm-camera: module_faceproc_port_event_func:966] MCT_EVENT_MODULE_ISP_OUTPUT_DIM stream info 1280x960 identity 10002
04-13 15:48:50.421   217  2890 D mm-camera: module_faceproc_reset_active_stream 545:] Current active stream idx is 0, 10002
04-13 15:48:50.424  2833  2954 E OMXMaster: A component of name 'OMX.qcom.audio.decoder.aac' already exists, ignoring this one.
04-13 15:48:50.489  2833  2968 I OMXClient: Using client-side OMX mux.
04-13 15:48:50.510  2833  2968 E OMXMaster: A component of name 'OMX.qcom.audio.decoder.aac' already exists, ignoring this one.
04-13 15:48:50.517   217  2890 I mm-camera: ispif_streamon: session_id = 1, active_streams = 2
04-13 15:48:50.517   217  2890 I mm-camera: mct_pipeline_process_set: Stream on/off returned
04-13 15:48:50.519   203  2894 D mm-camera-intf: mm_stream_qbuf: Starting poll on stream 0xb28618b4 type :1
04-13 15:48:50.519   203  2894 D mm-camera-intf: mm_stream_qbuf: Started poll on stream 0xb28618b4 type :1
04-13 15:48:50.522   217  2890 I mm-camera: port_isp_mct_ctrl_cmd: E, identity = 0x10002, UPDATE_BUF_INFO
04-13 15:48:50.522   217  2890 E mm-camera: cpp_module_process_downstream_event:1067, Update buf queue: APPEND
04-13 15:48:50.522   217  2890 E mm-camera: port_isp_mct_ctrl_cmd: error in isp_update_buf_info, identity = 0x10002
04-13 15:48:50.522   217  2890 I mm-camera: port_isp_mct_ctrl_cmd: X, identity = 0x10002, UPDATE_BUF_INFO, ret = -1
04-13 15:48:50.522   217  2890 E mm-camera: port_ispif_proc_mct_ctrl_cmd: forward_event error
04-13 15:48:50.522   217  2890 E mm-camera-sensor: port_sensor_port_process_event:1520 failed
04-13 15:48:50.522   217  2890 E mm-camera-sensor: module_sensor_module_process_event:2335 failed
04-13 15:48:50.526   217  2890 I mm-camera: port_isp_mct_ctrl_cmd: E, identity = 0x10002, UPDATE_BUF_INFO
04-13 15:48:50.526   217  2890 E mm-camera: cpp_module_process_downstream_event:1067, Update buf queue: APPEND
04-13 15:48:50.526   217  2890 E mm-camera: port_isp_mct_ctrl_cmd: error in isp_update_buf_info, identity = 0x10002
04-13 15:48:50.526   217  2890 I mm-camera: port_isp_mct_ctrl_cmd: X, identity = 0x10002, UPDATE_BUF_INFO, ret = -1
04-13 15:48:50.526   217  2890 E mm-camera: port_ispif_proc_mct_ctrl_cmd: forward_event error
04-13 15:48:50.526   217  2890 E mm-camera-sensor: port_sensor_port_process_event:1520 failed
04-13 15:48:50.526   217  2890 E mm-camera-sensor: module_sensor_module_process_event:2335 failed
04-13 15:48:50.529   217  2890 I mm-camera: port_isp_mct_ctrl_cmd: E, identity = 0x10002, UPDATE_BUF_INFO
04-13 15:48:50.529   217  2890 E mm-camera: cpp_module_process_downstream_event:1067, Update buf queue: APPEND
04-13 15:48:50.529   217  2890 E mm-camera: port_isp_mct_ctrl_cmd: error in isp_update_buf_info, identity = 0x10002
04-13 15:48:50.529   217  2890 I mm-camera: port_isp_mct_ctrl_cmd: X, identity = 0x10002, UPDATE_BUF_INFO, ret = -1
04-13 15:48:50.529   217  2890 E mm-camera: port_ispif_proc_mct_ctrl_cmd: forward_event error
04-13 15:48:50.529   217  2890 E mm-camera-sensor: port_sensor_port_process_event:1520 failed
04-13 15:48:50.529   217  2890 E mm-camera-sensor: module_sensor_module_process_event:2335 failed
04-13 15:48:50.533   217  2890 I mm-camera: port_isp_mct_ctrl_cmd: E, identity = 0x10002, UPDATE_BUF_INFO
04-13 15:48:50.533   217  2890 E mm-camera: cpp_module_process_downstream_event:1067, Update buf queue: APPEND
04-13 15:48:50.533   217  2890 E mm-camera: port_isp_mct_ctrl_cmd: error in isp_update_buf_info, identity = 0x10002
04-13 15:48:50.533   217  2890 I mm-camera: port_isp_mct_ctrl_cmd: X, identity = 0x10002, UPDATE_BUF_INFO, ret = -1
04-13 15:48:50.533   217  2890 E mm-camera: port_ispif_proc_mct_ctrl_cmd: forward_event error
04-13 15:48:50.533   217  2890 E mm-camera-sensor: port_sensor_port_process_event:1520 failed
04-13 15:48:50.533   217  2890 E mm-camera-sensor: module_sensor_module_process_event:2335 failed
04-13 15:48:50.589  2833  2976 I OMXClient: Using client-side OMX mux.
04-13 15:48:50.605  2833  2976 E OMXMaster: A component of name 'OMX.qcom.audio.decoder.aac' already exists, ignoring this one.
04-13 15:48:50.663  2833  2918 I CAM_Instrumentation: CameraCaptureSession: First capture request sent to first capture result received: 541ms
04-13 15:48:50.663  2833  2918 I CAM_Instrumentation: CameraActivity: OnCreate to first preview frame received: 1095ms
04-13 15:48:50.663  2833  2918 I CAM_Instrumentation: CameraActivity: OnResume End to first preview frame received: 4479035ms
04-13 15:48:50.663   217  2890 I mm-camera: port_isp_mct_ctrl_cmd: E, identity = 0x10002, UPDATE_BUF_INFO
04-13 15:48:50.663   217  2890 E mm-camera: cpp_module_process_downstream_event:1067, Update buf queue: APPEND
04-13 15:48:50.663   217  2890 E mm-camera: port_isp_mct_ctrl_cmd: error in isp_update_buf_info, identity = 0x10002
04-13 15:48:50.663   217  2890 I mm-camera: port_isp_mct_ctrl_cmd: X, identity = 0x10002, UPDATE_BUF_INFO, ret = -1
04-13 15:48:50.663   217  2890 E mm-camera: port_ispif_proc_mct_ctrl_cmd: forward_event error
04-13 15:48:50.663   217  2890 E mm-camera-sensor: port_sensor_port_process_event:1520 failed
04-13 15:48:50.663   217  2890 E mm-camera-sensor: module_sensor_module_process_event:2335 failed
04-13 15:48:50.664  2833  2874 I CAM_Capture1CC: OneCamera started!
04-13 15:48:50.664  2833  2874 I CAM_Instrumentation: OneCameraSession: OneCamera Started duration: 745ms
04-13 15:48:50.664  2833  2874 I CAM_Profiler: [ExecutorsModule-1] t+[  1092,0ms]       MARK: CAM_Capture1CC - (743,064ms) DONE: OneCamera.start()
04-13 15:48:50.665  2833  2833 I CAM_GoogleCameraInit: Future@a26f056: DONE: CaptureModuleStartupTask
04-13 15:48:50.696  2833  2918 I CAM_Instrumentation: CameraCaptureSession: first capture result received to second capture result received: 33ms
04-13 15:48:50.704  2833  2979 I OMXClient: Using client-side OMX mux.
04-13 15:48:50.705   217  2890 I mm-camera: port_isp_mct_ctrl_cmd: E, identity = 0x10002, UPDATE_BUF_INFO
04-13 15:48:50.705   217  2890 E mm-camera: cpp_module_process_downstream_event:1067, Update buf queue: APPEND
04-13 15:48:50.705   217  2890 E mm-camera: port_isp_mct_ctrl_cmd: error in isp_update_buf_info, identity = 0x10002
04-13 15:48:50.705   217  2890 I mm-camera: port_isp_mct_ctrl_cmd: X, identity = 0x10002, UPDATE_BUF_INFO, ret = -1
04-13 15:48:50.705   217  2890 E mm-camera: port_ispif_proc_mct_ctrl_cmd: forward_event error
04-13 15:48:50.705   217  2890 E mm-camera-sensor: port_sensor_port_process_event:1520 failed
04-13 15:48:50.705   217  2890 E mm-camera-sensor: module_sensor_module_process_event:2335 failed
04-13 15:48:50.734  2833  2979 E OMXMaster: A component of name 'OMX.qcom.audio.decoder.aac' already exists, ignoring this one.
04-13 15:48:50.741  2833  2833 I CAM_Profiler: [main-----------] t+[  1170,0ms][ui]       MARK: CameraActivityController.initialize - ( 51,416ms) Glide.setup
04-13 15:48:50.774  2833  2833 I CAM_Profiler: [main-----------] t+[  1202,0ms][ui]       MARK: CameraActivityController.initialize - ( 31,125ms) ModeListView.init
04-13 15:48:50.812  2833  2982 I OMXClient: Using client-side OMX mux.
04-13 15:48:50.817  2833  2833 I CAM_Profiler: [main-----------] t+[  1245,0ms][ui]       MARK: CameraActivityController.initialize - ( 23,768ms) setup filmstrip listeners and data adapters
04-13 15:48:50.843  2833  2905 W CAM2PORT_AndCamAgntImp: Releasing camera without any camera opened.
04-13 15:48:50.844  2833  2833 I CAM_SimpleModuleAgent: Creating module: PhotoModule
04-13 15:48:50.846  2833  2982 E OMXMaster: A component of name 'OMX.qcom.audio.decoder.aac' already exists, ignoring this one.
04-13 15:48:50.855  2833  2833 I CAM_Instrumentation: ModeSwitch: Mode Switch duration: 0ms
04-13 15:48:50.856  2833  2833 I CAM_Profiler: [main-----------] t+[  1285,0ms][ui]       MARK: CameraActivityController.initialize - ( 39,488ms) resetStartupSettings and setModuleFromModeIndex
04-13 15:48:50.866  2833  2833 W CAM_Log : Tag AccessibilityController is 4 chars longer than limit.
04-13 15:48:50.895  2833  2993 I OMXClient: Using client-side OMX mux.
04-13 15:48:50.896  2833  2993 E OMXMaster: A component of name 'OMX.qcom.audio.decoder.aac' already exists, ignoring this one.
04-13 15:48:50.906  2833  2833 I CAM_Profiler: [main-----------] t+[  1334,0ms][ui]       MARK: CameraActivityController.initialize - ( 30,390ms) Init advice and NFC
04-13 15:48:50.916  2833  2833 I CAM_Profiler: [main-----------] t+[  1344,0ms][ui]     STOP: CameraActivityController.initialize - (232,845ms) 
04-13 15:48:50.924  2833  2833 I CAM_Profiler: [main-----------] t+[  1352,0ms][ui]     MARK: CAM_ActCtrlInit - (241,217ms) CameraActivityController.initialize()
04-13 15:48:50.925  2833  2833 I CAM_2RsmeActvtyFltr: START onResume: Activity = com.android.camera.util.activity.DoubleOnResumeActivityFilter@b4af890
04-13 15:48:50.943  2833  2833 I CAM_CptModuleCfgBldr: Selected configuration for camera (CameraId{Api2='0',Api1:0}): ActiveModuleConfig{cameraId=CameraId{Api2='0',Api1:0}, cameraFacing=BACK, aspectRatio=AspectRatio[4:3], captureResolution=3264x2448, viewfinderConfig=ViewfinderConfig{cameraFacing=BACK, viewfinderAspectRatio=AspectRatio[4:3], viewfinderResolution=1280x960}}
04-13 15:48:50.952  2833  2833 E CAM_TexViewHelper: Invalid preview size: 0.0 x 0.0
04-13 15:48:50.958  2833  2876 I CAM_CaptureModule: Executing: createAndStartOneCameraAsync
04-13 15:48:50.958  2833  2876 I CAM_Capture1CC: Camera with the same configuration is already open, returning it.
04-13 15:48:50.970  1799  1799 D WearableService: callingUid 10007, callindPid: 1799
04-13 15:48:50.970  2833  2833 W CAM_Log : Tag BurstA11yButtonController is 6 chars longer than limit.
04-13 15:48:51.053  2833  2833 I CAM_Profiler: [main-----------] t+[  1481,0ms][ui]         MARK: CaptureModule.resume - ( 80,163ms) mHeadingSensor.activate()
04-13 15:48:51.053  2833  2833 I CAM_Profiler: [main-----------] t+[  1481,0ms][ui]       STOP: CaptureModule.resume - (117,319ms) 
04-13 15:48:51.056  2833  2833 I CAM_Profiler: [main-----------] t+[  1484,0ms][ui]       MARK: CameraActivityController.resume - (122,162ms) mCurrentModule.resume
04-13 15:48:51.067  2833  2833 I CAM_Profiler: [main-----------] t+[  1495,0ms][ui]     STOP: CameraActivityController.resume - (139,153ms) 
04-13 15:48:51.067  2833  2833 I CAM_2RsmeActvtyFltr: END onResume: Activity = com.android.camera.util.activity.DoubleOnResumeActivityFilter@b4af890
04-13 15:48:51.067  2833  2833 I CAM_Profiler: [main-----------] t+[  1495,0ms][ui]     MARK: CAM_ActCtrlInit - (142,714ms) ActivityLifecycle.addObserver(qa)
04-13 15:48:51.067  2833  2833 I CAM_Profiler: [main-----------] t+[  1496,0ms][ui]   STOP: CAM_ActCtrlInit - (385,399ms) 
04-13 15:48:51.117  2833  2833 I CAM_FocusRingView: Computing center via preview size.
04-13 15:48:51.117  2833  2833 I CAM_CaptureModule: OneCamera started!
04-13 15:48:51.117  2833  2833 I CAM_CaptureModule: OneCamera started, updating UI!
04-13 15:48:51.117  2833  2833 I CAM_CaptureModule: OneCamera created, preparing to start OneCamera
04-13 15:48:51.118  2833  2833 D CameraPerformanceTracker: First preview frame received
04-13 15:48:51.150  2833  2833 I CAM_FocusRingView: Computing center via preview size.
04-13 15:48:51.163  2833  2833 I CAM_FocusRingView: Computing center via preview size.
04-13 15:48:52.097   779   874 I ActivityManager: START u0 {act=android.intent.action.MAIN cat=[android.intent.category.HOME] flg=0x10200000 cmp=com.google.android.googlequicksearchbox/com.google.android.launcher.GEL (has extras)} from uid 1000 on display 0
04-13 15:48:52.103  2833  2833 I CAM_FocusRingView: Computing center via preview size.
04-13 15:48:52.103   203   811 D audio_hw_primary: out_set_parameters: enter: usecase(1: low-latency-playback) kvpairs: routing=2
04-13 15:48:52.132  2833  2833 I CAM_2RsmeActvtyFltr: START onPause: Activity = com.android.camera.util.activity.DoubleOnResumeActivityFilter@b4af890
04-13 15:48:52.154  1340  1340 I GEL     : handleIntent(Intent { act=android.intent.action.MAIN cat=[android.intent.category.HOME] flg=0x10600000 cmp=com.google.android.googlequicksearchbox/com.google.android.launcher.GEL (has extras) })
04-13 15:48:52.170  2833  2990 W CAM_PhotoDataFact: Zero dimension in ContentResolver for /storage/emulated/0/DCIM/Camera/IMG_20150917_230355.jpg: 0x0
04-13 15:48:52.226  2833  2990 W CAM_PhotoDataFact: Zero dimension in ContentResolver for /storage/emulated/0/DCIM/Camera/IMG_20150912_162213.jpg: 0x0
04-13 15:48:52.239  2833  2833 I CAM_ViewfinderSV0: Stop and remove viewfinder.
04-13 15:48:52.245  2833  2833 I CAM_Profiler: [main-----------] t+[  2673,0ms][ui]       STOP: CaptureModule.closeCamera() - ( 26,183ms) 
04-13 15:48:52.246  2833  2833 I CAM_Profiler: [main-----------] t+[  2674,0ms][ui]       MARK: CameraActivityController.onPause - (113,184ms) CurrentModule.pause()
04-13 15:48:52.247  2833  2833 I CAM_ViewfinderSV0: Stop and remove viewfinder.
04-13 15:48:52.250  2833  2905 W CAM2PORT_AndCamAgntImp: Releasing camera without any camera opened.
04-13 15:48:52.280  1573  1573 I MicroDetectionWorker: Micro detection mode: [mDetectionMode: [1]].
04-13 15:48:52.300  1573  3032 I MicroRecognitionRunner: Starting detection.
04-13 15:48:52.300  2833  2833 I CAM_Profiler: [main-----------] t+[  2728,0ms][ui]       MARK: CameraActivityController.onPause - ( 50,084ms) CameraController.closeCamera
04-13 15:48:52.301  1573  3033 I MicrophoneInputStream: mic_starting com.google.android.apps.gsa.speech.audio.ae@61b7780
04-13 15:48:52.303   203  3035 I AudioFlinger: AudioFlinger's thread 0xb2a40000 ready to run
04-13 15:48:52.304  2833  2833 I CAM_Profiler: [main-----------] t+[  2731,0ms][ui]     STOP: CameraActivityController.onPause - (170,617ms) 
04-13 15:48:52.305  2833  2833 I CAM_2RsmeActvtyFltr: END onPause: Activity = com.android.camera.util.activity.DoubleOnResumeActivityFilter@b4af890
04-13 15:48:52.306  2833  2833 I CAM_Profiler: [main-----------] t+[  2734,0ms][ui]   STOP: CameraActivity.onPause - (175,921ms) 
04-13 15:48:52.306  1573  3033 I MicrophoneInputStream: mic_started com.google.android.apps.gsa.speech.audio.ae@61b7780
04-13 15:48:52.316   203  3035 D audio_hw_primary: select_devices: out_snd_device(0: none) in_snd_device(61: voice-rec-mic)
04-13 15:48:52.316   203  3035 D msm8974_platform: platform_send_audio_calibration: sending audio calibration for snd_device(61) acdb_id(62)
04-13 15:48:52.316   203  3035 D         : Failed to fetch the lookup information of the device 0000003E 
04-13 15:48:52.316   203  3035 E ACDB-LOADER: Error: ACDB AudProc vol returned = -19
04-13 15:48:52.316   203  3035 D audio_hw_primary: enable_snd_device: snd_device(61: voice-rec-mic)
04-13 15:48:52.320   203  3035 D audio_hw_primary: enable_audio_route: apply and update mixer path: audio-record
04-13 15:48:52.330  1573  1584 W LocationOracle: Best location was null
04-13 15:48:52.333  2833  2833 I CAM_ActivityLayout: paused, skipping updateCurrentLayout
04-13 15:48:52.399  1573  1573 I MicroDetectionWorker: onReady
04-13 15:48:52.401   203  2921 D mm-camera-intf: mm_stream_read_msm_frame: Stoping poll on stream 0xb28618b4 type :1
04-13 15:48:52.401   203  2921 D mm-camera-intf: mm_stream_read_msm_frame: Stopped poll on stream 0xb28618b4 type :1
04-13 15:48:52.416  1340  1351 I art     : Background sticky concurrent mark sweep GC freed 41436(2MB) AllocSpace objects, 127(2MB) LOS objects, 13% free, 37MB/43MB, paused 12.387ms total 65.224ms
04-13 15:48:52.423  1443  2339 I Icing   : Usage reports 2 indexed 0 rejected 0 imm upload true
04-13 15:48:52.441  2833  2990 W CAM_VideoDataFact: Zero dimension in ContentResolver for /storage/emulated/0/DCIM/Camera/VID_20160216_210648.mp4: 0x0, defaulting to high quality CamcorderProfile dimensions as a fallback.
04-13 15:48:52.457   203  2904 D QCamera3PostProc: static void* qcamera::QCamera3PostProcessor::dataProcessRoutine(void*): stop data proc
04-13 15:48:52.457   203  2933 D QCamera3Stream: static void* qcamera::QCamera3Stream::dataProcRoutine(void*): Exit
04-13 15:48:52.457   203   891 E mm-camera-intf: mm_camera_poll_thread_del_poll_fd: invalid handler 6144 (0)
04-13 15:48:52.457   217  2890 I mm-camera: mct_pipeline_process_set:command=8000009
04-13 15:48:52.457   217  2890 I mm-camera: mct_pipeline_process_set: stream_type = 6, streamid 3
04-13 15:48:52.457   217  2890 I mm-camera-sensor: module_sensor_module_process_event:2129 ide 10003 MCT_EVENT_CONTROL_STREAMOFF
04-13 15:48:52.457   217  2890 I mm-camera: port_isp_mct_ctrl_cmd: E, identity = 0x10003, STREAMOFF
04-13 15:48:52.457   217  2890 I mm-camera: cpp_module_handle_streamoff_event:2146, info: doing stream-off for identity 0x10003
04-13 15:48:52.457   217  2890 I mm-camera: cpp_module_handle_streamoff_event:2220, info: stream-off done for identity 0x10003
04-13 15:48:52.457   217  2890 I mm-camera: isp_streamoff: E, session_id = 1, stream_id = 3, stream_type = 6
04-13 15:48:52.501   217  2890 I mm-camera: ispif_streamoff: session_id = 1, active_streams = 1
04-13 15:48:52.501   217  2890 I mm-camera: mct_pipeline_process_set: Stream on/off returned
04-13 15:48:52.508   203  2958 D QCamera3Stream: static void* qcamera::QCamera3Stream::dataProcRoutine(void*): Exit
04-13 15:48:52.508   203   891 E mm-camera-intf: mm_camera_poll_thread_del_poll_fd: invalid handler 5632 (0)
04-13 15:48:52.508   217  2890 I mm-camera: mct_pipeline_process_set:command=8000009
04-13 15:48:52.508   217  2890 I mm-camera: mct_pipeline_process_set: stream_type = 1, streamid 2
04-13 15:48:52.508   217  2890 I mm-camera-sensor: module_sensor_module_process_event:2129 ide 10002 MCT_EVENT_CONTROL_STREAMOFF
04-13 15:48:52.508   217  2890 I mm-camera: port_isp_mct_ctrl_cmd: E, identity = 0x10002, STREAMOFF
04-13 15:48:52.508   217  2890 I mm-camera: cpp_module_handle_streamoff_event:2146, info: doing stream-off for identity 0x10002
04-13 15:48:52.508   217  2890 D mm-camera: module_faceproc_port_event_func:795] FD_STREAMOFF 1 10002
04-13 15:48:52.508   217  2890 D mm-camera: module_faceproc_reset_active_stream 547: No active stream
04-13 15:48:52.508   217  2890 D mm-camera-img: faceproc_comp_abort:608] state 2
04-13 15:48:52.509   217  2890 D mm-camera-img: Free Wmemory 0
04-13 15:48:52.509   217  2890 D mm-camera-img: faceproc_comp_abort:635] X
04-13 15:48:52.511   217  2890 I mm-camera: cpp_module_handle_streamoff_event:2220, info: stream-off done for identity 0x10002
04-13 15:48:52.511   217  2890 I mm-camera: isp_streamoff: E, session_id = 1, stream_id = 2, stream_type = 1
04-13 15:48:52.565   217  2956 I mm-camera: stats_action_buf_config: cfg = 0, stats_mask = 0x5b8
04-13 15:48:52.568   217  2956 I mm-camera: isp_pipeline_util_reset: module id = 0, action = 0xb6ee2cd5
04-13 15:48:52.568   217  2956 I mm-camera: isp_pipeline_util_reset: module id = 1, action = 0xb6ee7bb5
04-13 15:48:52.568   217  2956 I mm-camera: isp_pipeline_util_reset: module id = 2, action = 0xb6eddff1
04-13 15:48:52.568   217  2956 I mm-camera: isp_pipeline_util_reset: module id = 3, action = 0xb6edd5c1
04-13 15:48:52.568   217  2956 I mm-camera: isp_pipeline_util_reset: module id = 4, action = 0xb6ed5899
04-13 15:48:52.568   217  2956 I mm-camera: isp_pipeline_util_reset: module id = 5, action = 0xb6ed25dd
04-13 15:48:52.568   217  2956 I mm-camera: isp_pipeline_util_reset: module id = 7, action = 0xb6ed6de9
04-13 15:48:52.568   217  2956 I mm-camera: isp_pipeline_util_reset: module id = 8, action = 0xb6edc479
04-13 15:48:52.568   217  2956 I mm-camera: isp_pipeline_util_reset: module id = 10, action = 0xb6ed8245
04-13 15:48:52.568   217  2956 I mm-camera: isp_pipeline_util_reset: module id = 11, action = 0xb6ee4af1
