04-13 15:41:15.461   779   885 D ConnectivityService: setProvNotificationVisibleIntent SIGN_IN visible=true networkType=WIFI extraInfo="IM-dti.desa" highPriority=false
04-13 15:41:15.464   779   883 E WifiConfigStore:  rewrite network history for "IM-dti.desa"WPA_EAP
04-13 15:41:17.655  8625  8625 I chromium: [INFO:CONSOLE(26)] "No Content-Security-Policy meta tag found. Please add one when using the cordova-plugin-whitelist plugin.", source: file:///android_asset/www/plugins/cordova-plugin-whitelist/whitelist.js (26)
04-13 15:41:24.105  1040  1040 I wpa_supplicant: wlan0: CTRL-EVENT-EAP-STARTED EAP authentication started
04-13 15:41:24.108  1040  1040 I wpa_supplicant: wlan0: CTRL-EVENT-EAP-PROPOSED-METHOD vendor=0 method=21
04-13 15:41:24.108  1040  1040 I wpa_supplicant: wlan0: CTRL-EVENT-EAP-METHOD EAP vendor 0 method 21 (TTLS) selected
04-13 15:41:24.121  1040  1040 I wpa_supplicant: wlan0: CTRL-EVENT-EAP-PEER-CERT depth=1 subject='/C=GB/ST=Greater Manchester/L=Salford/O=Comodo CA Limited/CN=PositiveSSL CA' hash=e8eb600f62046e372db8180ba38fd9f23f83a8690b910ad18458b2255c8d8c52
04-13 15:41:24.128  1040  1040 I wpa_supplicant: wlan0: CTRL-EVENT-EAP-PEER-CERT depth=0 subject='/OU=Domain Control Validated/OU=PositiveSSL/CN=auth-cert.fortinet.com' hash=0bdf0799dbd73e9e7436589fc335ddcad34255d04fbe0a2cea7a4e804ff5c0c6
04-13 15:41:24.132  1040  1040 I wpa_supplicant: wlan0: CTRL-EVENT-EAP-PEER-ALT depth=0 DNS:auth-cert.fortinet.com
04-13 15:41:24.132  1040  1040 I wpa_supplicant: wlan0: CTRL-EVENT-EAP-PEER-ALT depth=0 DNS:www.auth-cert.fortinet.com
04-13 15:41:26.314   779  9961 D NetlinkSocketObserver: NeighborEvent{elapsedMs=4034686, 10.191.9.1, [00000C07AC35], RTM_NEWNEIGH, NUD_STALE}
04-13 15:41:27.279  1040  1040 I wpa_supplicant: wlan0: CTRL-EVENT-EAP-SUCCESS EAP authentication completed successfully
04-13 15:41:27.297  1040  1040 I wpa_supplicant: wlan0: WPA: Key negotiation completed with 12:09:0f:95:79:c9 [PTK=CCMP GTK=CCMP]
04-13 15:41:27.298   779   883 D IpReachabilityMonitor: probing ip=10.191.9.1%21
04-13 15:41:27.661  8625  8625 I chromium: [INFO:CONSOLE(26)] "No Content-Security-Policy meta tag found. Please add one when using the cordova-plugin-whitelist plugin.", source: file:///android_asset/www/plugins/cordova-plugin-whitelist/whitelist.js (26)
04-13 15:41:37.655  8625  8625 I chromium: [INFO:CONSOLE(26)] "No Content-Security-Policy meta tag found. Please add one when using the cordova-plugin-whitelist plugin.", source: file:///android_asset/www/plugins/cordova-plugin-whitelist/whitelist.js (26)
04-13 15:41:37.694   779  9961 D NetlinkSocketObserver: NeighborEvent{elapsedMs=4046066, 10.191.9.1, [00000C07AC35], RTM_NEWNEIGH, NUD_STALE}
04-13 15:41:47.655  8625  8625 I chromium: [INFO:CONSOLE(26)] "No Content-Security-Policy meta tag found. Please add one when using the cordova-plugin-whitelist plugin.", source: file:///android_asset/www/plugins/cordova-plugin-whitelist/whitelist.js (26)
04-13 15:41:57.655  8625  8625 I chromium: [INFO:CONSOLE(26)] "No Content-Security-Policy meta tag found. Please add one when using the cordova-plugin-whitelist plugin.", source: file:///android_asset/www/plugins/cordova-plugin-whitelist/whitelist.js (26)
04-13 15:42:07.686  8625  8625 I chromium: [INFO:CONSOLE(26)] "No Content-Security-Policy meta tag found. Please add one when using the cordova-plugin-whitelist plugin.", source: file:///android_asset/www/plugins/cordova-plugin-whitelist/whitelist.js (26)
04-13 15:42:17.655  8625  8625 I chromium: [INFO:CONSOLE(26)] "No Content-Security-Policy meta tag found. Please add one when using the cordova-plugin-whitelist plugin.", source: file:///android_asset/www/plugins/cordova-plugin-whitelist/whitelist.js (26)
04-13 15:42:27.655  8625  8625 I chromium: [INFO:CONSOLE(26)] "No Content-Security-Policy meta tag found. Please add one when using the cordova-plugin-whitelist plugin.", source: file:///android_asset/www/plugins/cordova-plugin-whitelist/whitelist.js (26)
04-13 15:42:37.729  8625  8625 I chromium: [INFO:CONSOLE(26)] "No Content-Security-Policy meta tag found. Please add one when using the cordova-plugin-whitelist plugin.", source: file:///android_asset/www/plugins/cordova-plugin-whitelist/whitelist.js (26)
04-13 15:42:47.655  8625  8625 I chromium: [INFO:CONSOLE(26)] "No Content-Security-Policy meta tag found. Please add one when using the cordova-plugin-whitelist plugin.", source: file:///android_asset/www/plugins/cordova-plugin-whitelist/whitelist.js (26)
04-13 15:42:57.655  8625  8625 I chromium: [INFO:CONSOLE(26)] "No Content-Security-Policy meta tag found. Please add one when using the cordova-plugin-whitelist plugin.", source: file:///android_asset/www/plugins/cordova-plugin-whitelist/whitelist.js (26)
04-13 15:43:07.655  8625  8625 I chromium: [INFO:CONSOLE(26)] "No Content-Security-Policy meta tag found. Please add one when using the cordova-plugin-whitelist plugin.", source: file:///android_asset/www/plugins/cordova-plugin-whitelist/whitelist.js (26)
04-13 15:43:17.655  8625  8625 I chromium: [INFO:CONSOLE(26)] "No Content-Security-Policy meta tag found. Please add one when using the cordova-plugin-whitelist plugin.", source: file:///android_asset/www/plugins/cordova-plugin-whitelist/whitelist.js (26)
04-13 15:43:27.655  8625  8625 I chromium: [INFO:CONSOLE(26)] "No Content-Security-Policy meta tag found. Please add one when using the cordova-plugin-whitelist plugin.", source: file:///android_asset/www/plugins/cordova-plugin-whitelist/whitelist.js (26)
04-13 15:43:37.661  8625  8625 I chromium: [INFO:CONSOLE(26)] "No Content-Security-Policy meta tag found. Please add one when using the cordova-plugin-whitelist plugin.", source: file:///android_asset/www/plugins/cordova-plugin-whitelist/whitelist.js (26)
04-13 15:43:47.655  8625  8625 I chromium: [INFO:CONSOLE(26)] "No Content-Security-Policy meta tag found. Please add one when using the cordova-plugin-whitelist plugin.", source: file:///android_asset/www/plugins/cordova-plugin-whitelist/whitelist.js (26)
04-13 15:43:49.729  1799  1923 W ctxmgr  : [AclManager]checkPermissionTypeStatus: no inject permission for { uid=10007, packageName=com.google.android.gms }. Returned permission was: PACKAGE_NOT_WHITELISTED for context name=POWER_CONNECTION, account=account#-517948760#
04-13 15:43:49.730  1799  1923 W ctxmgr  : [AclManager]checkPermissionTypeStatus: no inject permission for { uid=10007, packageName=com.google.android.gms }. Returned permission was: PACKAGE_NOT_WHITELISTED for context name=POWER_CONNECTION, account=account#-517948760#
04-13 15:43:49.730  1799  1799 E ctxmgr  : [PowerConnectionProducer]Could not write powerInfo=Plug state: 2 BatteryLevel: 0.38, status=Status{statusCode=unknown status code: 7503, resolution=null}
04-13 15:43:57.615  8625  8625 I chromium: [INFO:CONSOLE(26)] "No Content-Security-Policy meta tag found. Please add one when using the cordova-plugin-whitelist plugin.", source: file:///android_asset/www/plugins/cordova-plugin-whitelist/whitelist.js (26)
04-13 15:44:07.655  8625  8625 I chromium: [INFO:CONSOLE(26)] "No Content-Security-Policy meta tag found. Please add one when using the cordova-plugin-whitelist plugin.", source: file:///android_asset/www/plugins/cordova-plugin-whitelist/whitelist.js (26)
04-13 15:44:17.621  8625  8625 I chromium: [INFO:CONSOLE(26)] "No Content-Security-Policy meta tag found. Please add one when using the cordova-plugin-whitelist plugin.", source: file:///android_asset/www/plugins/cordova-plugin-whitelist/whitelist.js (26)
04-13 15:44:27.633  8625  8625 I chromium: [INFO:CONSOLE(26)] "No Content-Security-Policy meta tag found. Please add one when using the cordova-plugin-whitelist plugin.", source: file:///android_asset/www/plugins/cordova-plugin-whitelist/whitelist.js (26)
04-13 15:44:37.724  8625  8625 I chromium: [INFO:CONSOLE(26)] "No Content-Security-Policy meta tag found. Please add one when using the cordova-plugin-whitelist plugin.", source: file:///android_asset/www/plugins/cordova-plugin-whitelist/whitelist.js (26)
04-13 15:44:47.633  8625  8625 I chromium: [INFO:CONSOLE(26)] "No Content-Security-Policy meta tag found. Please add one when using the cordova-plugin-whitelist plugin.", source: file:///android_asset/www/plugins/cordova-plugin-whitelist/whitelist.js (26)
04-13 15:44:57.639  8625  8625 I chromium: [INFO:CONSOLE(26)] "No Content-Security-Policy meta tag found. Please add one when using the cordova-plugin-whitelist plugin.", source: file:///android_asset/www/plugins/cordova-plugin-whitelist/whitelist.js (26)
04-13 15:45:07.720  8625  8625 I chromium: [INFO:CONSOLE(26)] "No Content-Security-Policy meta tag found. Please add one when using the cordova-plugin-whitelist plugin.", source: file:///android_asset/www/plugins/cordova-plugin-whitelist/whitelist.js (26)
04-13 15:45:17.649  8625  8625 I chromium: [INFO:CONSOLE(26)] "No Content-Security-Policy meta tag found. Please add one when using the cordova-plugin-whitelist plugin.", source: file:///android_asset/www/plugins/cordova-plugin-whitelist/whitelist.js (26)
04-13 15:45:27.655  8625  8625 I chromium: [INFO:CONSOLE(26)] "No Content-Security-Policy meta tag found. Please add one when using the cordova-plugin-whitelist plugin.", source: file:///android_asset/www/plugins/cordova-plugin-whitelist/whitelist.js (26)
04-13 15:45:35.961  1799 24848 I GCM     : GCM message com.whatsapp 0:1460573238315086%a3bffb5f00000031
04-13 15:45:36.071  1799  1799 I GoogleURLConnFactory: Using platform SSLCertificateSocketFactory
04-13 15:45:36.107  1799 32505 I PhenotypeConfigurator: Scheduling Phenotype every 14400 seconds, with flex of 1800 seconds
04-13 15:45:37.202   203 32548 D NuPlayerDriver: notifyListener_l(0xb6098b20), (1, 0, 0)
04-13 15:45:37.202   919 32546 D MediaPlayer: setSubtitleAnchor in MediaPlayer
04-13 15:45:37.220   779  8693 I MediaFocusControl:  AudioFocus  requestAudioFocus() from android.media.AudioManager@789b3b2 req=3flags=0x0
04-13 15:45:37.226   203   818 D NuPlayerDriver: start(0xb6098b20), state is 4, eos is 0
04-13 15:45:37.226   203 32548 I GenericSource: start
04-13 15:45:37.256   203 32553 E OMXNodeInstance: setConfig(22:google.vorbis.decoder, ConfigPriority(0x6f800002)) ERROR: Undefined(0x80001001)
04-13 15:45:37.256   203 32553 I ACodec  : codec does not support config priority (err -2147483648)
04-13 15:45:37.257   203 32553 I MediaCodec: MediaCodec will operate in async mode
04-13 15:45:37.263   203   811 D audio_hw_primary: out_set_parameters: enter: usecase(1: low-latency-playback) kvpairs: routing=2
04-13 15:45:37.264   203 32548 D NuPlayerDriver: notifyListener_l(0xb6098b20), (6, 0, 0)
04-13 15:45:37.273   203   811 D audio_hw_primary: select_devices: out_snd_device(2: speaker) in_snd_device(0: none)
04-13 15:45:37.273   203   811 D msm8974_platform: platform_send_audio_calibration: sending audio calibration for snd_device(2) acdb_id(15)
04-13 15:45:37.274   203   811 D audio_hw_primary: enable_snd_device: snd_device(2: speaker)
04-13 15:45:37.276   203   811 D audio_hw_primary: enable_audio_route: apply and update mixer path: low-latency-playback
04-13 15:45:37.560  1799 32506 I PhenotypeFlagCommitter: Experiment Configs successfully retrieved for com.google.android.gms.playlog.uploader
04-13 15:45:37.571  1799 32506 I GoogleURLConnFactory: Using platform SSLCertificateSocketFactory
04-13 15:45:37.656  8625  8625 I chromium: [INFO:CONSOLE(26)] "No Content-Security-Policy meta tag found. Please add one when using the cordova-plugin-whitelist plugin.", source: file:///android_asset/www/plugins/cordova-plugin-whitelist/whitelist.js (26)
04-13 15:45:37.774  4807  4807 I chatty  : uid=10117(com.elerts.mbta) expire 41 lines
04-13 15:45:37.785   203 32552 I NuPlayerDecoder: [audio] saw output EOS
04-13 15:45:37.790  4807 15070 I chatty  : uid=10117(com.elerts.mbta) AsyncTask #3 expire 95 lines
04-13 15:45:38.211   203 32548 D NuPlayerDriver: notifyListener_l(0xb6098b20), (2, 0, 0)
04-13 15:45:38.212   779  1339 I MediaFocusControl:  AudioFocus  abandonAudioFocus() from android.media.AudioManager@789b3b2
04-13 15:45:39.436  4807 15070 W System.err: 	at io.fabric.sdk.android.Fabric.getKit(Fabric.java:502)
04-13 15:45:39.437  4807 15070 W System.err: 	at com.crashlytics.android.Crashlytics.getInstance(Crashlytics.java:419)
04-13 15:45:39.437  4807 15070 W System.err: 	at com.elerts.elertslibrary.utils.ECLog.log(ECLog.java:40)
04-13 15:45:39.437  4807 15070 W System.err: 	at com.elerts.elertslibrary.utils.ECLog.log(ECLog.java:31)
04-13 15:45:39.437  4807 15070 W System.err: 	at com.elerts.elertslibrary.utils.ECLog.log(ECLog.java:21)
04-13 15:45:39.437  4807 15070 W System.err: 	at com.elerts.elertslibrary.db.ElertsDB.updateDelete(ElertsDB.java:192)
04-13 15:45:39.437  4807 15070 W System.err: 	at com.elerts.elertslibrary.ClientServer.ElertsAPI.sendUpdate(ElertsAPI.java:184)
04-13 15:45:39.437  4807 15070 W System.err: 	at com.elerts.elertslibrary.ECLibraryApplication$UpdateInBG.doInBackground(ECLibraryApplication.java:411)
04-13 15:45:39.437  4807 15070 W System.err: 	at com.elerts.elertslibrary.ECLibraryApplication$UpdateInBG.doInBackground(ECLibraryApplication.java:386)
04-13 15:45:39.437  4807 15070 W System.err: 	at android.os.AsyncTask$2.call(AsyncTask.java:295)
04-13 15:45:39.437  4807 15070 W System.err: 	at java.util.concurrent.FutureTask.run(FutureTask.java:237)
04-13 15:45:39.437  4807 15070 W System.err: 	at android.os.AsyncTask$SerialExecutor$1.run(AsyncTask.java:234)
04-13 15:45:39.437  4807 15070 W System.err: 	at java.util.concurrent.ThreadPoolExecutor.runWorker(ThreadPoolExecutor.java:1113)
04-13 15:45:39.437  4807 15070 W System.err: 	at java.util.concurrent.ThreadPoolExecutor$Worker.run(ThreadPoolExecutor.java:588)
04-13 15:45:39.437  4807 15070 W System.err: 	at java.lang.Thread.run(Thread.java:818)
04-13 15:45:39.437  4807 15070 E Fabric  : Crashlytics must be initialized by calling Fabric.with(Context) prior to calling Crashlytics.getInstance()
04-13 15:45:39.437  4807 15070 W System.err: java.lang.IllegalStateException: Must Initialize Fabric before using singleton()
04-13 15:45:39.437  4807 15070 W System.err: 	at io.fabric.sdk.android.Fabric.singleton(Fabric.java:254)
04-13 15:45:39.437  4807 15070 W System.err: 	at io.fabric.sdk.android.Fabric.getKit(Fabric.java:502)
04-13 15:45:39.437  4807 15070 W System.err: 	at com.crashlytics.android.Crashlytics.getInstance(Crashlytics.java:419)
04-13 15:45:39.437  4807 15070 W System.err: 	at com.elerts.elertslibrary.utils.ECLog.log(ECLog.java:40)
04-13 15:45:39.437  4807 15070 W System.err: 	at com.elerts.elertslibrary.utils.ECLog.log(ECLog.java:31)
04-13 15:45:39.437  4807 15070 W System.err: 	at com.elerts.elertslibrary.utils.ECLog.log(ECLog.java:21)
04-13 15:45:39.437  4807 15070 W System.err: 	at com.elerts.elertslibrary.db.ElertsDB.deleteImages(ElertsDB.java:208)
04-13 15:45:39.437  4807 15070 W System.err: 	at com.elerts.elertslibrary.db.ElertsDB.updateDelete(ElertsDB.java:196)
04-13 15:45:39.437  4807 15070 W System.err: 	at com.elerts.elertslibrary.ClientServer.ElertsAPI.sendUpdate(ElertsAPI.java:184)
04-13 15:45:39.437  4807 15070 W System.err: 	at com.elerts.elertslibrary.ECLibraryApplication$UpdateInBG.doInBackground(ECLibraryApplication.java:411)
04-13 15:45:39.437  4807 15070 W System.err: 	at com.elerts.elertslibrary.ECLibraryApplication$UpdateInBG.doInBackground(ECLibraryApplication.java:386)
04-13 15:45:39.437  4807 15070 W System.err: 	at android.os.AsyncTask$2.call(AsyncTask.java:295)
04-13 15:45:39.437  4807 15070 W System.err: 	at java.util.concurrent.FutureTask.run(FutureTask.java:237)
04-13 15:45:39.437  4807 15070 W System.err: 	at android.os.AsyncTask$SerialExecutor$1.run(AsyncTask.java:234)
04-13 15:45:39.437  4807 15070 W System.err: 	at java.util.concurrent.ThreadPoolExecutor.runWorker(ThreadPoolExecutor.java:1113)
04-13 15:45:39.437  4807 15070 W System.err: 	at java.util.concurrent.ThreadPoolExecutor$Worker.run(ThreadPoolExecutor.java:588)
04-13 15:45:39.437  4807 15070 W System.err: 	at java.lang.Thread.run(Thread.java:818)
04-13 15:45:39.438  4807 15070 E Fabric  : Crashlytics must be initialized by calling Fabric.with(Context) prior to calling Crashlytics.getInstance()
04-13 15:45:39.438  4807 15070 W System.err: java.lang.IllegalStateException: Must Initialize Fabric before using singleton()
04-13 15:45:39.438  4807 15070 W System.err: 	at io.fabric.sdk.android.Fabric.singleton(Fabric.java:254)
04-13 15:45:39.438  4807 15070 W System.err: 	at io.fabric.sdk.android.Fabric.getKit(Fabric.java:502)
04-13 15:45:39.438  4807 15070 W System.err: 	at com.crashlytics.android.Crashlytics.getInstance(Crashlytics.java:419)
04-13 15:45:39.438  4807 15070 W System.err: 	at com.elerts.elertslibrary.utils.ECLog.log(ECLog.java:40)
04-13 15:45:39.438  4807 15070 W System.err: 	at com.elerts.elertslibrary.utils.ECLog.log(ECLog.java:31)
04-13 15:45:39.438  4807 15070 W System.err: 	at com.elerts.elertslibrary.utils.ECLog.log(ECLog.java:21)
04-13 15:45:39.438  4807 15070 W System.err: 	at com.elerts.elertslibrary.db.ElertsDB.deleteImages(ElertsDB.java:208)
04-13 15:45:39.438  4807 15070 W System.err: 	at com.elerts.elertslibrary.db.ElertsDB.updateDelete(ElertsDB.java:197)
04-13 15:45:39.438  4807 15070 W System.err: 	at com.elerts.elertslibrary.ClientServer.ElertsAPI.sendUpdate(ElertsAPI.java:184)
04-13 15:45:39.438  4807 15070 W System.err: 	at com.elerts.elertslibrary.ECLibraryApplication$UpdateInBG.doInBackground(ECLibraryApplication.java:411)
04-13 15:45:39.439  4807 15070 W System.err: 	at com.elerts.elertslibrary.ECLibraryApplication$UpdateInBG.doInBackground(ECLibraryApplication.java:386)
04-13 15:45:39.439  4807 15070 W System.err: 	at android.os.AsyncTask$2.call(AsyncTask.java:295)
04-13 15:45:39.439  4807 15070 W System.err: 	at java.util.concurrent.FutureTask.run(FutureTask.java:237)
04-13 15:45:39.439  4807 15070 W System.err: 	at android.os.AsyncTask$SerialExecutor$1.run(AsyncTask.java:234)
04-13 15:45:39.439  4807 15070 W System.err: 	at java.util.concurrent.ThreadPoolExecutor.runWorker(ThreadPoolExecutor.java:1113)
04-13 15:45:39.439  4807 15070 W System.err: 	at java.util.concurrent.ThreadPoolExecutor$Worker.run(ThreadPoolExecutor.java:588)
04-13 15:45:39.439  4807 15070 W System.err: 	at java.lang.Thread.run(Thread.java:818)
04-13 15:45:39.440  4807 15070 E Fabric  : Crashlytics must be initialized by calling Fabric.with(Context) prior to calling Crashlytics.getInstance()
04-13 15:45:39.440  4807 15070 W System.err: java.lang.IllegalStateException: Must Initialize Fabric before using singleton()
04-13 15:45:39.440  4807 15070 W System.err: 	at io.fabric.sdk.android.Fabric.singleton(Fabric.java:254)
04-13 15:45:39.440  4807 15070 W System.err: 	at io.fabric.sdk.android.Fabric.getKit(Fabric.java:502)
04-13 15:45:39.440  4807 15070 W System.err: 	at com.crashlytics.android.Crashlytics.getInstance(Crashlytics.java:419)
04-13 15:45:39.440  4807 15070 W System.err: 	at com.elerts.elertslibrary.utils.ECLog.log(ECLog.java:40)
04-13 15:45:39.440  4807 15070 W System.err: 	at com.elerts.elertslibrary.utils.ECLog.log(ECLog.java:31)
04-13 15:45:39.440  4807 15070 W System.err: 	at com.elerts.elertslibrary.utils.ECLog.log(ECLog.java:21)
04-13 15:45:39.440  4807 15070 W System.err: 	at com.elerts.elertslibrary.db.ElertsDB.getImagesForUpload(ElertsDB.java:730)
04-13 15:45:39.440  4807 15070 W System.err: 	at com.elerts.elertslibrary.ClientServer.ElertsAPI.uploadSubmittedAlertImages(ElertsAPI.java:696)
04-13 15:45:39.440  4807 15070 W System.err: 	at com.elerts.elertslibrary.ClientServer.ElertsAPI.sendUpdate(ElertsAPI.java:189)
04-13 15:45:39.440  4807 15070 W System.err: 	at com.elerts.elertslibrary.ECLibraryApplication$UpdateInBG.doInBackground(ECLibraryApplication.java:411)
04-13 15:45:39.440  4807 15070 W System.err: 	at com.elerts.elertslibrary.ECLibraryApplication$UpdateInBG.doInBackground(ECLibraryApplication.java:386)
04-13 15:45:39.440  4807 15070 W System.err: 	at android.os.AsyncTask$2.call(AsyncTask.java:295)
04-13 15:45:39.440  4807 15070 W System.err: 	at java.util.concurrent.FutureTask.run(FutureTask.java:237)
04-13 15:45:39.440  4807 15070 W System.err: 	at android.os.AsyncTask$SerialExecutor$1.run(AsyncTask.java:234)
04-13 15:45:39.440  4807 15070 W System.err: 	at java.util.concurrent.ThreadPoolExecutor.runWorker(ThreadPoolExecutor.java:1113)
04-13 15:45:39.440  4807 15070 W System.err: 	at java.util.concurrent.ThreadPoolExecutor$Worker.run(ThreadPoolExecutor.java:588)
04-13 15:45:39.440  4807 15070 W System.err: 	at java.lang.Thread.run(Thread.java:818)
04-13 15:45:39.442  4807 15070 E Fabric  : Crashlytics must be initialized by calling Fabric.with(Context) prior to calling Crashlytics.getInstance()
04-13 15:45:39.443  4807 15070 W System.err: java.lang.IllegalStateException: Must Initialize Fabric before using singleton()
04-13 15:45:39.443  4807 15070 W System.err: 	at io.fabric.sdk.android.Fabric.singleton(Fabric.java:254)
04-13 15:45:39.443  4807 15070 W System.err: 	at io.fabric.sdk.android.Fabric.getKit(Fabric.java:502)
04-13 15:45:39.443  4807 15070 W System.err: 	at com.crashlytics.android.Crashlytics.getInstance(Crashlytics.java:419)
04-13 15:45:39.443  4807 15070 W System.err: 	at com.elerts.elertslibrary.utils.ECLog.log(ECLog.java:40)
04-13 15:45:39.443  4807 15070 W System.err: 	at com.elerts.elertslibrary.utils.ECLog.log(ECLog.java:31)
04-13 15:45:39.443  4807 15070 W System.err: 	at com.elerts.elertslibrary.utils.ECLog.log(ECLog.java:21)
04-13 15:45:39.443  4807 15070 W System.err: 	at com.elerts.elertslibrary.ECLibraryApplication$UpdateInBG.doInBackground(ECLibraryApplication.java:412)
04-13 15:45:39.443  4807 15070 W System.err: 	at com.elerts.elertslibrary.ECLibraryApplication$UpdateInBG.doInBackground(ECLibraryApplication.java:386)
04-13 15:45:39.443  4807 15070 W System.err: 	at android.os.AsyncTask$2.call(AsyncTask.java:295)
04-13 15:45:39.443  4807 15070 W System.err: 	at java.util.concurrent.FutureTask.run(FutureTask.java:237)
04-13 15:45:39.443  4807 15070 W System.err: 	at android.os.AsyncTask$SerialExecutor$1.run(AsyncTask.java:234)
04-13 15:45:39.443  4807 15070 W System.err: 	at java.util.concurrent.ThreadPoolExecutor.runWorker(ThreadPoolExecutor.java:1113)
04-13 15:45:39.443  4807 15070 W System.err: 	at java.util.concurrent.ThreadPoolExecutor$Worker.run(ThreadPoolExecutor.java:588)
04-13 15:45:39.443  4807 15070 W System.err: 	at java.lang.Thread.run(Thread.java:818)
04-13 15:45:39.443  4807  4807 E Fabric  : Crashlytics must be initialized by calling Fabric.with(Context) prior to calling Crashlytics.getInstance()
04-13 15:45:39.444  4807  4807 W System.err: java.lang.IllegalStateException: Must Initialize Fabric before using singleton()
04-13 15:45:39.444  4807  4807 W System.err: 	at io.fabric.sdk.android.Fabric.singleton(Fabric.java:254)
04-13 15:45:39.444  4807  4807 W System.err: 	at io.fabric.sdk.android.Fabric.getKit(Fabric.java:502)
04-13 15:45:39.444  4807  4807 W System.err: 	at com.crashlytics.android.Crashlytics.getInstance(Crashlytics.java:419)
04-13 15:45:39.444  4807  4807 W System.err: 	at com.elerts.elertslibrary.utils.ECLog.log(ECLog.java:40)
04-13 15:45:39.444  4807  4807 W System.err: 	at com.elerts.elertslibrary.utils.ECLog.log(ECLog.java:31)
04-13 15:45:39.444  4807  4807 W System.err: 	at com.elerts.elertslibrary.utils.ECLog.log(ECLog.java:21)
04-13 15:45:39.444  4807  4807 W System.err: 	at com.elerts.elertslibrary.ECLibraryApplication$UpdateInBG.onPostExecute(ECLibraryApplication.java:418)
04-13 15:45:39.444  4807  4807 W System.err: 	at com.elerts.elertslibrary.ECLibraryApplication$UpdateInBG.onPostExecute(ECLibraryApplication.java:386)
04-13 15:45:39.444  4807  4807 W System.err: 	at android.os.AsyncTask.finish(AsyncTask.java:651)
04-13 15:45:39.444  4807  4807 W System.err: 	at android.os.AsyncTask.-wrap1(AsyncTask.java)
04-13 15:45:39.444  4807  4807 W System.err: 	at android.os.AsyncTask$InternalHandler.handleMessage(AsyncTask.java:668)
04-13 15:45:39.444  4807  4807 W System.err: 	at android.os.Handler.dispatchMessage(Handler.java:102)
04-13 15:45:39.444  4807  4807 W System.err: 	at android.os.Looper.loop(Looper.java:148)
04-13 15:45:39.444  4807  4807 W System.err: 	at android.app.ActivityThread.main(ActivityThread.java:5417)
04-13 15:45:39.444  4807  4807 W System.err: 	at java.lang.reflect.Method.invoke(Native Method)
04-13 15:45:39.444  4807  4807 W System.err: 	at com.android.internal.os.ZygoteInit$MethodAndArgsCaller.run(ZygoteInit.java:726)
04-13 15:45:39.444  4807  4807 W System.err: 	at com.android.internal.os.ZygoteInit.main(ZygoteInit.java:616)
04-13 15:45:39.445  4807  4807 E Fabric  : Crashlytics must be initialized by calling Fabric.with(Context) prior to calling Crashlytics.getInstance()
04-13 15:45:39.445  4807  4807 W System.err: java.lang.IllegalStateException: Must Initialize Fabric before using singleton()
04-13 15:45:39.445  4807  4807 W System.err: 	at io.fabric.sdk.android.Fabric.singleton(Fabric.java:254)
04-13 15:45:39.445  4807  4807 W System.err: 	at io.fabric.sdk.android.Fabric.getKit(Fabric.java:502)
04-13 15:45:39.445  4807  4807 W System.err: 	at com.crashlytics.android.Crashlytics.getInstance(Crashlytics.java:419)
04-13 15:45:39.445  4807  4807 W System.err: 	at com.elerts.elertslibrary.utils.ECLog.log(ECLog.java:40)
04-13 15:45:39.445  4807  4807 W System.err: 	at com.elerts.elertslibrary.utils.ECLog.log(ECLog.java:31)
04-13 15:45:39.445  4807  4807 W System.err: 	at com.elerts.elertslibrary.utils.ECLog.log(ECLog.java:21)
04-13 15:45:39.445  4807  4807 W System.err: 	at com.elerts.elertslibrary.ECLibraryApplication$UpdateInBG.onPostExecute(ECLibraryApplication.java:442)
04-13 15:45:39.445  4807  4807 W System.err: 	at com.elerts.elertslibrary.ECLibraryApplication$UpdateInBG.onPostExecute(ECLibraryApplication.java:386)
04-13 15:45:39.445  4807  4807 W System.err: 	at android.os.AsyncTask.finish(AsyncTask.java:651)
04-13 15:45:39.445  4807  4807 W System.err: 	at android.os.AsyncTask.-wrap1(AsyncTask.java)
04-13 15:45:39.445  4807  4807 W System.err: 	at android.os.AsyncTask$InternalHandler.handleMessage(AsyncTask.java:668)
04-13 15:45:39.445  4807  4807 W System.err: 	at android.os.Handler.dispatchMessage(Handler.java:102)
04-13 15:45:39.445  4807  4807 W System.err: 	at android.os.Looper.loop(Looper.java:148)
04-13 15:45:39.445  4807  4807 W System.err: 	at android.app.ActivityThread.main(ActivityThread.java:5417)
04-13 15:45:39.445  4807  4807 W System.err: 	at java.lang.reflect.Method.invoke(Native Method)
04-13 15:45:39.445  4807  4807 W System.err: 	at com.android.internal.os.ZygoteInit$MethodAndArgsCaller.run(ZygoteInit.java:726)
04-13 15:45:39.445  4807  4807 W System.err: 	at com.android.internal.os.ZygoteInit.main(ZygoteInit.java:616)
04-13 15:45:41.185   203   811 D audio_hw_primary: disable_audio_route: reset and update mixer path: low-latency-playback
04-13 15:45:41.185   203   811 D audio_hw_primary: disable_snd_device: snd_device(2: speaker)
04-13 15:45:47.660  8625  8625 I chromium: [INFO:CONSOLE(26)] "No Content-Security-Policy meta tag found. Please add one when using the cordova-plugin-whitelist plugin.", source: file:///android_asset/www/plugins/cordova-plugin-whitelist/whitelist.js (26)
04-13 15:45:57.640  8625  8625 I chromium: [INFO:CONSOLE(26)] "No Content-Security-Policy meta tag found. Please add one when using the cordova-plugin-whitelist plugin.", source: file:///android_asset/www/plugins/cordova-plugin-whitelist/whitelist.js (26)
04-13 15:46:03.407   779   791 I UsageStatsService: User[0] Flushing usage stats to disk
04-13 15:46:07.642  8625  8625 I chromium: [INFO:CONSOLE(26)] "No Content-Security-Policy meta tag found. Please add one when using the cordova-plugin-whitelist plugin.", source: file:///android_asset/www/plugins/cordova-plugin-whitelist/whitelist.js (26)
04-13 15:46:13.463  1799  1923 W ctxmgr  : [AclManager]checkPermissionTypeStatus: no inject permission for { uid=10007, packageName=com.google.android.gms }. Returned permission was: PACKAGE_NOT_WHITELISTED for context name=POWER_CONNECTION, account=account#-517948760#
04-13 15:46:13.464  1799  1923 W ctxmgr  : [AclManager]checkPermissionTypeStatus: no inject permission for { uid=10007, packageName=com.google.android.gms }. Returned permission was: PACKAGE_NOT_WHITELISTED for context name=POWER_CONNECTION, account=account#-517948760#
04-13 15:46:13.464  1799  1799 E ctxmgr  : [PowerConnectionProducer]Could not write powerInfo=Plug state: 2 BatteryLevel: 0.39, status=Status{statusCode=unknown status code: 7503, resolution=null}
04-13 15:46:16.313  1799 32505 W PhenotypeConfigurator: IOException while sending for: 
04-13 15:46:16.427  1799 32505 I PhenotypeFlagCommitter: Experiment Configs successfully retrieved for com.google.android.gms.phenotype
04-13 15:46:17.644  8625  8625 I chromium: [INFO:CONSOLE(26)] "No Content-Security-Policy meta tag found. Please add one when using the cordova-plugin-whitelist plugin.", source: file:///android_asset/www/plugins/cordova-plugin-whitelist/whitelist.js (26)
04-13 15:46:18.696  1799 32506 D Uploader: Network request failed class java.net.UnknownHostException(Unable to resolve host "play.googleapis.com": No address associated with hostname)
04-13 15:46:19.482  1799 32506 D Uploader: Network request failed class java.net.UnknownHostException(Unable to resolve host "play.googleapis.com": No address associated with hostname)
04-13 15:46:19.491  1799  1799 V GLSActivity: AuthDelegateWrapperCreated with selected intent: Intent { cmp=com.google.android.gms/.auth.DefaultAuthDelegateService }
04-13 15:46:19.492  1799  1799 V GLSActivity: AuthDelegateWrapperCreated with selected intent: Intent { cmp=com.google.android.gms/.auth.DefaultAuthDelegateService }
04-13 15:46:27.654  8625  8625 I chromium: [INFO:CONSOLE(26)] "No Content-Security-Policy meta tag found. Please add one when using the cordova-plugin-whitelist plugin.", source: file:///android_asset/www/plugins/cordova-plugin-whitelist/whitelist.js (26)
04-13 15:46:37.650  8625  8625 I chromium: [INFO:CONSOLE(26)] "No Content-Security-Policy meta tag found. Please add one when using the cordova-plugin-whitelist plugin.", source: file:///android_asset/www/plugins/cordova-plugin-whitelist/whitelist.js (26)
04-13 15:46:47.653  8625  8625 I chromium: [INFO:CONSOLE(26)] "No Content-Security-Policy meta tag found. Please add one when using the cordova-plugin-whitelist plugin.", source: file:///android_asset/www/plugins/cordova-plugin-whitelist/whitelist.js (26)
04-13 15:46:57.615  8625  8625 I chromium: [INFO:CONSOLE(26)] "No Content-Security-Policy meta tag found. Please add one when using the cordova-plugin-whitelist plugin.", source: file:///android_asset/www/plugins/cordova-plugin-whitelist/whitelist.js (26)
04-13 15:46:59.577  1799 32506 E Auth    : [GoogleAccountDataServiceImpl] getToken() failed. Status NETWORK_ERROR, Account: <ELLIDED:2070146553>, App: com.google.android.gms, Service: oauth2:https://www.googleapis.com/auth/cclog
04-13 15:46:59.663  1799 32506 E Uploader: Failed to get auth token: NetworkError
04-13 15:46:59.663  1799 32506 E Uploader: java.io.IOException: NetworkError
04-13 15:46:59.663  1799 32506 E Uploader: 	at com.google.android.gms.auth.t.a(:com.google.android.gms:498)
04-13 15:46:59.663  1799 32506 E Uploader: 	at com.google.android.gms.auth.s.a(:com.google.android.gms:908)
04-13 15:46:59.663  1799 32506 E Uploader: 	at com.google.android.gms.auth.s.e(:com.google.android.gms:528)
04-13 15:46:59.663  1799 32506 E Uploader: 	at com.google.android.gms.auth.q.f(:com.google.android.gms:315)
04-13 15:46:59.663  1799 32506 E Uploader: 	at com.google.android.gms.auth.q.b(:com.google.android.gms:195)
04-13 15:46:59.663  1799 32506 E Uploader: 	at com.google.android.gms.auth.q.a(:com.google.android.gms:146)
04-13 15:46:59.663  1799 32506 E Uploader: 	at com.google.android.gms.auth.q.a(:com.google.android.gms:73)
04-13 15:46:59.663  1799 32506 E Uploader: 	at com.google.android.gms.playlog.uploader.i.a(:com.google.android.gms:761)
04-13 15:46:59.663  1799 32506 E Uploader: 	at com.google.android.gms.playlog.uploader.i.a(:com.google.android.gms:582)
04-13 15:46:59.663  1799 32506 E Uploader: 	at com.google.android.gms.playlog.uploader.i.a(:com.google.android.gms:469)
04-13 15:46:59.663  1799 32506 E Uploader: 	at com.google.android.gms.playlog.uploader.i.a(:com.google.android.gms:384)
04-13 15:46:59.663  1799 32506 E Uploader: 	at com.google.android.gms.playlog.uploader.UploaderService.b(:com.google.android.gms:100)
04-13 15:46:59.663  1799 32506 E Uploader: 	at com.google.android.gms.playlog.uploader.UploaderService.a(:com.google.android.gms:69)
04-13 15:46:59.663  1799 32506 E Uploader: 	at com.google.android.gms.gcm.aw.run(:com.google.android.gms:144)
04-13 15:47:07.654  8625  8625 I chromium: [INFO:CONSOLE(26)] "No Content-Security-Policy meta tag found. Please add one when using the cordova-plugin-whitelist plugin.", source: file:///android_asset/www/plugins/cordova-plugin-whitelist/whitelist.js (26)
04-13 15:47:17.655  8625  8625 I chromium: [INFO:CONSOLE(26)] "No Content-Security-Policy meta tag found. Please add one when using the cordova-plugin-whitelist plugin.", source: file:///android_asset/www/plugins/cordova-plugin-whitelist/whitelist.js (26)
04-13 15:47:22.653   893   893 D AndroidRuntime: >>>>>> START com.android.internal.os.RuntimeInit uid 2000 <<<<<<
04-13 15:47:22.661   893   893 D AndroidRuntime: CheckJNI is OFF
04-13 15:47:22.709   893   893 D ICU     : No timezone override file found: /data/misc/zoneinfo/current/icu/icu_tzdata.dat
04-13 15:47:22.767   893   893 I Radio-JNI: register_android_hardware_Radio DONE
04-13 15:47:22.788   893   893 D AndroidRuntime: Calling main entry com.android.commands.pm.Pm
04-13 15:47:22.803   779   806 I ActivityManager: Start proc 950:com.android.defcontainer/u0a4 for service com.android.defcontainer/.DefaultContainerService
04-13 15:47:22.846   950   962 D DefContainer: Copying /data/local/tmp/android-debug.apk to base.apk
04-13 15:47:23.114   779   806 I PackageManager.DexOptimizer: Running dexopt (dex2oat) on: /data/app/vmdl353930245.tmp/base.apk pkg=com.ionicframework.qrimdemo516795 isa=arm vmSafeMode=false debuggable=true oatDir = /data/app/vmdl353930245.tmp/oat bootComplete=true
04-13 15:47:23.170   964   964 I dex2oat : /system/bin/dex2oat --debuggable
04-13 15:47:23.845   964   964 I dex2oat : dex2oat took 675.797ms (threads: 4) arena alloc=608KB java alloc=672KB native alloc=4MB free=2MB
04-13 15:47:23.852   779   792 I ActivityManager: Force stopping com.ionicframework.qrimdemo516795 appid=10094 user=-1: uninstall pkg
04-13 15:47:23.852   779   792 I ActivityManager: Killing 8625:com.ionicframework.qrimdemo516795/u0a94 (adj 7): stop com.ionicframework.qrimdemo516795
04-13 15:47:23.873   203   818 D NuPlayerDriver: reset(0xb28742a0)
04-13 15:47:23.873   203   818 D NuPlayerDriver: notifyListener_l(0xb28742a0), (8, 0, 0)
04-13 15:47:23.874   203  9166 D NuPlayerDriver: notifyResetComplete(0xb28742a0)
04-13 15:47:23.874   779  1336 D GraphicsStats: Buffer count: 3
04-13 15:47:23.874   779  1336 I WindowState: WIN DEATH: Window{ba34f68 u0 com.ionicframework.qrimdemo516795/com.ionicframework.qrimdemo516795.MainActivity}
04-13 15:47:23.974   779   792 I ActivityManager:   Force finishing activity ActivityRecord{8264416 u0 com.ionicframework.qrimdemo516795/.MainActivity t315}
04-13 15:47:23.976   779   789 W ActivityManager: Spurious death for ProcessRecord{ac04a96 0:com.ionicframework.qrimdemo516795/u0a94}, curProc for 8625: null
04-13 15:47:24.012   779   806 I PackageManager: Package com.ionicframework.qrimdemo516795 codePath changed from /data/app/com.ionicframework.qrimdemo516795-2 to /data/app/com.ionicframework.qrimdemo516795-1; Retaining data and using new
04-13 15:47:24.012   779   792 I ActivityManager: Force stopping com.ionicframework.qrimdemo516795 appid=10094 user=-1: replace pkg
04-13 15:47:24.013   779   806 W PackageManager: Code path for com.ionicframework.qrimdemo516795 changing from /data/app/com.ionicframework.qrimdemo516795-2 to /data/app/com.ionicframework.qrimdemo516795-1
04-13 15:47:24.013   779   806 W PackageManager: Resource path for com.ionicframework.qrimdemo516795 changing from /data/app/com.ionicframework.qrimdemo516795-2 to /data/app/com.ionicframework.qrimdemo516795-1
04-13 15:47:24.334   779   806 W Settings: Setting install_non_market_apps has moved from android.provider.Settings.Global to android.provider.Settings.Secure, returning read-only value.
04-13 15:47:24.334   779   806 I art     : Starting a blocking GC Explicit
04-13 15:47:24.389   779   806 I art     : Explicit concurrent mark sweep GC freed 43584(2MB) AllocSpace objects, 3(60KB) LOS objects, 33% free, 31MB/47MB, paused 766us total 54.558ms
04-13 15:47:24.392   779   806 W PackageManager: Couldn't remove dex file for package:  at location /data/app/com.ionicframework.qrimdemo516795-2/base.apk, retcode=-1
04-13 15:47:24.393   779   806 I ActivityManager: Force stopping com.ionicframework.qrimdemo516795 appid=10094 user=0: pkg removed
04-13 15:47:24.397   893   893 I art     : System.exit called, status: 0
04-13 15:47:24.397   893   893 I AndroidRuntime: VM exiting with result code 0.
04-13 15:47:24.429   779   806 W ActivityManager: Skipping broadcast of Intent { act=android.intent.action.PACKAGE_REMOVED dat=package:com.ionicframework.qrimdemo516795 flg=0x4000010 (has extras) }: user 10 is stopped
04-13 15:47:24.435   779   779 D JobSchedulerService: Receieved: android.intent.action.PACKAGE_REMOVED
04-13 15:47:24.444   779   875 I InputReader: Reconfiguring input devices.  changes=0x00000010
04-13 15:47:24.445   779   875 I InputReader: Reconfiguring input devices.  changes=0x00000010
04-13 15:47:24.506   779   806 W ActivityManager: Skipping broadcast of Intent { act=android.intent.action.PACKAGE_ADDED dat=package:com.ionicframework.qrimdemo516795 flg=0x4000010 (has extras) }: user 10 is stopped
04-13 15:47:24.542   779  1567 I ActivityManager: Start proc 1020:com.android.musicfx/u0a13 for broadcast com.android.musicfx/.Compatibility$Receiver
04-13 15:47:24.559   779   875 I InputReader: Reconfiguring input devices.  changes=0x00000010
04-13 15:47:24.583   779   806 W ActivityManager: Skipping broadcast of Intent { act=android.intent.action.PACKAGE_REPLACED dat=package:com.ionicframework.qrimdemo516795 flg=0x4000010 (has extras) }: user 10 is stopped
04-13 15:47:24.584   779   806 W ActivityManager: Skipping broadcast of Intent { act=android.intent.action.MY_PACKAGE_REPLACED flg=0x4000010 pkg=com.ionicframework.qrimdemo516795 (has extras) }: user 10 is stopped
04-13 15:47:24.605  1020  1020 W System  : ClassLoader referenced unknown path: /system/priv-app/MusicFX/lib/arm
04-13 15:47:24.629   779   948 I ActivityManager: Start proc 1041:com.android.keychain/1000 for broadcast com.android.keychain/.KeyChainBroadcastReceiver
04-13 15:47:24.688  1315  1315 D CarrierServiceBindHelper: Receive action: android.intent.action.PACKAGE_REMOVED
04-13 15:47:24.717  1315  1315 D CarrierServiceBindHelper: Receive action: android.intent.action.PACKAGE_ADDED
04-13 15:47:24.718  1315  1315 D CarrierServiceBindHelper: Receive action: android.intent.action.PACKAGE_REPLACED
04-13 15:47:24.718  1315  1315 D CarrierServiceBindHelper: mHandler: 3
04-13 15:47:24.718  1315  1315 D CarrierServiceBindHelper: mHandler: 3
04-13 15:47:24.718  1315  1315 D CarrierServiceBindHelper: mHandler: 3
04-13 15:47:24.718  1315  1315 D CarrierConfigLoader: mHandler: 9 phoneId: 0
04-13 15:47:24.730  1041  1041 W System  : ClassLoader referenced unknown path: /system/app/KeyChain/lib/arm
04-13 15:47:24.734  1041  1041 W ContextImpl: Calling a method in the system process without a qualified user: android.app.ContextImpl.startService:1221 android.content.ContextWrapper.startService:581 android.content.ContextWrapper.startService:581 com.android.keychain.KeyChainBroadcastReceiver.onReceive:12 android.app.ActivityThread.handleReceiver:2725 
04-13 15:47:24.746   779  1316 I ActivityManager: Start proc 1059:jp.co.omronsoft.iwnnime.ml/u0a72 for broadcast jp.co.omronsoft.iwnnime.ml/.UninstallReceiver
04-13 15:47:24.816   779   791 W InputMethodInfo: Duplicated subtype definition found: ja, keyboard
04-13 15:47:24.832   779  1316 I ActivityManager: Start proc 1073:com.android.vending/u0a14 for broadcast com.android.vending/com.google.android.finsky.receivers.PackageMonitorReceiver$RegisteredReceiver
04-13 15:47:24.861  1073  1073 W System  : ClassLoader referenced unknown path: /data/app/com.android.vending-2/lib/arm
04-13 15:47:24.937  1073  1073 I Finsky  : [1] com.google.android.finsky.FinskyApp.onCreate(369): Initializing network with DFE https://android.clients.google.com/fdfe/
04-13 15:47:25.015  1073  1073 I Finsky  : [1] com.google.android.finsky.services.DailyHygiene.a(123): No need to run daily hygiene.
04-13 15:47:25.024  1073  1073 W Settings: Setting download_manager_max_bytes_over_mobile has moved from android.provider.Settings.Secure to android.provider.Settings.Global.
04-13 15:47:25.024  1073  1073 W Settings: Setting download_manager_recommended_max_bytes_over_mobile has moved from android.provider.Settings.Secure to android.provider.Settings.Global.
04-13 15:47:25.089  1073  1106 D Ads     : Skipping gmscore version check
04-13 15:47:25.092  1073  1073 I Finsky  : [1] com.google.android.finsky.i.j.run(208): Loaded library for account: [EZgsnSIjR38LIe-rOZiV2haf1bc]
04-13 15:47:25.093  1073  1073 I Finsky  : [1] com.google.android.finsky.i.j.run(208): Loaded library for account: [ssB98VOZBdCLlfcwv8nTCU4YSrI]
04-13 15:47:25.093  1073  1073 I Finsky  : [1] com.google.android.finsky.i.j.run(214): Finished loading 2 libraries.
04-13 15:47:25.103  1799  1799 E NetworkScheduler.SchedulerReceiver: Invalid parameter app
04-13 15:47:25.103  1799  1799 E NetworkScheduler.SchedulerReceiver: Invalid package name : Perhaps you didn't include a PendingIntent in the extras?
04-13 15:47:25.106  1005  1005 D AndroidRuntime: >>>>>> START com.android.internal.os.RuntimeInit uid 2000 <<<<<<
04-13 15:47:25.110  1005  1005 D AndroidRuntime: CheckJNI is OFF
04-13 15:47:25.114   779  1336 I ActivityManager: Start proc 1110:com.google.android.apps.docs/u0a35 for broadcast com.google.android.apps.docs/.receivers.AppPackageAddRemoveReceiver
04-13 15:47:25.115  1443  1109 D PkgBroadcastIntentOp: Received broadcast action=android.intent.action.PACKAGE_REMOVED and uri=com.ionicframework.qrimdemo516795
04-13 15:47:25.132  1443  1109 D WearableController: Received broadcast action=android.intent.action.PACKAGE_REMOVED and uri=com.ionicframework.qrimdemo516795
04-13 15:47:25.147  1073  1073 I Finsky  : [1] com.google.android.finsky.b.j.a(270): result=false type=4
04-13 15:47:25.150  1005  1005 D ICU     : No timezone override file found: /data/misc/zoneinfo/current/icu/icu_tzdata.dat
04-13 15:47:25.157  1073  1073 I Finsky  : [1] com.google.android.finsky.services.ar.a(1049): Restore complete with 0 success and 0 failed.
04-13 15:47:25.158  1443  1126 D gH_CompatibleDatabase: Open SQLiteDatabase: /data/user/0/com.google.android.gms/databases/metrics.db, release reference: 1
04-13 15:47:25.158  1443  1126 D gH_CompatibleDatabase: Acquire reference of SQLiteDatabase: /data/user/0/com.google.android.gms/databases/metrics.db: 2
04-13 15:47:25.159  1443  1126 D gH_MetricsDatabase: 0 metrics were deleted when clearing package com.ionicframework.qrimdemo516795.
04-13 15:47:25.159  1443  1126 D gH_CompatibleDatabase: Release reference of SQLiteDatabase: /data/user/0/com.google.android.gms/databases/metrics.db: 1
04-13 15:47:25.174  1443  1126 D gH_CompatibleDatabase: Open SQLiteDatabase: /data/user/0/com.google.android.gms/databases/help_responses.db, release reference: 1
04-13 15:47:25.174  1443  1126 D gH_CompatibleDatabase: Acquire reference of SQLiteDatabase: /data/user/0/com.google.android.gms/databases/help_responses.db: 2
04-13 15:47:25.177  1443  1126 D gH_CompatibleDatabase: Release reference of SQLiteDatabase: /data/user/0/com.google.android.gms/databases/help_responses.db: 1
04-13 15:47:25.180  1443  1126 D gH_CompatibleDatabase: Open SQLiteDatabase: /data/user/0/com.google.android.gms/databases/auto_complete_suggestions.db, release reference: 1
04-13 15:47:25.180  1443  1126 D gH_CompatibleDatabase: Acquire reference of SQLiteDatabase: /data/user/0/com.google.android.gms/databases/auto_complete_suggestions.db: 2
04-13 15:47:25.182  1443  1126 D gH_CompatibleDatabase: Release reference of SQLiteDatabase: /data/user/0/com.google.android.gms/databases/auto_complete_suggestions.db: 1
04-13 15:47:25.182  1443  1126 D gH_CompatibleDatabase: Close SQLiteDatabase: /data/user/0/com.google.android.gms/databases/metrics.db, release reference: 0
04-13 15:47:25.183  1443  1126 D gH_CompatibleDatabase: Close SQLiteDatabase: /data/user/0/com.google.android.gms/databases/help_responses.db, release reference: 0
04-13 15:47:25.183  1443  1126 D gH_CompatibleDatabase: Close SQLiteDatabase: /data/user/0/com.google.android.gms/databases/auto_complete_suggestions.db, release reference: 0
04-13 15:47:25.201  1005  1005 I Radio-JNI: register_android_hardware_Radio DONE
04-13 15:47:25.220  1005  1005 D AndroidRuntime: Calling main entry com.android.commands.input.Input
04-13 15:47:25.223  1005  1005 I Input   : injectKeyEvent: KeyEvent { action=ACTION_DOWN, keyCode=KEYCODE_MENU, scanCode=0, metaState=0, flags=0x0, repeatCount=0, eventTime=4393607, downTime=4393607, deviceId=-1, source=0x101 }
04-13 15:47:25.224   779  1339 I PowerManagerService: Waking up from sleep (uid 1000)...
04-13 15:47:25.225   779   779 V KeyguardServiceDelegate: onStartedWakingUp()
04-13 15:47:25.228   779   802 I DisplayPowerController: Blocking screen on until initial contents have been drawn.
04-13 15:47:25.228  1005  1005 I Input   : injectKeyEvent: KeyEvent { action=ACTION_UP, keyCode=KEYCODE_MENU, scanCode=0, metaState=0, flags=0x0, repeatCount=0, eventTime=4393607, downTime=4393607, deviceId=-1, source=0x101 }
04-13 15:47:25.229   779   802 V KeyguardServiceDelegate: onScreenTurnedOn(showListener = com.android.server.policy.PhoneWindowManager$2@5c53eab)
04-13 15:47:25.257  1005  1005 D AndroidRuntime: Shutting down VM
04-13 15:47:25.259   779  2425 V KeyguardServiceDelegate: **** SHOWN CALLED ****
04-13 15:47:25.286   779   885 D ConnectivityService: notifyType CAP_CHANGED for NetworkAgentInfo [WIFI () - 102]
04-13 15:47:25.288   779   800 E WindowAnimator: Timeout waiting for animation to startup
04-13 15:47:25.290   779   883 E native  : do suspend false
04-13 15:47:25.296   779   883 D WifiConfigStore: No blacklist allowed without epno enabled
04-13 15:47:25.306   203  5031 D audio_hw_primary: adev_set_parameters: enter: screen_state=on
04-13 15:47:25.325   195   195 D SurfaceFlinger: Set power mode=2, type=0 flinger=0xb6b24000
04-13 15:47:25.325  2100  2106 E ANDR-PERF-LOCK: Failed to reset optimization for resource: 4 level: 0
04-13 15:47:25.325   195   195 D qdhwcomposer: hwc_blank: Unblanking display: 0
04-13 15:47:25.325   779   800 I DisplayManagerService: Display device changed state: "Pantalla integrada", ON
04-13 15:47:25.330   203   811 D audio_hw_primary: out_set_parameters: enter: usecase(1: low-latency-playback) kvpairs: routing=2
04-13 15:47:25.335   919   919 D PhoneStatusBar: disable: < expand icons* alerts system_info* back HOME RECENT clock SEARCH quick_settings >
04-13 15:47:25.340   203   811 D audio_hw_primary: select_devices: out_snd_device(2: speaker) in_snd_device(0: none)
04-13 15:47:25.340   203   811 D msm8974_platform: platform_send_audio_calibration: sending audio calibration for snd_device(2) acdb_id(15)
04-13 15:47:25.341   203   811 D audio_hw_primary: enable_snd_device: snd_device(2: speaker)
04-13 15:47:25.344   203   811 D audio_hw_primary: enable_audio_route: apply and update mixer path: low-latency-playback
04-13 15:47:25.375  1297  1425 E BrcmNfcJni: nfaConnectionCallback: unknown event ????
04-13 15:47:25.375  1297  1425 D BrcmNfcJni: RoutingManager::nfaEeCallback: NFA_EE_SET_TECH_CFG_EVT; status=0x0
04-13 15:47:25.376  1297  1425 D BrcmNfcJni: RoutingManager::nfaEeCallback: NFA_EE_SET_PROTO_CFG_EVT; status=0x0
04-13 15:47:25.376  1297  1138 D BrcmNfcJni: RoutingManager::commitRouting
04-13 15:47:25.376  1297  1425 D BrcmNfcJni: RoutingManager::nfaEeCallback: NFA_EE_UPDATED_EVT
04-13 15:47:25.474   779   802 I DisplayPowerController: Unblocked screen on after 247 ms
04-13 15:47:25.475   779   802 V KeyguardServiceDelegate: onScreenTurnedOn()
04-13 15:47:25.556   195   195 D qdhwcomposer: hwc_blank: Done unblanking display: 0
04-13 15:47:25.557   779   901 D SurfaceControl: Excessive delay in setPowerMode(): 231ms
04-13 15:47:25.557   779  8693 W InputMethodManagerService: Window already focused, ignoring focus gain of: com.android.internal.view.IInputMethodClient$Stub$Proxy@155f908 attribute=android.view.inputmethod.EditorInfo@7aba8a1, token = android.os.BinderProxy@44397b8
04-13 15:47:25.568  2081  2081 E SpannableStringBuilder: SPAN_EXCLUSIVE_EXCLUSIVE spans cannot have a zero length
04-13 15:47:25.568  2081  2081 E SpannableStringBuilder: SPAN_EXCLUSIVE_EXCLUSIVE spans cannot have a zero length
04-13 15:47:25.570   919   919 D PhoneStatusBar: disable: < expand icons alerts system_info back HOME RECENT clock SEARCH quick_settings >
04-13 15:47:25.574  2081  2081 E SpannableStringBuilder: SPAN_EXCLUSIVE_EXCLUSIVE spans cannot have a zero length
04-13 15:47:25.575  2081  2081 E SpannableStringBuilder: SPAN_EXCLUSIVE_EXCLUSIVE spans cannot have a zero length
04-13 15:47:25.604   919   919 D PhoneStatusBar: disable: < expand icons alerts system_info back home* recent* clock search* quick_settings >
04-13 15:47:25.912  1110  1159 I GAv4    : Google Analytics 8.1.15 is starting up. To enable debug logging on a device run:
04-13 15:47:25.912  1110  1159 I GAv4    :   adb shell setprop log.tag.GAv4 DEBUG
