04-13 15:47:25.912  1110  1159 I GAv4    :   adb logcat -s GAv4
04-13 15:47:25.931  1110  1159 W GAv4    : AnalyticsReceiver is not registered or is disabled. Register the receiver for reliable dispatching on non-Google Play devices. See http://goo.gl/8Rd3yj for instructions.
04-13 15:47:25.938  1110  1159 W GAv4    : CampaignTrackingReceiver is not registered, not exported or is disabled. Installation campaign tracking is not possible. See http://goo.gl/8Rd3yj for instructions.
04-13 15:47:25.945  1110  1166 W GAv4    : AnalyticsService not registered in the app manifest. Hits might not be delivered reliably. See http://goo.gl/8Rd3yj for instructions.
04-13 15:47:26.063  1144  1144 D AndroidRuntime: >>>>>> START com.android.internal.os.RuntimeInit uid 2000 <<<<<<
04-13 15:47:26.068  1144  1144 D AndroidRuntime: CheckJNI is OFF
04-13 15:47:26.109  1144  1144 D ICU     : No timezone override file found: /data/misc/zoneinfo/current/icu/icu_tzdata.dat
04-13 15:47:26.149  1144  1144 I Radio-JNI: register_android_hardware_Radio DONE
04-13 15:47:26.171  1144  1144 D AndroidRuntime: Calling main entry com.android.commands.am.Am
04-13 15:47:26.186   779  1316 I ActivityManager: Start proc 1192:com.evernote.skitch/u0a139 for broadcast com.evernote.skitch/.app.receivers.EvernoteInstallationBroadcastReceiver
04-13 15:47:26.187   779  2425 I ActivityManager: START u0 {act=android.intent.action.MAIN flg=0x10000000 cmp=com.ionicframework.qrimdemo516795/.MainActivity} from uid 2000 on display 0
04-13 15:47:26.234   779  8693 I ActivityManager: Start proc 1205:com.ionicframework.qrimdemo516795/u0a94 for activity com.ionicframework.qrimdemo516795/.MainActivity
04-13 15:47:26.245  1205  1205 I art     : Late-enabling -Xcheck:jni
04-13 15:47:26.298   779   788 I art     : Background partial concurrent mark sweep GC freed 38191(2MB) AllocSpace objects, 6(120KB) LOS objects, 33% free, 31MB/47MB, paused 7.035ms total 96.816ms
04-13 15:47:26.315  1205  1205 W System  : ClassLoader referenced unknown path: /data/app/com.ionicframework.qrimdemo516795-1/lib/arm
04-13 15:47:26.319  1192  1192 I Crashlytics: Initializing Crashlytics 1.1.8.10
04-13 15:47:26.337  1799  1799 V GLSActivity: AuthDelegateWrapperCreated with selected intent: Intent { cmp=com.google.android.gms/.auth.DefaultAuthDelegateService }
04-13 15:47:26.339  1205  1205 I WebViewFactory: Loading com.google.android.webview version 49.0.2623.105 (code 262310500)
04-13 15:47:26.342  1799  1799 V GLSActivity: AuthDelegateWrapperCreated with selected intent: Intent { cmp=com.google.android.gms/.auth.DefaultAuthDelegateService }
04-13 15:47:26.354  1192  1192 I ReleaseProperties: Current app is: skitch
04-13 15:47:26.357  1192  1192 I ReleaseProperties: propFile: release is now loaded
04-13 15:47:26.359  1192  1192 I ReleaseProperties: propFile: play is now loaded
04-13 15:47:26.360  1192  1192 I ReleaseProperties: propFile: base is now loaded
04-13 15:47:26.361  1192  1192 I ReleaseProperties: propFile: override is now loaded
04-13 15:47:26.364  1192  1192 D MarketUtils: isPackageInstalled() - com.android.vending is installed
04-13 15:47:26.364  1192  1192 D MarketUtils: isPackageInstalled() - com.android.vending is installed
04-13 15:47:26.365  1192  1192 D MarketUtils: isPackageInstalled() - com.android.vending is installed
04-13 15:47:26.365  1192  1192 D MarketUtils: isPackageInstalled() - com.android.vending is installed
04-13 15:47:26.365  1192  1192 I ReleaseProperties: ReleaseProperties: 
04-13 15:47:26.365  1192  1192 I ReleaseProperties:   bundleName=google-play
04-13 15:47:26.365  1192  1192 I ReleaseProperties:   revision=null_147
04-13 15:47:26.365  1192  1192 I ReleaseProperties:   type=public
04-13 15:47:26.365  1192  1192 I ReleaseProperties:   gitHash=64b174ca5dc2d78d7f9348692b54f863dd04d47b
04-13 15:47:26.365  1192  1192 I ReleaseProperties:   baseSearchUri=market://search?q=
04-13 15:47:26.371  1799  1799 V GLSActivity: AuthDelegateWrapperCreated with selected intent: Intent { cmp=com.google.android.gms/.auth.DefaultAuthDelegateService }
04-13 15:47:26.372  1192  1223 D ReleaseProperties: getReferralPersistencePath():: old=false:: path=/storage/emulated/0/.enref
04-13 15:47:26.375  1192  1192 W AccountManager: Must initialize before instance()
04-13 15:47:26.377  1297  1416 D NfcService: Discovery configuration equal, not updating.
04-13 15:47:26.379  1192  1223 I ReleaseProperties: From file referralCode=android
04-13 15:47:26.393  1192  1192 D MarketUtils: isPackageInstalled() - com.android.vending is installed
04-13 15:47:26.397  1205  1205 I cr_LibraryLoader: Time to load native libraries: 2 ms (timestamps 4781-4783)
04-13 15:47:26.397  1205  1205 I cr_LibraryLoader: Expected native library version number "49.0.2623.105", actual native library version number "49.0.2623.105"
04-13 15:47:26.407  1192  1192 I AndroidLoggerFactory: Logger name 'com.evernote.client.conn.mobile.MobileConnectionFactory' exceeds maximum length of 23 characters, using 'c*.e*.c*.c*.m*.MobileC*' instead.
04-13 15:47:26.412  1799  1923 W ctxmgr  : [ContextSpecificAclFactory]UdcConsent failed device info permissions. account=account#-1974409081#
04-13 15:47:26.413  1799  1923 W ctxmgr  : [AclManager]checkPermissionTypeStatus: no write permission for { uid=10007, packageName=com.google.android.gms }. Returned permission was: USER_CONSENT_REQUIRED for context name=SCREEN, account=account#-1974409081#
04-13 15:47:26.414  1799  1923 W ctxmgr  : [ContextSpecificAclFactory]UdcConsent failed device info permissions. account=account#-1974409081#
04-13 15:47:26.414  1799  1923 W ctxmgr  : [AclManager]checkPermissionTypeStatus: no write permission for { uid=10007, packageName=com.google.android.gms }. Returned permission was: USER_CONSENT_REQUIRED for context name=SCREEN, account=account#-1974409081#
04-13 15:47:26.416  1205  1205 V WebViewChromiumFactoryProvider: Binding Chromium to main looper Looper (main, tid 1) {d28ac80}
04-13 15:47:26.416  1205  1205 I cr_LibraryLoader: Expected native library version number "49.0.2623.105", actual native library version number "49.0.2623.105"
04-13 15:47:26.416  1205  1205 I chromium: [INFO:library_loader_hooks.cc(144)] Chromium logging enabled: level = 0, default verbosity = 0
04-13 15:47:26.419  1192  1192 I AccountManager: Creating instance, path(login_info.sqlite), version(3)
04-13 15:47:26.420  1192  1192 D SessionManager: addUserInfoListenercom.evernote.skitch.sync.UserSessionUpdater@b23b30d
04-13 15:47:26.421  1192  1192 D SyncProgressWatcher: setInstance set to null
04-13 15:47:26.431  1205  1205 I cr_BrowserStartup: Initializing chromium process, singleProcess=true
04-13 15:47:26.453  1205  1205 I Adreno-EGL: <qeglDrvAPI_eglInitialize:379>: QUALCOMM Build: 10/21/15, 369a2ea, I96aee987eb
04-13 15:47:26.465  1192  1192 I EvernoteOpenHelper: Initializing: version(1), 9 DDL Listeners
04-13 15:47:26.465  1192  1192 I EvernoteOpenHelper: ... DDL Listener: com.evernote.client.dao.android.NotebookDao$NotebookDdl
04-13 15:47:26.465  1192  1192 I EvernoteOpenHelper: ... DDL Listener: com.evernote.client.dao.android.NoteDao$NoteDdl
04-13 15:47:26.465  1192  1192 I EvernoteOpenHelper: ... DDL Listener: com.evernote.client.dao.android.ResourceDao$ResourceDdl
04-13 15:47:26.465  1192  1192 I EvernoteOpenHelper: ... DDL Listener: com.evernote.client.dao.android.TagDao$TagDdl
04-13 15:47:26.465  1192  1192 I EvernoteOpenHelper: ... DDL Listener: com.evernote.client.dao.android.NoteTagDao$NoteTagDdl
04-13 15:47:26.465  1192  1192 I EvernoteOpenHelper: ... DDL Listener: com.evernote.client.dao.android.LazyMapDao$LazyMapDdl
04-13 15:47:26.466  1192  1192 I EvernoteOpenHelper: ... DDL Listener: com.evernote.client.dao.android.LazyMapDao$LazyMapDdl
04-13 15:47:26.466  1192  1192 I EvernoteOpenHelper: ... DDL Listener: com.evernote.client.dao.android.LazyMapDao$LazyMapDdl
04-13 15:47:26.466  1192  1192 I EvernoteOpenHelper: ... DDL Listener: com.evernote.client.dao.android.AndroidThumbnailDao$ThumbnailDdl
04-13 15:47:26.498  1205  1261 W cr_media: Requires BLUETOOTH permission
04-13 15:47:26.528  1205  1205 D cr_Ime  : [InputMethodManagerWrapper.java:27] Constructor
04-13 15:47:26.535  1205  1205 W cr_AwContents: onDetachedFromWindow called when already detached. Ignoring
04-13 15:47:26.537  1205  1205 D cr_Ime  : [InputMethodManagerWrapper.java:56] isActive: false
04-13 15:47:26.548  1110  1160 V JNIHelp : Registering com/google/android/gms/org/conscrypt/NativeCrypto's 254 native methods...
04-13 15:47:26.548  1205  1205 D SystemWebViewEngine: CordovaWebView is running on device made by: LGE
04-13 15:47:26.557  1205  1205 D cr_Ime  : [InputMethodManagerWrapper.java:56] isActive: false
04-13 15:47:26.558  1205  1205 V StatusBar: StatusBar: initialization
04-13 15:47:26.565  1192  1288 D MarketUtils: isPackageInstalled() - com.android.vending is installed
04-13 15:47:26.566  1192  1288 D AutoUpdate: last update=0 updateCheckPeriod=86400000
04-13 15:47:26.566  1192  1288 I AutoUpdate: checkAutoUpdate()::auto update not enabled
04-13 15:47:26.576   779  1567 I ActivityManager: Start proc 1293:org.mozilla.firefox/u0a37 for broadcast org.mozilla.firefox/org.mozilla.gecko.webapp.UninstallListener
04-13 15:47:26.589  1110  1160 I ProviderInstaller: Installed default security provider GmsCore_OpenSSL
04-13 15:47:26.590  1205  1319 D OpenGLRenderer: Use EGL_SWAP_BEHAVIOR_PRESERVED: true
04-13 15:47:26.672  1205  1319 I OpenGLRenderer: Initialized EGL, version 1.4
04-13 15:47:26.720  1205  1337 E libEGL  : validate_display:255 error 3008 (EGL_BAD_DISPLAY)
04-13 15:47:26.724   779   800 I ActivityManager: Displayed com.ionicframework.qrimdemo516795/.MainActivity: +501ms
04-13 15:47:26.728  1144  1144 D AndroidRuntime: Shutting down VM
04-13 15:47:26.756  1205  1205 W cr_BindingManager: Cannot call determinedVisibility() - never saw a connection for the pid: 1205
04-13 15:47:26.771  1293  1293 I GeckoWebappUninstallListener: Package is being replaced; ignoring removal intent
04-13 15:47:26.805   779  8693 I ActivityManager: Start proc 1353:com.google.android.partnersetup/u0a11 for broadcast com.google.android.partnersetup/.RlzPingBroadcastReceiver
04-13 15:47:26.845  1353  1353 W System  : ClassLoader referenced unknown path: /system/priv-app/GooglePartnerSetup/lib/arm
04-13 15:47:26.918  1073  1073 I Finsky  : [1] com.google.android.finsky.utils.PermissionPolicies$PermissionPolicyService.onStartCommand(117): post-install permissions check for com.ionicframework.qrimdemo516795
04-13 15:47:26.924  1443  1109 D PkgBroadcastIntentOp: Received broadcast action=android.intent.action.PACKAGE_ADDED and uri=com.ionicframework.qrimdemo516795
04-13 15:47:26.941  1443  1109 D WearableController: Received broadcast action=android.intent.action.PACKAGE_ADDED and uri=com.ionicframework.qrimdemo516795
04-13 15:47:26.963   779  1567 I ActivityManager: Killing 25856:com.google.android.inputmethod.latin/u0a54 (adj 15): empty #17
04-13 15:47:26.971  1443  1443 D AsyncTaskServiceImpl: Submit a task: k
04-13 15:47:27.034  2081  2081 E ActivityThread: Performing stop of activity that is not resumed: {com.whatsapp/com.whatsapp.HomeActivity}
04-13 15:47:27.034  2081  2081 E ActivityThread: java.lang.RuntimeException: Performing stop of activity that is not resumed: {com.whatsapp/com.whatsapp.HomeActivity}
04-13 15:47:27.034  2081  2081 E ActivityThread: 	at android.app.ActivityThread.performStopActivityInner(ActivityThread.java:3465)
04-13 15:47:27.034  2081  2081 E ActivityThread: 	at android.app.ActivityThread.handleStopActivity(ActivityThread.java:3550)
04-13 15:47:27.034  2081  2081 E ActivityThread: 	at android.app.ActivityThread.-wrap20(ActivityThread.java)
04-13 15:47:27.034  2081  2081 E ActivityThread: 	at android.app.ActivityThread$H.handleMessage(ActivityThread.java:1373)
04-13 15:47:27.034  2081  2081 E ActivityThread: 	at android.os.Handler.dispatchMessage(Handler.java:102)
04-13 15:47:27.034  2081  2081 E ActivityThread: 	at android.os.Looper.loop(Looper.java:148)
04-13 15:47:27.034  2081  2081 E ActivityThread: 	at android.app.ActivityThread.main(ActivityThread.java:5417)
04-13 15:47:27.034  2081  2081 E ActivityThread: 	at java.lang.reflect.Method.invoke(Native Method)
04-13 15:47:27.034  2081  2081 E ActivityThread: 	at com.android.internal.os.ZygoteInit$MethodAndArgsCaller.run(ZygoteInit.java:726)
04-13 15:47:27.034  2081  2081 E ActivityThread: 	at com.android.internal.os.ZygoteInit.main(ZygoteInit.java:616)
04-13 15:47:27.044   779   789 I ActivityManager: Activity reported stop, but no longer stopping: ActivityRecord{5e4e4a5 u0 com.whatsapp/.HomeActivity t317}
04-13 15:47:27.062  1443  1385 D k       : Processing package: com.ionicframework.qrimdemo516795
04-13 15:47:27.069  1443  1385 D GassUtils: Found app info for package com.ionicframework.qrimdemo516795:18. Hash: 58d455a9fb8531c85d24c7b8e55abf1275cdaddf5f5b386ef9a5417198018fde
04-13 15:47:27.069  1443  1385 D k       : Found info for package com.ionicframework.qrimdemo516795 in db.
04-13 15:47:27.140  1573  1392 I UpdateIcingCorporaServi: Updating corpora: APPS=com.ionicframework.qrimdemo516795, CONTACTS=MAYBE
04-13 15:47:27.166   779  1336 I ActivityManager: START u0 {flg=0x10800000 cmp=com.estrongs.android.pop/.app.InstallMonitorActivity (has extras)} from uid 10122 on display 0
04-13 15:47:27.267  1573  1392 I UpdateIcingCorporaServi: UpdateCorporaTask done [took 127 ms] updated apps [took 127 ms] 
04-13 15:47:27.385   779   799 D BluetoothManagerService: Added callback: android.bluetooth.IBluetoothManagerCallback$Stub$Proxy@e3dd235:true
04-13 15:47:27.395   779   789 W InputMethodManagerService: Window already focused, ignoring focus gain of: com.android.internal.view.IInputMethodClient$Stub$Proxy@5cd6ca attribute=null, token = android.os.BinderProxy@1ae2647
04-13 15:47:27.400 30928 30970 W FlurryAgent: Flurry session started for context:com.estrongs.android.pop.app.InstallMonitorActivity@949d565
04-13 15:47:27.400 30928 30970 W FlurryAgent: Flurry session resumed for context:com.estrongs.android.pop.app.InstallMonitorActivity@949d565
04-13 15:47:27.437 30928 30970 I WebViewFactory: Loading com.google.android.webview version 49.0.2623.105 (code 262310500)
04-13 15:47:27.459  1443  1109 D PkgBroadcastIntentOp: Received broadcast action=android.intent.action.PACKAGE_REPLACED and uri=com.ionicframework.qrimdemo516795
04-13 15:47:27.463  1443  1443 D AsyncTaskServiceImpl: Submit a task: k
04-13 15:47:27.470  1443  1385 D k       : Processing package: com.ionicframework.qrimdemo516795
04-13 15:47:27.476  1443  1385 D GassUtils: Found app info for package com.ionicframework.qrimdemo516795:18. Hash: 58d455a9fb8531c85d24c7b8e55abf1275cdaddf5f5b386ef9a5417198018fde
04-13 15:47:27.476  1443  1385 D k       : Found info for package com.ionicframework.qrimdemo516795 in db.
04-13 15:47:27.484  1799  1799 E NetworkScheduler.SchedulerReceiver: Invalid parameter app
04-13 15:47:27.484  1799  1799 E NetworkScheduler.SchedulerReceiver: Invalid package name : Perhaps you didn't include a PendingIntent in the extras?
04-13 15:47:27.495   779  1336 I ActivityManager: Start proc 1411:com.google.android.apps.magazines/u0a56 for broadcast com.google.android.apps.magazines/com.google.apps.dots.android.app.receiver.FirstInstallNotificationReceiver
04-13 15:47:27.517 30928 30970 I cr_LibraryLoader: Time to load native libraries: 4 ms (timestamps 5898-5902)
04-13 15:47:27.517 30928 30970 I cr_LibraryLoader: Expected native library version number "49.0.2623.105", actual native library version number "49.0.2623.105"
04-13 15:47:27.597 30928 30970 V WebViewChromiumFactoryProvider: Binding Chromium to main looper Looper (main, tid 1) {387d8db}
04-13 15:47:27.602 30928 30928 I cr_LibraryLoader: Expected native library version number "49.0.2623.105", actual native library version number "49.0.2623.105"
04-13 15:47:27.602 30928 30928 I chromium: [INFO:library_loader_hooks.cc(144)] Chromium logging enabled: level = 0, default verbosity = 0
04-13 15:47:27.607  1411  1411 W System  : ClassLoader referenced unknown path: /data/app/com.google.android.apps.magazines-2/lib/arm
04-13 15:47:27.612 30928 30928 I cr_BrowserStartup: Initializing chromium process, singleProcess=true
04-13 15:47:27.634 30928 30928 I Adreno-EGL: <qeglDrvAPI_eglInitialize:379>: QUALCOMM Build: 10/21/15, 369a2ea, I96aee987eb
04-13 15:47:27.677  1205  1205 D JsMessageQueue: Set native->JS mode to OnlineEventsBridgeMode
04-13 15:47:27.692 30928 30970 E FlurryAgent: GOOGLE PLAY SERVICES EXCEPTION: com.google.android.gms.common.GooglePlayServicesUtil
04-13 15:47:27.692 30928 30970 E FlurryAgent: There is a problem with the Google Play Services library, which is required for Android Advertising ID support. The Google Play Services library should be integrated in any app shipping in the Play Store that uses analytics or advertising.
04-13 15:47:27.700   779   948 D ConnectivityService: listenForNetwork for Listen from uid/pid:10122/30928 for NetworkRequest [ id=12, legacyType=-1, [ Capabilities: INTERNET&NOT_RESTRICTED&TRUSTED&NOT_VPN] ]
04-13 15:47:27.710  1411  1411 I MultiDex: VM with version 2.1.0 has multidex support
04-13 15:47:27.710  1411  1411 I MultiDex: install
04-13 15:47:27.710  1411  1411 I MultiDex: VM has multidex support, MultiDex support library is disabled.
04-13 15:47:27.730 30928 30970 W FlurryAgent: Flurry session paused for context:com.estrongs.android.pop.app.InstallMonitorActivity@949d565
04-13 15:47:27.739 30928 30970 W System.err: java.lang.NullPointerException: Attempt to invoke virtual method 'void com.flurry.sdk.kv.a(com.flurry.sdk.ku, java.lang.String)' on a null object reference
04-13 15:47:27.739 30928 30970 W System.err: 	at com.flurry.sdk.kt.d(Unknown Source)
04-13 15:47:27.739 30928 30970 W System.err: 	at com.flurry.sdk.kt$3.a(Unknown Source)
04-13 15:47:27.739 30928 30970 W System.err: 	at com.flurry.sdk.ly.run(Unknown Source)
04-13 15:47:27.739 30928 30970 W System.err: 	at android.os.Handler.handleCallback(Handler.java:739)
04-13 15:47:27.739 30928 30970 W System.err: 	at android.os.Handler.dispatchMessage(Handler.java:95)
04-13 15:47:27.739 30928 30970 W System.err: 	at android.os.Looper.loop(Looper.java:148)
04-13 15:47:27.739 30928 30970 W System.err: 	at android.os.HandlerThread.run(HandlerThread.java:61)
04-13 15:47:27.739 30928 30970 W System.err: java.lang.NullPointerException: Attempt to invoke virtual method 'java.util.List com.flurry.sdk.kv.a()' on a null object reference
04-13 15:47:27.739 30928 30970 W System.err: 	at com.flurry.sdk.kt.g(Unknown Source)
04-13 15:47:27.739 30928 30970 W System.err: 	at com.flurry.sdk.kt$4.a(Unknown Source)
04-13 15:47:27.739 30928 30970 W System.err: 	at com.flurry.sdk.ly.run(Unknown Source)
04-13 15:47:27.740 30928 30970 W System.err: 	at android.os.Handler.handleCallback(Handler.java:739)
04-13 15:47:27.740 30928 30970 W System.err: 	at android.os.Handler.dispatchMessage(Handler.java:95)
04-13 15:47:27.740 30928 30970 W System.err: 	at android.os.Looper.loop(Looper.java:148)
04-13 15:47:27.740 30928 30970 W System.err: 	at android.os.HandlerThread.run(HandlerThread.java:61)
04-13 15:47:27.925  1411  1411 I GAv4    : Google Analytics 8.2.98 is starting up. To enable debug logging on a device run:
04-13 15:47:27.925  1411  1411 I GAv4    :   adb shell setprop log.tag.GAv4 DEBUG
04-13 15:47:27.925  1411  1411 I GAv4    :   adb logcat -s GAv4
04-13 15:47:27.943  1411  1411 W GAv4    : AnalyticsReceiver is not registered or is disabled. Register the receiver for reliable dispatching on non-Google Play devices. See http://goo.gl/8Rd3yj for instructions.
04-13 15:47:27.961  1411  1473 W GAv4    : AnalyticsService not registered in the app manifest. Hits might not be delivered reliably. See http://goo.gl/8Rd3yj for instructions.
04-13 15:47:28.146  1443  2339 I Icing   : Indexing 7DB233DE0210A0C0E0C9DDEBD0EDC7BC3C1C9868 from com.google.android.gms
04-13 15:47:28.179  1205  1205 W cr_BindingManager: Cannot call determinedVisibility() - never saw a connection for the pid: 1205
04-13 15:47:28.182  1411  1411 I NSApplication: Starting up...
04-13 15:47:28.218   779   789 I ActivityManager: Start proc 1524:com.google.android.apps.cloudprint/u0a32 for broadcast com.google.android.apps.cloudprint/.printdialog.receivers.UpgradeBroadcastReceiver
04-13 15:47:28.264  1411  1411 W MagazinesUserContentService: Magazines are not enabled for this country, so no offers or magazines
04-13 15:47:28.271  1524  1524 W System  : ClassLoader referenced unknown path: /data/app/com.google.android.apps.cloudprint-2/lib/arm
04-13 15:47:28.275  1411  1411 W MagazinesUserContentService: Magazines are not enabled for this country, so no offers or magazines
04-13 15:47:28.288  1443  2339 I Icing   : Indexing done 7DB233DE0210A0C0E0C9DDEBD0EDC7BC3C1C9868
04-13 15:47:28.289  1443  2339 I Icing   : Indexing 97F14F9CC76EFC1A87CF204055595ACEB9C51C91 from com.google.android.googlequicksearchbox
04-13 15:47:28.293  1443  1443 V Herrevad: NQAS connected
04-13 15:47:28.345  1443  2339 I Icing   : Indexing done 97F14F9CC76EFC1A87CF204055595ACEB9C51C91
04-13 15:47:28.374   779  8693 I ActivityManager: Killing 28994:com.android.providers.calendar/u0a1 (adj 15): empty #17
04-13 15:47:28.592   779   790 I ActivityManager: Start proc 1569:com.instagram.android/u0a171 for broadcast com.instagram.android/com.instagram.selfupdate.SelfUpdateUpgradeEventReceiver
04-13 15:47:28.646  1205  1205 I chromium: [INFO:CONSOLE(24)] "No Content-Security-Policy meta tag found. Please add one when using the cordova-plugin-whitelist plugin.", source: file:///android_asset/www/plugins/cordova-plugin-whitelist/whitelist.js (24)
04-13 15:47:28.647  1443  2339 I Icing   : Indexing 7DB233DE0210A0C0E0C9DDEBD0EDC7BC3C1C9868 from com.google.android.gms
04-13 15:47:28.648  1443  2339 I Icing   : Indexing done 7DB233DE0210A0C0E0C9DDEBD0EDC7BC3C1C9868
04-13 15:47:28.649  1569  1569 D a       : ACRA init; reportURL: https://www.facebook.com/mobile/instagram_android_crash_logs/
04-13 15:47:28.652  1569  1569 D a       : ACRA is enabled for com.instagram.android, intializing...
04-13 15:47:28.679  1205  1591 V StatusBar: Executing action: _ready
04-13 15:47:28.685  1569  1569 V fb-UnpackingSoSource: locked dso store /data/user/0/com.instagram.android/lib-main
04-13 15:47:28.688  1569  1569 I fb-UnpackingSoSource: dso store is up-to-date: /data/user/0/com.instagram.android/lib-main
04-13 15:47:28.688  1569  1569 V fb-UnpackingSoSource: releasing dso store lock for /data/user/0/com.instagram.android/lib-main
04-13 15:47:28.717  1205  1591 V StatusBar: Executing action: overlaysWebView
04-13 15:47:28.727  1205  1205 I chromium: [INFO:CONSOLE(27)] "Uncaught ReferenceError: $cordovaStatusBar is not defined", source: file:///android_asset/www/js/app.js (27)
04-13 15:47:28.761   203   811 D audio_hw_primary: disable_audio_route: reset and update mixer path: low-latency-playback
04-13 15:47:28.761   203   811 D audio_hw_primary: disable_snd_device: snd_device(2: speaker)
04-13 15:47:28.836  1569  1569 I IgDiscardableRuntime: JNI_OnLoad
04-13 15:47:28.858  1293  1293 I FxAccounts: firefox :: FxAccountUpgradeReceiver :: Upgrade broadcast received.
04-13 15:47:28.861  1569  1569 W ColdStartPerformanceTracer: .                   TOTAL   THREAD
04-13 15:47:28.861  1569  1569 W ColdStartPerformanceTracer: ____0 00.000 Start    ...     ...   ColdStartPerformanceTracer
04-13 15:47:28.861  1569  1569 W ColdStartPerformanceTracer: __179 00.179 Done __179 ms __123 ms ColdStartPerformanceTracer
04-13 15:47:28.862  1293  1610 I FxAccounts: firefox :: FxAccountUpgradeReceiver :: Trying to unpickle any pickled Firefox Account.
04-13 15:47:28.873  1293  1293 I FxAccounts: firefox :: UpgradeReceiver :: No Sync Accounts found; not upgrading anything.
04-13 15:47:28.879  1293  1610 I FxAccounts: firefox :: FxAccountUpgradeReceiver :: Trying to advance 0 existing Firefox Accounts from the Doghouse to Separated (if necessary).
04-13 15:47:28.880  1799  1799 V UserPresentBroadcastReceiver: Received Intent { act=android.intent.action.USER_PRESENT flg=0x24000010 cmp=com.google.android.gms/.auth.trustagent.UserPresentBroadcastReceiver }.
04-13 15:47:28.898   779  1336 I ActivityManager: Start proc 1621:com.google.android.apps.fitness/u0a96 for broadcast com.google.android.apps.fitness/.widget.TodayStatusWidgetProvider
04-13 15:47:28.950  1621  1621 W System  : ClassLoader referenced unknown path: /data/app/com.google.android.apps.fitness-2/lib/arm
04-13 15:47:29.036   779  1316 I ActivityManager: Killing 29044:com.google.android.calendar/u0a28 (adj 15): empty #17
04-13 15:47:29.107   779  1316 I ActivityManager: Killing 9169:com.skype.raider/u0a115 (adj 15): empty #17
04-13 15:47:29.122   779   884 D WifiService: Client connection lost with reason: 4
04-13 15:47:29.219   779  1336 I ActivityManager: Start proc 1657:com.mapswithme.maps.pro/u0a167 for broadcast com.mapswithme.maps.pro/com.parse.ParseBroadcastReceiver
04-13 15:47:29.433  1657  1657 D libcrashlytics: Initializing libcrashlytics version 1.1.2
04-13 15:47:29.433  1657  1657 D libcrashlytics: Attempting to load unwinder...
04-13 15:47:29.453  1657  1657 E libcrashlytics: Failed to find any usable unwinding libraries on the device, falling back to simple unwinding
04-13 15:47:29.453  1657  1657 D libcrashlytics: Done; using simple
04-13 15:47:29.453  1657  1657 D libcrashlytics: Attempting to register signal handler...
04-13 15:47:29.453  1657  1657 D libcrashlytics: Signal handler registered.
04-13 15:47:29.453  1657  1657 D libcrashlytics: Initializing native crash handling successful.
04-13 15:47:29.465  1657  1657 I CrashlyticsCore: Initializing Crashlytics 2.3.8.97
04-13 15:47:29.491  1657  1657 I MapsWithMe_JNI: platform/Platform.cpp:106 Initialize()  Flavor name: google
04-13 15:47:29.491  1657  1657 I MapsWithMe_JNI: platform/Platform.cpp:107 Initialize()  Build type name: release
04-13 15:47:29.491  1657  1657 I MapsWithMe_JNI: platform/settings.cpp:35 StringStorage()  Settings path: /storage/emulated/0/MapsWithMe/settings.ini
04-13 15:47:29.493  1657  1657 I MapsWithMe_JNI: platform/Platform.cpp:126 Initialize()  Could not read writable dir. Use primary storage.
04-13 15:47:29.499  1657  1657 I MapsWithMe_JNI: platform/Platform.cpp:137 Initialize()  Apk path =  /data/app/com.mapswithme.maps.pro-1/base.apk
04-13 15:47:29.499  1657  1657 I MapsWithMe_JNI: platform/Platform.cpp:138 Initialize()  Writable path =  /storage/emulated/0/MapsWithMe/
04-13 15:47:29.499  1657  1657 I MapsWithMe_JNI: platform/Platform.cpp:139 Initialize()  Temporary path =  /storage/emulated/0/Android/data/com.mapswithme.maps.pro/cache
04-13 15:47:29.499  1657  1657 I MapsWithMe_JNI: platform/Platform.cpp:140 Initialize()  Settings path =  /storage/emulated/0/MapsWithMe/
04-13 15:47:29.500  1657  1657 I MapsWithMe_JNI: platform/Platform.cpp:141 Initialize()  OBB Google path =  /storage/emulated/0/Android/obb/com.mapswithme.maps.pro/
04-13 15:47:29.500  1657  1657 I MapsWithMe_JNI: platform/Platform.cpp:142 Initialize()  OBB Google files =  [2: main.1530.com.mapswithme.maps.pro.obb patch.1601.com.mapswithme.maps.pro.obb ]
04-13 15:47:29.522  1657  1686 W ActivityThread: ClassLoader.loadClass: The class loader returned by Thread.getContextClassLoader() may fail for processes that host multiple applications. You should explicitly specify a context class loader. For example: Thread.setContextClassLoader(getClass().getClassLoader());
04-13 15:47:29.568   779  8693 I ActivityManager: Killing 9024:com.google.android.talk/u0a51 (adj 15): empty #17
04-13 15:47:29.576 30928  1695 W ResourceType: No package identifier when getting value for resource number 0x00000000
04-13 15:47:32.189   779  1567 I ActivityManager: Killing 1041:com.android.keychain/1000 (adj 15): empty #17
04-13 15:47:32.932   779  1323 I ActivityManager: Killing 1353:com.google.android.partnersetup/u0a11 (adj 15): empty #17
04-13 15:47:34.539   779  2425 I ActivityManager: Killing 1059:jp.co.omronsoft.iwnnime.ml/u0a72 (adj 15): empty #17
04-13 15:47:35.076  1569  1601 I UrlRequestFactory: Using network stack: Cronet/49.0.2596.2@e45bad16
04-13 15:47:35.078   779  1567 D ConnectivityService: listenForNetwork for Listen from uid/pid:10171/1569 for NetworkRequest [ id=13, legacyType=-1, [ Capabilities: INTERNET&NOT_RESTRICTED&TRUSTED&NOT_VPN] ]
04-13 15:47:35.558  4676  4685 W art     : Suspending all threads took: 6.667ms
04-13 15:47:37.591   779   875 I InputReader: Reconfiguring input devices.  changes=0x00000010
04-13 15:47:37.593   779   792 I ActivityManager: Start proc 1955:com.google.android.talk/u0a51 for broadcast com.google.android.talk/com.google.android.apps.hangouts.phone.PackageReplacedReceiver
04-13 15:47:37.769 30928 30970 W FlurryAgent: Flurry session ended
04-13 15:47:37.807 30928 30970 W System.err: java.lang.NullPointerException: Attempt to invoke virtual method 'void com.flurry.sdk.kv.a(com.flurry.sdk.ku, java.lang.String)' on a null object reference
04-13 15:47:37.807 30928 30970 W System.err: 	at com.flurry.sdk.kt.d(Unknown Source)
04-13 15:47:37.807 30928 30970 W System.err: 	at com.flurry.sdk.kt$3.a(Unknown Source)
04-13 15:47:37.808 30928 30970 W System.err: 	at com.flurry.sdk.ly.run(Unknown Source)
04-13 15:47:37.808 30928 30970 W System.err: 	at android.os.Handler.handleCallback(Handler.java:739)
04-13 15:47:37.808 30928 30970 W System.err: 	at android.os.Handler.dispatchMessage(Handler.java:95)
04-13 15:47:37.808 30928 30970 W System.err: 	at android.os.Looper.loop(Looper.java:148)
04-13 15:47:37.808 30928 30970 W System.err: 	at android.os.HandlerThread.run(HandlerThread.java:61)
04-13 15:47:37.808 30928 30970 W System.err: java.lang.NullPointerException: Attempt to invoke virtual method 'java.util.List com.flurry.sdk.kv.a()' on a null object reference
04-13 15:47:37.808 30928 30970 W System.err: 	at com.flurry.sdk.kt.g(Unknown Source)
04-13 15:47:37.808 30928 30970 W System.err: 	at com.flurry.sdk.kt$4.a(Unknown Source)
04-13 15:47:37.808 30928 30970 W System.err: 	at com.flurry.sdk.ly.run(Unknown Source)
04-13 15:47:37.808 30928 30970 W System.err: 	at android.os.Handler.handleCallback(Handler.java:739)
04-13 15:47:37.808 30928 30970 W System.err: 	at android.os.Handler.dispatchMessage(Handler.java:95)
04-13 15:47:37.809 30928 30970 W System.err: 	at android.os.Looper.loop(Looper.java:148)
04-13 15:47:37.809 30928 30970 W System.err: 	at android.os.HandlerThread.run(HandlerThread.java:61)
04-13 15:47:37.903  1955  1955 I Babel_telephony: TeleModule.onApplicationCreate
04-13 15:47:37.916  1955  2006 I Babel_SMS: MmsConfig: mnc/mcc: 748/1
04-13 15:47:37.917  1955  2006 I Babel_SMS: MmsConfig.loadMmsSettings
04-13 15:47:37.918  1955  2006 I Babel_SMS: MmsConfig.loadDeviceMmsSettings from API: mUserAgent=Nexus5, mUaProfUrl=http://gsm.lge.com/html/gsm/Nexus5-M3.xml
04-13 15:47:37.918  1955  2006 I Babel_SMS: MmsConfig.loadFromDatabase
04-13 15:47:37.949  1955  2006 E SQLiteLog: (1) no such table: mmsconfig
04-13 15:47:37.953  1955  2006 I Babel_SMS: MmsConfig: no mmsconfig table android.database.sqlite.SQLiteException: no such table: mmsconfig (code 1): , while compiling: SELECT key, value, type FROM mmsconfig WHERE numeric=?
04-13 15:47:37.953  1955  2006 I Babel_SMS: MmsConfig.loadFromResources
04-13 15:47:37.955  1955  2006 E Babel_SMS: canonicalizeMccMnc: invalid mccmnc nullnull
04-13 15:47:37.958  1955  2006 I Babel_SMS: MmsConfig.loadMmsSettings: mUserAgent=Nexus5, mUaProfUrl=http://gsm.lge.com/html/gsm/Nexus5-M3.xml
04-13 15:47:38.068  1799  1799 I GCoreNlp: !shouldConfirmNlp, ensuring user opted into NLP
04-13 15:47:38.096  1799  1849 D GCoreFlp: FLP HAL exists but batch size is <= 0.  Disabling FLP HAL.
04-13 15:47:38.141  1799  1849 W GCoreFlp: No location to return for getLastLocation()
04-13 15:47:38.145  1799  1849 D GCoreFlp: FLP HAL exists but batch size is <= 0.  Disabling FLP HAL.
04-13 15:47:38.166  1955  1955 I Babel_Crash: Startup - clean
04-13 15:47:38.248  1955  1955 D Babel   : onCreate: Shutdown runnable posted in onCreate with a delay of 5000 ms.
04-13 15:47:38.254  1443  2017 D PkgBroadcastIntentOp: Received broadcast action=android.intent.action.PACKAGE_CHANGED and uri=com.google.android.gms
04-13 15:47:38.254  1443  2017 I PkgBroadcastIntentOp: Null package name or gms related package.  Ignoreing.
04-13 15:47:38.265  1443  2017 D WearableController: Received broadcast action=android.intent.action.PACKAGE_CHANGED and uri=com.google.android.gms
04-13 15:47:38.269  1573  2021 I UpdateIcingCorporaServi: Updating corpora: APPS=com.google.android.gms, CONTACTS=MAYBE
04-13 15:47:38.330  1573  2021 I UpdateIcingCorporaServi: UpdateCorporaTask done [took 60 ms] updated apps [took 60 ms] 
04-13 15:47:38.337  1443  2339 I Icing   : updateResources: need to parse f{com.google.android.gms}
04-13 15:47:38.356  1955  1955 V JNIHelp : Registering com/google/android/gms/org/conscrypt/NativeCrypto's 254 native methods...
04-13 15:47:38.382  1955  1955 I ProviderInstaller: Installed default security provider GmsCore_OpenSSL
04-13 15:47:38.397  1955  2028 D Babel   : Idle: Shutdown runnable posted in release with a delay of 5000 ms.
04-13 15:47:38.646  1205  1205 I chromium: [INFO:CONSOLE(26)] "No Content-Security-Policy meta tag found. Please add one when using the cordova-plugin-whitelist plugin.", source: file:///android_asset/www/plugins/cordova-plugin-whitelist/whitelist.js (26)
04-13 15:47:39.478  1443  2339 I Icing   : Indexing 7DB233DE0210A0C0E0C9DDEBD0EDC7BC3C1C9868 from com.google.android.gms
04-13 15:47:39.572  1443  2339 I Icing   : Indexing done 7DB233DE0210A0C0E0C9DDEBD0EDC7BC3C1C9868
04-13 15:47:39.713  1799 32506 D Uploader: Network request failed class java.net.UnknownHostException(Unable to resolve host "play.googleapis.com": No address associated with hostname)
04-13 15:47:39.722  1799  1799 V GLSActivity: AuthDelegateWrapperCreated with selected intent: Intent { cmp=com.google.android.gms/.auth.DefaultAuthDelegateService }
04-13 15:47:39.723  1799  1799 V GLSActivity: AuthDelegateWrapperCreated with selected intent: Intent { cmp=com.google.android.gms/.auth.DefaultAuthDelegateService }
04-13 15:47:39.741  1799 32506 D Uploader: Network request failed class java.net.UnknownHostException(Unable to resolve host "play.googleapis.com": No address associated with hostname)
04-13 15:47:42.135  1073  1104 I Finsky  : [741] com.google.android.finsky.b.c.a(289): Completed 0 account content syncs with 0 successful.
04-13 15:47:42.135  1073  1073 I Finsky  : [1] com.google.android.finsky.services.j.a(150): Installation state replication succeeded.
04-13 15:47:43.443  1955  1955 D Babel   : RefCountedService(com.google.android.apps.hangouts.requestwriter.RequestWriter) onDestroy (count=0, startId=1 stopped=true)
04-13 15:47:45.338   779  1568 I ActivityManager: Killing 1110:com.google.android.apps.docs/u0a35 (adj 15): empty #17
04-13 15:47:48.648  1205  1205 I chromium: [INFO:CONSOLE(26)] "No Content-Security-Policy meta tag found. Please add one when using the cordova-plugin-whitelist plugin.", source: file:///android_asset/www/plugins/cordova-plugin-whitelist/whitelist.js (26)
04-13 15:47:52.941  1955  2002 W Babel   : aye TOOK TOO LONG! (15035ms > 10000ms)
04-13 15:47:52.943  1955  2000 W Babel   : aye TOOK TOO LONG! (15040ms > 10000ms)
04-13 15:47:52.966   779   948 I Telecom : PhoneAccountRegistrar: SimCallManager queried, returning: null
04-13 15:47:52.984  1955  1955 I Babel_telephony: TeleModule.updateConnectionManagerRegistration, registration preference changed from false to false
04-13 15:47:52.985  1955  1955 W Babel   : BAM#gBA: invalid account id: -1
04-13 15:47:52.985  1955  1955 W Babel   : BAM#gBA: invalid account id: -1
04-13 15:47:52.986  1955  1955 I Babel_telephony: TeleModule.updateIncomingCallRegistration, preferred account for incoming calls changed from: null to null
04-13 15:47:52.998   779  1011 I Telecom : PhoneAccountRegistrar: SimCallManager queried, returning: null
04-13 15:47:53.226  1955  2012 W Babel   : aye TOOK TOO LONG! (15023ms > 10000ms)
04-13 15:47:58.648  1205  1205 I chromium: [INFO:CONSOLE(26)] "No Content-Security-Policy meta tag found. Please add one when using the cordova-plugin-whitelist plugin.", source: file:///android_asset/www/plugins/cordova-plugin-whitelist/whitelist.js (26)
04-13 15:48:08.651  1205  1205 I chromium: [INFO:CONSOLE(26)] "No Content-Security-Policy meta tag found. Please add one when using the cordova-plugin-whitelist plugin.", source: file:///android_asset/www/plugins/cordova-plugin-whitelist/whitelist.js (26)
04-13 15:48:13.723  1205  1205 D cr_Ime  : [InputMethodManagerWrapper.java:56] isActive: true
04-13 15:48:13.723  1205  1205 D cr_Ime  : [InputMethodManagerWrapper.java:65] hideSoftInputFromWindow
04-13 15:48:14.340   779  1011 I ActivityManager: START u0 {act=com.google.zxing.client.android.SCAN cat=[android.intent.category.DEFAULT] pkg=com.ionicframework.qrimdemo516795 cmp=com.ionicframework.qrimdemo516795/com.google.zxing.client.android.CaptureActivity} from uid 10094 on display 0
04-13 15:48:14.387  1205  1205 I PlatformSupportManager: Using implementation class com.google.zxing.client.android.common.executor.HoneycombAsyncTaskExecInterface of interface com.google.zxing.client.android.common.executor.AsyncTaskExecInterface for SDK 11
04-13 15:48:14.404   203  2443 D NuPlayerDriver: notifyListener_l(0xb6098d00), (1, 0, 0)
04-13 15:48:14.404  1205  1205 D MediaPlayer: setSubtitleAnchor in MediaPlayer
04-13 15:48:14.448  1205  1205 I PlatformSupportManager: Using implementation class com.google.zxing.client.android.camera.open.GingerbreadOpenCameraInterface of interface com.google.zxing.client.android.camera.open.OpenCameraInterface for SDK 9
04-13 15:48:14.449  1205  1205 I GingerbreadOpenCamera: Opening camera #0
04-13 15:48:14.450   203   818 W ServiceManager: Permission failure: android.permission.CAMERA from uid=10094 pid=1205
04-13 15:48:14.450   203   818 E CameraService: Permission Denial: can't use the camera pid=1205, uid=10094
04-13 15:48:14.450  1205  1205 W CameraBase: An error occurred while connecting to camera: 0
04-13 15:48:14.459  1205  1205 W CaptureActivity: Unexpected error initializing camera
04-13 15:48:14.459  1205  1205 W CaptureActivity: java.lang.RuntimeException: Fail to connect to camera service
04-13 15:48:14.459  1205  1205 W CaptureActivity: 	at android.hardware.Camera.<init>(Camera.java:495)
04-13 15:48:14.459  1205  1205 W CaptureActivity: 	at android.hardware.Camera.open(Camera.java:341)
04-13 15:48:14.459  1205  1205 W CaptureActivity: 	at com.google.zxing.client.android.camera.open.GingerbreadOpenCameraInterface.open(GingerbreadOpenCameraInterface.java:62)
04-13 15:48:14.459  1205  1205 W CaptureActivity: 	at com.google.zxing.client.android.camera.CameraManager.openDriver(CameraManager.java:84)
04-13 15:48:14.459  1205  1205 W CaptureActivity: 	at com.google.zxing.client.android.CaptureActivity.initCamera(CaptureActivity.java:723)
04-13 15:48:14.459  1205  1205 W CaptureActivity: 	at com.google.zxing.client.android.CaptureActivity.surfaceCreated(CaptureActivity.java:403)
04-13 15:48:14.459  1205  1205 W CaptureActivity: 	at android.view.SurfaceView.updateWindow(SurfaceView.java:583)
04-13 15:48:14.459  1205  1205 W CaptureActivity: 	at android.view.SurfaceView$3.onPreDraw(SurfaceView.java:177)
04-13 15:48:14.459  1205  1205 W CaptureActivity: 	at android.view.ViewTreeObserver.dispatchOnPreDraw(ViewTreeObserver.java:944)
04-13 15:48:14.459  1205  1205 W CaptureActivity: 	at android.view.ViewRootImpl.performTraversals(ViewRootImpl.java:2055)
04-13 15:48:14.459  1205  1205 W CaptureActivity: 	at android.view.ViewRootImpl.doTraversal(ViewRootImpl.java:1107)
04-13 15:48:14.459  1205  1205 W CaptureActivity: 	at android.view.ViewRootImpl$TraversalRunnable.run(ViewRootImpl.java:6013)
04-13 15:48:14.459  1205  1205 W CaptureActivity: 	at android.view.Choreographer$CallbackRecord.run(Choreographer.java:858)
04-13 15:48:14.459  1205  1205 W CaptureActivity: 	at android.view.Choreographer.doCallbacks(Choreographer.java:670)
04-13 15:48:14.459  1205  1205 W CaptureActivity: 	at android.view.Choreographer.doFrame(Choreographer.java:606)
04-13 15:48:14.459  1205  1205 W CaptureActivity: 	at android.view.Choreographer$FrameDisplayEventReceiver.run(Choreographer.java:844)
04-13 15:48:14.459  1205  1205 W CaptureActivity: 	at android.os.Handler.handleCallback(Handler.java:739)
04-13 15:48:14.459  1205  1205 W CaptureActivity: 	at android.os.Handler.dispatchMessage(Handler.java:95)
04-13 15:48:14.459  1205  1205 W CaptureActivity: 	at android.os.Looper.loop(Looper.java:148)
04-13 15:48:14.459  1205  1205 W CaptureActivity: 	at android.app.ActivityThread.main(ActivityThread.java:5417)
04-13 15:48:14.459  1205  1205 W CaptureActivity: 	at java.lang.reflect.Method.invoke(Native Method)
04-13 15:48:14.459  1205  1205 W CaptureActivity: 	at com.android.internal.os.ZygoteInit$MethodAndArgsCaller.run(ZygoteInit.java:726)
04-13 15:48:14.459  1205  1205 W CaptureActivity: 	at com.android.internal.os.ZygoteInit.main(ZygoteInit.java:616)
04-13 15:48:14.615   779   800 I ActivityManager: Displayed com.ionicframework.qrimdemo516795/com.google.zxing.client.android.CaptureActivity: +270ms (total +47s422ms)
04-13 15:48:16.634   779   885 D ConnectivityService: notifyType CAP_CHANGED for NetworkAgentInfo [WIFI () - 102]
04-13 15:48:16.710  1443  1933 W GAv4-SVC: Network compressed POST connection error: java.net.UnknownHostException: Unable to resolve host "ssl.google-analytics.com": No address associated with hostname
04-13 15:48:19.806  1799 32506 E Auth    : [GoogleAccountDataServiceImpl] getToken() failed. Status NETWORK_ERROR, Account: <ELLIDED:2070146553>, App: com.google.android.gms, Service: oauth2:https://www.googleapis.com/auth/cclog
04-13 15:48:19.812  1799 32506 E Uploader: Failed to get auth token: NetworkError
04-13 15:48:19.812  1799 32506 E Uploader: java.io.IOException: NetworkError
04-13 15:48:19.812  1799 32506 E Uploader: 	at com.google.android.gms.auth.t.a(:com.google.android.gms:498)
04-13 15:48:19.812  1799 32506 E Uploader: 	at com.google.android.gms.auth.s.a(:com.google.android.gms:908)
04-13 15:48:19.812  1799 32506 E Uploader: 	at com.google.android.gms.auth.s.e(:com.google.android.gms:528)
04-13 15:48:19.812  1799 32506 E Uploader: 	at com.google.android.gms.auth.q.f(:com.google.android.gms:315)
04-13 15:48:19.812  1799 32506 E Uploader: 	at com.google.android.gms.auth.q.b(:com.google.android.gms:195)
04-13 15:48:19.812  1799 32506 E Uploader: 	at com.google.android.gms.auth.q.a(:com.google.android.gms:146)
04-13 15:48:19.812  1799 32506 E Uploader: 	at com.google.android.gms.auth.q.a(:com.google.android.gms:73)
04-13 15:48:19.812  1799 32506 E Uploader: 	at com.google.android.gms.playlog.uploader.i.a(:com.google.android.gms:761)
04-13 15:48:19.812  1799 32506 E Uploader: 	at com.google.android.gms.playlog.uploader.i.a(:com.google.android.gms:582)
04-13 15:48:19.812  1799 32506 E Uploader: 	at com.google.android.gms.playlog.uploader.i.a(:com.google.android.gms:469)
04-13 15:48:19.812  1799 32506 E Uploader: 	at com.google.android.gms.playlog.uploader.i.a(:com.google.android.gms:384)
04-13 15:48:19.812  1799 32506 E Uploader: 	at com.google.android.gms.playlog.uploader.UploaderService.b(:com.google.android.gms:100)
04-13 15:48:19.812  1799 32506 E Uploader: 	at com.google.android.gms.playlog.uploader.UploaderService.a(:com.google.android.gms:69)
04-13 15:48:19.812  1799 32506 E Uploader: 	at com.google.android.gms.gcm.aw.run(:com.google.android.gms:144)
04-13 15:48:23.693   203   811 D audio_hw_primary: out_set_parameters: enter: usecase(1: low-latency-playback) kvpairs: routing=2
04-13 15:48:23.704   203   811 D audio_hw_primary: select_devices: out_snd_device(2: speaker) in_snd_device(0: none)
04-13 15:48:23.704   203   811 D msm8974_platform: platform_send_audio_calibration: sending audio calibration for snd_device(2) acdb_id(15)
04-13 15:48:23.704   203   811 D audio_hw_primary: enable_snd_device: snd_device(2: speaker)
04-13 15:48:23.708   203   811 D audio_hw_primary: enable_audio_route: apply and update mixer path: low-latency-playback
04-13 15:48:23.709  1205  1205 D CordovaInterfaceImpl: Sending activity result to plugin
04-13 15:48:25.699   779   885 D ConnectivityService: notifyType CAP_CHANGED for NetworkAgentInfo [WIFI () - 102]
04-13 15:48:26.925   203   811 D audio_hw_primary: disable_audio_route: reset and update mixer path: low-latency-playback
04-13 15:48:26.925   203   811 D audio_hw_primary: disable_snd_device: snd_device(2: speaker)
04-13 15:48:28.710   779   885 D ConnectivityService: notifyType CAP_CHANGED for NetworkAgentInfo [WIFI () - 102]
04-13 15:48:36.803  1205  1205 D cr_Ime  : [InputMethodManagerWrapper.java:56] isActive: true
04-13 15:48:36.803  1205  1205 D cr_Ime  : [InputMethodManagerWrapper.java:65] hideSoftInputFromWindow
04-13 15:48:40.835  1205  1205 I chromium: [INFO:CONSOLE(26)] "No Content-Security-Policy meta tag found. Please add one when using the cordova-plugin-whitelist plugin.", source: file:///android_asset/www/plugins/cordova-plugin-whitelist/whitelist.js (26)
04-13 15:48:40.913   779  1011 I ActivityManager: START u0 {act=com.google.zxing.client.android.SCAN cat=[android.intent.category.DEFAULT] pkg=com.ionicframework.qrimdemo516795 cmp=com.ionicframework.qrimdemo516795/com.google.zxing.client.android.CaptureActivity} from uid 10094 on display 0
04-13 15:48:40.936  1205  1205 I PlatformSupportManager: Using implementation class com.google.zxing.client.android.common.executor.HoneycombAsyncTaskExecInterface of interface com.google.zxing.client.android.common.executor.AsyncTaskExecInterface for SDK 11
04-13 15:48:40.953   203  2726 D NuPlayerDriver: notifyListener_l(0xb2874060), (1, 0, 0)
04-13 15:48:40.953  1205  1205 D MediaPlayer: setSubtitleAnchor in MediaPlayer
04-13 15:48:40.980  1205  1205 I PlatformSupportManager: Using implementation class com.google.zxing.client.android.camera.open.GingerbreadOpenCameraInterface of interface com.google.zxing.client.android.camera.open.OpenCameraInterface for SDK 9
04-13 15:48:40.980  1205  1205 I GingerbreadOpenCamera: Opening camera #0
04-13 15:48:40.981   203   203 W ServiceManager: Permission failure: android.permission.CAMERA from uid=10094 pid=1205
04-13 15:48:40.981   203   203 E CameraService: Permission Denial: can't use the camera pid=1205, uid=10094
04-13 15:48:40.981  1205  1205 W CameraBase: An error occurred while connecting to camera: 0
04-13 15:48:40.981  1205  1205 W CaptureActivity: Unexpected error initializing camera
04-13 15:48:40.981  1205  1205 W CaptureActivity: java.lang.RuntimeException: Fail to connect to camera service
04-13 15:48:40.981  1205  1205 W CaptureActivity: 	at android.hardware.Camera.<init>(Camera.java:495)
04-13 15:48:40.981  1205  1205 W CaptureActivity: 	at android.hardware.Camera.open(Camera.java:341)
04-13 15:48:40.981  1205  1205 W CaptureActivity: 	at com.google.zxing.client.android.camera.open.GingerbreadOpenCameraInterface.open(GingerbreadOpenCameraInterface.java:62)
04-13 15:48:40.981  1205  1205 W CaptureActivity: 	at com.google.zxing.client.android.camera.CameraManager.openDriver(CameraManager.java:84)
04-13 15:48:40.981  1205  1205 W CaptureActivity: 	at com.google.zxing.client.android.CaptureActivity.initCamera(CaptureActivity.java:723)
04-13 15:48:40.981  1205  1205 W CaptureActivity: 	at com.google.zxing.client.android.CaptureActivity.surfaceCreated(CaptureActivity.java:403)
04-13 15:48:40.981  1205  1205 W CaptureActivity: 	at android.view.SurfaceView.updateWindow(SurfaceView.java:583)
04-13 15:48:40.981  1205  1205 W CaptureActivity: 	at android.view.SurfaceView$3.onPreDraw(SurfaceView.java:177)
04-13 15:48:40.981  1205  1205 W CaptureActivity: 	at android.view.ViewTreeObserver.dispatchOnPreDraw(ViewTreeObserver.java:944)
04-13 15:48:40.981  1205  1205 W CaptureActivity: 	at android.view.ViewRootImpl.performTraversals(ViewRootImpl.java:2055)
04-13 15:48:40.981  1205  1205 W CaptureActivity: 	at android.view.ViewRootImpl.doTraversal(ViewRootImpl.java:1107)
04-13 15:48:40.981  1205  1205 W CaptureActivity: 	at android.view.ViewRootImpl$TraversalRunnable.run(ViewRootImpl.java:6013)
04-13 15:48:40.981  1205  1205 W CaptureActivity: 	at android.view.Choreographer$CallbackRecord.run(Choreographer.java:858)
04-13 15:48:40.981  1205  1205 W CaptureActivity: 	at android.view.Choreographer.doCallbacks(Choreographer.java:670)
04-13 15:48:40.981  1205  1205 W CaptureActivity: 	at android.view.Choreographer.doFrame(Choreographer.java:606)
04-13 15:48:40.981  1205  1205 W CaptureActivity: 	at android.view.Choreographer$FrameDisplayEventReceiver.run(Choreographer.java:844)
04-13 15:48:40.981  1205  1205 W CaptureActivity: 	at android.os.Handler.handleCallback(Handler.java:739)
04-13 15:48:40.981  1205  1205 W CaptureActivity: 	at android.os.Handler.dispatchMessage(Handler.java:95)
04-13 15:48:40.981  1205  1205 W CaptureActivity: 	at android.os.Looper.loop(Looper.java:148)
04-13 15:48:40.981  1205  1205 W CaptureActivity: 	at android.app.ActivityThread.main(ActivityThread.java:5417)
04-13 15:48:40.981  1205  1205 W CaptureActivity: 	at java.lang.reflect.Method.invoke(Native Method)
04-13 15:48:40.981  1205  1205 W CaptureActivity: 	at com.android.internal.os.ZygoteInit$MethodAndArgsCaller.run(ZygoteInit.java:726)
04-13 15:48:40.981  1205  1205 W CaptureActivity: 	at com.android.internal.os.ZygoteInit.main(ZygoteInit.java:616)
04-13 15:48:41.049   779   800 I ActivityManager: Displayed com.ionicframework.qrimdemo516795/com.google.zxing.client.android.CaptureActivity: +132ms
04-13 15:48:47.610   203   811 D audio_hw_primary: out_set_parameters: enter: usecase(1: low-latency-playback) kvpairs: routing=2
04-13 15:48:47.621   203   811 D audio_hw_primary: select_devices: out_snd_device(2: speaker) in_snd_device(0: none)
