04-13 15:47:24.013   779   806 W PackageManager: Resource path for com.ionicframework.qrimdemo516795 changing from /data/app/com.ionicframework.qrimdemo516795-2 to /data/app/com.ionicframework.qrimdemo516795-1
04-13 15:47:24.392   779   806 W PackageManager: Couldn't remove dex file for package:  at location /data/app/com.ionicframework.qrimdemo516795-2/base.apk, retcode=-1
04-13 15:47:24.393   779   806 I ActivityManager: Force stopping com.ionicframework.qrimdemo516795 appid=10094 user=0: pkg removed
04-13 15:47:24.429   779   806 W ActivityManager: Skipping broadcast of Intent { act=android.intent.action.PACKAGE_REMOVED dat=package:com.ionicframework.qrimdemo516795 flg=0x4000010 (has extras) }: user 10 is stopped
04-13 15:47:24.435   779   779 D JobSchedulerService: Receieved: android.intent.action.PACKAGE_REMOVED
04-13 15:47:24.506   779   806 W ActivityManager: Skipping broadcast of Intent { act=android.intent.action.PACKAGE_ADDED dat=package:com.ionicframework.qrimdemo516795 flg=0x4000010 (has extras) }: user 10 is stopped
04-13 15:47:24.542   779  1567 I ActivityManager: Start proc 1020:com.android.musicfx/u0a13 for broadcast com.android.musicfx/.Compatibility$Receiver
04-13 15:47:24.583   779   806 W ActivityManager: Skipping broadcast of Intent { act=android.intent.action.PACKAGE_REPLACED dat=package:com.ionicframework.qrimdemo516795 flg=0x4000010 (has extras) }: user 10 is stopped
04-13 15:47:24.584   779   806 W ActivityManager: Skipping broadcast of Intent { act=android.intent.action.MY_PACKAGE_REPLACED flg=0x4000010 pkg=com.ionicframework.qrimdemo516795 (has extras) }: user 10 is stopped
04-13 15:47:24.629   779   948 I ActivityManager: Start proc 1041:com.android.keychain/1000 for broadcast com.android.keychain/.KeyChainBroadcastReceiver
04-13 15:47:24.734  1041  1041 W ContextImpl: Calling a method in the system process without a qualified user: android.app.ContextImpl.startService:1221 android.content.ContextWrapper.startService:581 android.content.ContextWrapper.startService:581 com.android.keychain.KeyChainBroadcastReceiver.onReceive:12 android.app.ActivityThread.handleReceiver:2725 
04-13 15:47:24.746   779  1316 I ActivityManager: Start proc 1059:jp.co.omronsoft.iwnnime.ml/u0a72 for broadcast jp.co.omronsoft.iwnnime.ml/.UninstallReceiver
04-13 15:47:24.816   779   791 W InputMethodInfo: Duplicated subtype definition found: ja, keyboard
04-13 15:47:24.832   779  1316 I ActivityManager: Start proc 1073:com.android.vending/u0a14 for broadcast com.android.vending/com.google.android.finsky.receivers.PackageMonitorReceiver$RegisteredReceiver
04-13 15:47:25.114   779  1336 I ActivityManager: Start proc 1110:com.google.android.apps.docs/u0a35 for broadcast com.google.android.apps.docs/.receivers.AppPackageAddRemoveReceiver
04-13 15:47:25.224   779  1339 I PowerManagerService: Waking up from sleep (uid 1000)...
04-13 15:47:25.228   779   802 I DisplayPowerController: Blocking screen on until initial contents have been drawn.
04-13 15:47:25.286   779   885 D ConnectivityService: notifyType CAP_CHANGED for NetworkAgentInfo [WIFI () - 102]
04-13 15:47:25.288   779   800 E WindowAnimator: Timeout waiting for animation to startup
04-13 15:47:25.325   779   800 I DisplayManagerService: Display device changed state: "Pantalla integrada", ON
04-13 15:47:25.474   779   802 I DisplayPowerController: Unblocked screen on after 247 ms
04-13 15:47:25.557   779  8693 W InputMethodManagerService: Window already focused, ignoring focus gain of: com.android.internal.view.IInputMethodClient$Stub$Proxy@155f908 attribute=android.view.inputmethod.EditorInfo@7aba8a1, token = android.os.BinderProxy@44397b8
04-13 15:47:26.186   779  1316 I ActivityManager: Start proc 1192:com.evernote.skitch/u0a139 for broadcast com.evernote.skitch/.app.receivers.EvernoteInstallationBroadcastReceiver
04-13 15:47:26.187   779  2425 I ActivityManager: START u0 {act=android.intent.action.MAIN flg=0x10000000 cmp=com.ionicframework.qrimdemo516795/.MainActivity} from uid 2000 on display 0
04-13 15:47:26.234   779  8693 I ActivityManager: Start proc 1205:com.ionicframework.qrimdemo516795/u0a94 for activity com.ionicframework.qrimdemo516795/.MainActivity
04-13 15:47:26.576   779  1567 I ActivityManager: Start proc 1293:org.mozilla.firefox/u0a37 for broadcast org.mozilla.firefox/org.mozilla.gecko.webapp.UninstallListener
04-13 15:47:26.805   779  8693 I ActivityManager: Start proc 1353:com.google.android.partnersetup/u0a11 for broadcast com.google.android.partnersetup/.RlzPingBroadcastReceiver
04-13 15:47:26.963   779  1567 I ActivityManager: Killing 25856:com.google.android.inputmethod.latin/u0a54 (adj 15): empty #17
04-13 15:47:27.034  2081  2081 E ActivityThread: Performing stop of activity that is not resumed: {com.whatsapp/com.whatsapp.HomeActivity}
04-13 15:47:27.034  2081  2081 E ActivityThread: java.lang.RuntimeException: Performing stop of activity that is not resumed: {com.whatsapp/com.whatsapp.HomeActivity}
04-13 15:47:27.034  2081  2081 E ActivityThread: 	at android.app.ActivityThread.performStopActivityInner(ActivityThread.java:3465)
04-13 15:47:27.034  2081  2081 E ActivityThread: 	at android.app.ActivityThread.handleStopActivity(ActivityThread.java:3550)
04-13 15:47:27.034  2081  2081 E ActivityThread: 	at android.app.ActivityThread.-wrap20(ActivityThread.java)
04-13 15:47:27.034  2081  2081 E ActivityThread: 	at android.app.ActivityThread$H.handleMessage(ActivityThread.java:1373)
04-13 15:47:27.034  2081  2081 E ActivityThread: 	at android.os.Handler.dispatchMessage(Handler.java:102)
04-13 15:47:27.034  2081  2081 E ActivityThread: 	at android.os.Looper.loop(Looper.java:148)
04-13 15:47:27.034  2081  2081 E ActivityThread: 	at android.app.ActivityThread.main(ActivityThread.java:5417)
04-13 15:47:27.034  2081  2081 E ActivityThread: 	at java.lang.reflect.Method.invoke(Native Method)
04-13 15:47:27.034  2081  2081 E ActivityThread: 	at com.android.internal.os.ZygoteInit$MethodAndArgsCaller.run(ZygoteInit.java:726)
04-13 15:47:27.034  2081  2081 E ActivityThread: 	at com.android.internal.os.ZygoteInit.main(ZygoteInit.java:616)
04-13 15:47:27.044   779   789 I ActivityManager: Activity reported stop, but no longer stopping: ActivityRecord{5e4e4a5 u0 com.whatsapp/.HomeActivity t317}
04-13 15:47:27.166   779  1336 I ActivityManager: START u0 {flg=0x10800000 cmp=com.estrongs.android.pop/.app.InstallMonitorActivity (has extras)} from uid 10122 on display 0
04-13 15:47:27.395   779   789 W InputMethodManagerService: Window already focused, ignoring focus gain of: com.android.internal.view.IInputMethodClient$Stub$Proxy@5cd6ca attribute=null, token = android.os.BinderProxy@1ae2647
04-13 15:47:27.495   779  1336 I ActivityManager: Start proc 1411:com.google.android.apps.magazines/u0a56 for broadcast com.google.android.apps.magazines/com.google.apps.dots.android.app.receiver.FirstInstallNotificationReceiver
04-13 15:47:27.700   779   948 D ConnectivityService: listenForNetwork for Listen from uid/pid:10122/30928 for NetworkRequest [ id=12, legacyType=-1, [ Capabilities: INTERNET&NOT_RESTRICTED&TRUSTED&NOT_VPN] ]
04-13 15:47:28.218   779   789 I ActivityManager: Start proc 1524:com.google.android.apps.cloudprint/u0a32 for broadcast com.google.android.apps.cloudprint/.printdialog.receivers.UpgradeBroadcastReceiver
04-13 15:47:28.374   779  8693 I ActivityManager: Killing 28994:com.android.providers.calendar/u0a1 (adj 15): empty #17
04-13 15:47:28.592   779   790 I ActivityManager: Start proc 1569:com.instagram.android/u0a171 for broadcast com.instagram.android/com.instagram.selfupdate.SelfUpdateUpgradeEventReceiver
04-13 15:47:28.898   779  1336 I ActivityManager: Start proc 1621:com.google.android.apps.fitness/u0a96 for broadcast com.google.android.apps.fitness/.widget.TodayStatusWidgetProvider
04-13 15:47:29.036   779  1316 I ActivityManager: Killing 29044:com.google.android.calendar/u0a28 (adj 15): empty #17
04-13 15:47:29.107   779  1316 I ActivityManager: Killing 9169:com.skype.raider/u0a115 (adj 15): empty #17
04-13 15:47:29.122   779   884 D WifiService: Client connection lost with reason: 4
04-13 15:47:29.219   779  1336 I ActivityManager: Start proc 1657:com.mapswithme.maps.pro/u0a167 for broadcast com.mapswithme.maps.pro/com.parse.ParseBroadcastReceiver
04-13 15:47:29.522  1657  1686 W ActivityThread: ClassLoader.loadClass: The class loader returned by Thread.getContextClassLoader() may fail for processes that host multiple applications. You should explicitly specify a context class loader. For example: Thread.setContextClassLoader(getClass().getClassLoader());
04-13 15:47:29.568   779  8693 I ActivityManager: Killing 9024:com.google.android.talk/u0a51 (adj 15): empty #17
04-13 15:47:32.189   779  1567 I ActivityManager: Killing 1041:com.android.keychain/1000 (adj 15): empty #17
04-13 15:47:32.932   779  1323 I ActivityManager: Killing 1353:com.google.android.partnersetup/u0a11 (adj 15): empty #17
04-13 15:47:34.539   779  2425 I ActivityManager: Killing 1059:jp.co.omronsoft.iwnnime.ml/u0a72 (adj 15): empty #17
04-13 15:47:35.078   779  1567 D ConnectivityService: listenForNetwork for Listen from uid/pid:10171/1569 for NetworkRequest [ id=13, legacyType=-1, [ Capabilities: INTERNET&NOT_RESTRICTED&TRUSTED&NOT_VPN] ]
04-13 15:47:37.593   779   792 I ActivityManager: Start proc 1955:com.google.android.talk/u0a51 for broadcast com.google.android.talk/com.google.android.apps.hangouts.phone.PackageReplacedReceiver
04-13 15:47:45.338   779  1568 I ActivityManager: Killing 1110:com.google.android.apps.docs/u0a35 (adj 15): empty #17
04-13 15:47:52.966   779   948 I Telecom : PhoneAccountRegistrar: SimCallManager queried, returning: null
04-13 15:47:52.998   779  1011 I Telecom : PhoneAccountRegistrar: SimCallManager queried, returning: null
04-13 15:48:14.340   779  1011 I ActivityManager: START u0 {act=com.google.zxing.client.android.SCAN cat=[android.intent.category.DEFAULT] pkg=com.ionicframework.qrimdemo516795 cmp=com.ionicframework.qrimdemo516795/com.google.zxing.client.android.CaptureActivity} from uid 10094 on display 0
04-13 15:48:16.634   779   885 D ConnectivityService: notifyType CAP_CHANGED for NetworkAgentInfo [WIFI () - 102]
04-13 15:48:25.699   779   885 D ConnectivityService: notifyType CAP_CHANGED for NetworkAgentInfo [WIFI () - 102]
04-13 15:48:28.710   779   885 D ConnectivityService: notifyType CAP_CHANGED for NetworkAgentInfo [WIFI () - 102]
04-13 15:48:40.913   779  1011 I ActivityManager: START u0 {act=com.google.zxing.client.android.SCAN cat=[android.intent.category.DEFAULT] pkg=com.ionicframework.qrimdemo516795 cmp=com.ionicframework.qrimdemo516795/com.google.zxing.client.android.CaptureActivity} from uid 10094 on display 0
04-13 15:48:48.062   779   874 I ActivityManager: START u0 {act=android.intent.action.MAIN cat=[android.intent.category.HOME] flg=0x10200000 cmp=com.google.android.googlequicksearchbox/com.google.android.launcher.GEL (has extras)} from uid 1000 on display 0
04-13 15:48:49.186   779  2425 I ActivityManager: START u0 {act=android.intent.action.MAIN cat=[android.intent.category.LAUNCHER] flg=0x10200000 cmp=com.google.android.GoogleCamera/com.android.camera.CameraLauncher bnds=[47,1532][247,1784] (has extras)} from uid 10019 on display 0
04-13 15:48:49.264   779   948 I ActivityManager: Start proc 2833:com.google.android.GoogleCamera/u0a42 for activity com.google.android.GoogleCamera/com.android.camera.CameraLauncher
04-13 15:48:52.097   779   874 I ActivityManager: START u0 {act=android.intent.action.MAIN cat=[android.intent.category.HOME] flg=0x10200000 cmp=com.google.android.googlequicksearchbox/com.google.android.launcher.GEL (has extras)} from uid 1000 on display 0
04-13 15:48:55.311   779  1568 I ActivityManager: START u0 {cmp=com.whatsapp/.HomeActivity} from uid 10081 on display 0
04-13 15:48:55.312   779  1568 W ActivityManager: startActivity called from non-Activity context; forcing Intent.FLAG_ACTIVITY_NEW_TASK for: Intent { cmp=com.whatsapp/.HomeActivity }
04-13 15:48:55.856   779   885 D ConnectivityService: notifyType CAP_CHANGED for NetworkAgentInfo [WIFI () - 102]
04-13 15:48:56.707   779   790 I ActivityManager: START u0 {flg=0x14000000 cmp=com.whatsapp/.Conversation (has extras)} from uid 10081 on display 0
04-13 15:48:58.874   779   885 D ConnectivityService: notifyType CAP_CHANGED for NetworkAgentInfo [WIFI () - 102]
04-13 15:48:59.449   779   789 I ActivityManager: Start proc 3119:com.google.android.inputmethod.latin/u0a54 for service com.google.android.inputmethod.latin/com.android.inputmethod.latin.spellcheck.AndroidSpellCheckerService
04-13 15:50:44.638   779   885 D ConnectivityService: notifyType CAP_CHANGED for NetworkAgentInfo [WIFI () - 102]
04-13 15:50:50.682   779   885 D ConnectivityService: notifyType CAP_CHANGED for NetworkAgentInfo [WIFI () - 102]
04-13 15:51:15.639   779   885 D ConnectivityService: NetworkAgentInfo [WIFI () - 102] validation failed
04-13 15:51:15.650   779   885 D ConnectivityService: setProvNotificationVisibleIntent SIGN_IN visible=true networkType=WIFI extraInfo="IM-dti.desa" highPriority=false
04-13 15:51:20.938   779   885 D ConnectivityService: notifyType CAP_CHANGED for NetworkAgentInfo [WIFI () - 102]
04-13 15:51:26.988   779   885 D ConnectivityService: notifyType CAP_CHANGED for NetworkAgentInfo [WIFI () - 102]
04-13 15:51:54.141   779   885 D ConnectivityService: notifyType CAP_CHANGED for NetworkAgentInfo [WIFI () - 102]
04-13 15:51:57.161   779   885 D ConnectivityService: notifyType CAP_CHANGED for NetworkAgentInfo [WIFI () - 102]
04-13 15:52:33.460   779   885 D ConnectivityService: notifyType CAP_CHANGED for NetworkAgentInfo [WIFI () - 102]
04-13 15:52:39.505   779   885 D ConnectivityService: notifyType CAP_CHANGED for NetworkAgentInfo [WIFI () - 102]
04-13 15:52:42.546   779   885 D ConnectivityService: notifyType CAP_CHANGED for NetworkAgentInfo [WIFI () - 102]
04-13 15:52:48.604   779   885 D ConnectivityService: notifyType CAP_CHANGED for NetworkAgentInfo [WIFI () - 102]
04-13 15:52:51.625   779   885 D ConnectivityService: notifyType CAP_CHANGED for NetworkAgentInfo [WIFI () - 102]
04-13 15:53:03.698   779   885 D ConnectivityService: notifyType CAP_CHANGED for NetworkAgentInfo [WIFI () - 102]
04-13 15:53:09.742   779   885 D ConnectivityService: notifyType CAP_CHANGED for NetworkAgentInfo [WIFI () - 102]
04-13 15:53:12.771   779   885 D ConnectivityService: notifyType CAP_CHANGED for NetworkAgentInfo [WIFI () - 102]
04-13 15:53:15.797   779   885 D ConnectivityService: notifyType CAP_CHANGED for NetworkAgentInfo [WIFI () - 102]
04-13 15:53:21.871   779   885 D ConnectivityService: notifyType CAP_CHANGED for NetworkAgentInfo [WIFI () - 102]
04-13 15:53:30.946   779   885 D ConnectivityService: notifyType CAP_CHANGED for NetworkAgentInfo [WIFI () - 102]
04-13 15:53:33.976   779   885 D ConnectivityService: notifyType CAP_CHANGED for NetworkAgentInfo [WIFI () - 102]
04-13 15:53:37.015   779   885 D ConnectivityService: notifyType CAP_CHANGED for NetworkAgentInfo [WIFI () - 102]
04-13 15:53:40.056   779   885 D ConnectivityService: notifyType CAP_CHANGED for NetworkAgentInfo [WIFI () - 102]
04-13 15:53:43.083   779   885 D ConnectivityService: notifyType CAP_CHANGED for NetworkAgentInfo [WIFI () - 102]
04-13 15:53:49.121   779   885 D ConnectivityService: notifyType CAP_CHANGED for NetworkAgentInfo [WIFI () - 102]
04-13 15:54:01.214   779   885 D ConnectivityService: notifyType CAP_CHANGED for NetworkAgentInfo [WIFI () - 102]
04-13 15:54:07.250   779   885 D ConnectivityService: notifyType CAP_CHANGED for NetworkAgentInfo [WIFI () - 102]
04-13 15:54:16.335   779   885 D ConnectivityService: notifyType CAP_CHANGED for NetworkAgentInfo [WIFI () - 102]
04-13 15:54:19.365   779   885 D ConnectivityService: notifyType CAP_CHANGED for NetworkAgentInfo [WIFI () - 102]
04-13 15:54:22.383   779   885 D ConnectivityService: notifyType CAP_CHANGED for NetworkAgentInfo [WIFI () - 102]
04-13 15:54:31.473   779   885 D ConnectivityService: notifyType CAP_CHANGED for NetworkAgentInfo [WIFI () - 102]
04-13 15:55:16.795   779   885 D ConnectivityService: notifyType CAP_CHANGED for NetworkAgentInfo [WIFI () - 102]
04-13 15:55:19.826   779   885 D ConnectivityService: notifyType CAP_CHANGED for NetworkAgentInfo [WIFI () - 102]
04-13 15:55:35.000   779   885 D ConnectivityService: notifyType CAP_CHANGED for NetworkAgentInfo [WIFI () - 102]
04-13 15:55:50.131   779   885 D ConnectivityService: notifyType CAP_CHANGED for NetworkAgentInfo [WIFI () - 102]
04-13 15:55:56.189   779   885 D ConnectivityService: notifyType CAP_CHANGED for NetworkAgentInfo [WIFI () - 102]
04-13 15:56:02.258   779   885 D ConnectivityService: updateNetworkScore for NetworkAgentInfo [WIFI () - 102] to 56
04-13 15:56:05.282   779   885 D ConnectivityService: updateNetworkScore for NetworkAgentInfo [WIFI () - 102] to 60
04-13 15:56:08.299   779   885 D ConnectivityService: updateNetworkScore for NetworkAgentInfo [WIFI () - 102] to 56
04-13 15:56:11.319   779   885 D ConnectivityService: updateNetworkScore for NetworkAgentInfo [WIFI () - 102] to 60
04-13 15:56:20.369   779   885 D ConnectivityService: updateNetworkScore for NetworkAgentInfo [WIFI () - 102] to 56
04-13 15:56:29.436   779   885 D ConnectivityService: updateNetworkScore for NetworkAgentInfo [WIFI () - 102] to 60
04-13 15:56:38.502   779   885 D ConnectivityService: updateNetworkScore for NetworkAgentInfo [WIFI () - 102] to 56
04-13 15:56:41.512   779   885 D ConnectivityService: updateNetworkScore for NetworkAgentInfo [WIFI () - 102] to 60
04-13 15:56:44.524   779   885 D ConnectivityService: updateNetworkScore for NetworkAgentInfo [WIFI () - 102] to 56
04-13 15:56:47.551   779   885 D ConnectivityService: updateNetworkScore for NetworkAgentInfo [WIFI () - 102] to 60
04-13 15:56:53.598   779   885 D ConnectivityService: updateNetworkScore for NetworkAgentInfo [WIFI () - 102] to 56
04-13 15:56:59.630   779   885 D ConnectivityService: updateNetworkScore for NetworkAgentInfo [WIFI () - 102] to 60
04-13 15:57:02.644   779   885 D ConnectivityService: updateNetworkScore for NetworkAgentInfo [WIFI () - 102] to 56
04-13 15:57:05.670   779   885 D ConnectivityService: updateNetworkScore for NetworkAgentInfo [WIFI () - 102] to 60
04-13 15:57:08.716   779   885 D ConnectivityService: updateNetworkScore for NetworkAgentInfo [WIFI () - 102] to 56
04-13 15:57:11.746   779   885 D ConnectivityService: updateNetworkScore for NetworkAgentInfo [WIFI () - 102] to 60
04-13 15:57:29.225   950   961 D DefContainer: Copying /data/local/tmp/android-debug.apk to base.apk
04-13 15:57:29.867   779   885 D ConnectivityService: updateNetworkScore for NetworkAgentInfo [WIFI () - 102] to 56
04-13 15:57:30.567   779   792 I ActivityManager: Force stopping com.ionicframework.qrimdemo516795 appid=10094 user=-1: uninstall pkg
04-13 15:57:30.567   779   792 I ActivityManager: Killing 1205:com.ionicframework.qrimdemo516795/u0a94 (adj 9): stop com.ionicframework.qrimdemo516795
04-13 15:57:30.589   779  1567 I WindowState: WIN DEATH: Window{8ba1e74 u0 com.ionicframework.qrimdemo516795/com.ionicframework.qrimdemo516795.MainActivity}
04-13 15:57:30.655   779   792 I ActivityManager:   Force finishing activity ActivityRecord{b3efc11 u0 com.ionicframework.qrimdemo516795/.MainActivity t318}
04-13 15:57:30.657   779  1339 W ActivityManager: Spurious death for ProcessRecord{489f339 0:com.ionicframework.qrimdemo516795/u0a94}, curProc for 1205: null
04-13 15:57:30.726   779   806 I PackageManager: Package com.ionicframework.qrimdemo516795 codePath changed from /data/app/com.ionicframework.qrimdemo516795-1 to /data/app/com.ionicframework.qrimdemo516795-2; Retaining data and using new
04-13 15:57:30.727   779   792 I ActivityManager: Force stopping com.ionicframework.qrimdemo516795 appid=10094 user=-1: replace pkg
04-13 15:57:30.727   779   806 W PackageManager: Code path for com.ionicframework.qrimdemo516795 changing from /data/app/com.ionicframework.qrimdemo516795-1 to /data/app/com.ionicframework.qrimdemo516795-2
04-13 15:57:30.727   779   806 W PackageManager: Resource path for com.ionicframework.qrimdemo516795 changing from /data/app/com.ionicframework.qrimdemo516795-1 to /data/app/com.ionicframework.qrimdemo516795-2
04-13 15:57:31.104   779   806 W PackageManager: Couldn't remove dex file for package:  at location /data/app/com.ionicframework.qrimdemo516795-1/base.apk, retcode=-1
04-13 15:57:31.104   779   806 I ActivityManager: Force stopping com.ionicframework.qrimdemo516795 appid=10094 user=0: pkg removed
04-13 15:57:31.155   779   779 D JobSchedulerService: Receieved: android.intent.action.PACKAGE_REMOVED
04-13 15:57:31.220   779  1567 I ActivityManager: Start proc 7127:com.android.keychain/1000 for broadcast com.android.keychain/.KeyChainBroadcastReceiver
04-13 15:57:31.243   779   806 W ActivityManager: Skipping broadcast of Intent { act=android.intent.action.PACKAGE_REMOVED dat=package:com.ionicframework.qrimdemo516795 flg=0x4000010 (has extras) }: user 10 is stopped
04-13 15:57:31.251   779   806 W ActivityManager: Skipping broadcast of Intent { act=android.intent.action.PACKAGE_ADDED dat=package:com.ionicframework.qrimdemo516795 flg=0x4000010 (has extras) }: user 10 is stopped
04-13 15:57:31.255  7127  7127 W ContextImpl: Calling a method in the system process without a qualified user: android.app.ContextImpl.startService:1221 android.content.ContextWrapper.startService:581 android.content.ContextWrapper.startService:581 com.android.keychain.KeyChainBroadcastReceiver.onReceive:12 android.app.ActivityThread.handleReceiver:2725 
04-13 15:57:31.283   779   806 W ActivityManager: Skipping broadcast of Intent { act=android.intent.action.PACKAGE_REPLACED dat=package:com.ionicframework.qrimdemo516795 flg=0x4000010 (has extras) }: user 10 is stopped
04-13 15:57:31.295   779  1567 I ActivityManager: Start proc 7144:jp.co.omronsoft.iwnnime.ml/u0a72 for broadcast jp.co.omronsoft.iwnnime.ml/.UninstallReceiver
04-13 15:57:31.296   779   806 W ActivityManager: Skipping broadcast of Intent { act=android.intent.action.MY_PACKAGE_REPLACED flg=0x4000010 pkg=com.ionicframework.qrimdemo516795 (has extras) }: user 10 is stopped
04-13 15:57:31.412   779  1316 I ActivityManager: Start proc 7162:com.google.android.apps.docs/u0a35 for broadcast com.google.android.apps.docs/.receivers.AppPackageAddRemoveReceiver
04-13 15:57:31.600   779   791 W InputMethodInfo: Duplicated subtype definition found: ja, keyboard
04-13 15:57:32.134   779  1323 I ActivityManager: Start proc 7222:com.google.android.partnersetup/u0a11 for broadcast com.google.android.partnersetup/.RlzPingBroadcastReceiver
04-13 15:57:32.206   779   790 I ActivityManager: Killing 1411:com.google.android.apps.magazines/u0a56 (adj 15): empty #17
04-13 15:57:32.293   779  1336 I ActivityManager: Killing 1524:com.google.android.apps.cloudprint/u0a32 (adj 15): empty #17
04-13 15:57:32.490   779  1316 I ActivityManager: START u0 {flg=0x10800000 cmp=com.estrongs.android.pop/.app.InstallMonitorActivity (has extras)} from uid 10122 on display 0
04-13 15:57:32.703   779   790 I BroadcastQueue: Delay finish: com.google.android.gms/.gass.chimera.PackageChangeBroadcastReceiver
04-13 15:57:32.727   779  1568 I BroadcastQueue: Resuming delayed broadcast
04-13 15:57:32.752   779  1336 I ActivityManager: Start proc 7270:com.google.android.apps.magazines/u0a56 for broadcast com.google.android.apps.magazines/com.google.apps.dots.android.app.receiver.FirstInstallNotificationReceiver
04-13 15:57:32.882   779   885 D ConnectivityService: notifyType CAP_CHANGED for NetworkAgentInfo [WIFI () - 102]
04-13 15:57:32.884   779   885 D ConnectivityService: updateNetworkScore for NetworkAgentInfo [WIFI () - 102] to 60
04-13 15:57:33.001   779   790 I ActivityManager: START u0 {act=android.intent.action.MAIN flg=0x10000000 cmp=com.ionicframework.qrimdemo516795/.MainActivity} from uid 2000 on display 0
04-13 15:57:33.048   779   789 I ActivityManager: Start proc 7316:com.ionicframework.qrimdemo516795/u0a94 for activity com.ionicframework.qrimdemo516795/.MainActivity
04-13 15:57:33.106   779   789 I ActivityManager: Start proc 7339:com.google.android.apps.cloudprint/u0a32 for broadcast com.google.android.apps.cloudprint/.printdialog.receivers.UpgradeBroadcastReceiver
04-13 15:57:33.172   779  8693 I ActivityManager: Killing 1621:com.google.android.apps.fitness/u0a96 (adj 15): empty #17
04-13 15:57:36.379   779  1316 I ActivityManager: START u0 {act=com.google.zxing.client.android.SCAN cat=[android.intent.category.DEFAULT] pkg=com.ionicframework.qrimdemo516795 cmp=com.ionicframework.qrimdemo516795/com.google.zxing.client.android.CaptureActivity} from uid 10094 on display 0
04-13 15:57:37.503   779  8693 I ActivityManager: Killing 1657:com.mapswithme.maps.pro/u0a167 (adj 15): empty #17
04-13 15:57:38.921   779   874 I ActivityManager: START u0 {act=android.intent.action.MAIN cat=[android.intent.category.HOME] flg=0x10200000 cmp=com.google.android.googlequicksearchbox/com.google.android.launcher.GEL (has extras)} from uid 1000 on display 0
04-13 15:57:39.306   779   790 I ActivityManager: Killing 1955:com.google.android.talk/u0a51 (adj 15): empty #17
04-13 15:57:41.837   779  1567 I ActivityManager: START u0 {act=android.intent.action.MAIN cat=[android.intent.category.LAUNCHER] flg=0x10200000 cmp=com.whatsapp/.Main bnds=[804,276][1068,573] (has extras)} from uid 10019 on display 0
04-13 15:57:42.809   779   792 I ActivityManager: Start proc 7618:com.google.android.talk/u0a51 for broadcast com.google.android.talk/com.google.android.apps.hangouts.phone.PackageReplacedReceiver
04-13 15:57:43.731   779  1339 W InputMethodManagerService: Window already focused, ignoring focus gain of: com.android.internal.view.IInputMethodClient$Stub$Proxy@76afdef attribute=null, token = android.os.BinderProxy@703cfd1
04-13 15:57:48.601   779  8693 I ActivityManager: Killing 7127:com.android.keychain/1000 (adj 15): empty #17
04-13 15:57:50.486   779  1011 I ActivityManager: Killing 7222:com.google.android.partnersetup/u0a11 (adj 15): empty #17
04-13 15:57:55.300   779  1567 I ActivityManager: Killing 7144:jp.co.omronsoft.iwnnime.ml/u0a72 (adj 15): empty #17
04-13 15:57:56.487   779  1316 I ActivityManager: START u0 {flg=0x14000000 cmp=com.whatsapp/.Conversation (has extras)} from uid 10081 on display 0
04-13 15:57:58.238   779   948 I Telecom : PhoneAccountRegistrar: SimCallManager queried, returning: null
04-13 15:57:58.244   779  1323 I Telecom : PhoneAccountRegistrar: SimCallManager queried, returning: null
04-13 15:57:59.232   779   875 I PowerManagerService: Going to sleep due to power button (uid 1000)...
04-13 15:57:59.232   779   802 I PowerManagerService: Sleeping (uid 1000)...
04-13 15:57:59.766   779   800 I DisplayManagerService: Display device changed state: "Pantalla integrada", OFF
04-13 15:59:19.229   779   875 I PowerManagerService: Waking up from sleep (uid 1000)...
04-13 15:59:19.231   779   802 I DisplayPowerController: Blocking screen on until initial contents have been drawn.
04-13 15:59:19.319   779   800 I DisplayManagerService: Display device changed state: "Pantalla integrada", ON
04-13 15:59:19.469   779   802 I DisplayPowerController: Unblocked screen on after 239 ms
04-13 15:59:20.095   779   793 W WindowManager: performLayoutAndPlaceSurfacesLocked called while in layout. Callers=com.android.server.wm.WindowManagerService.performLayoutAndPlaceSurfacesLocked:8930 com.android.server.wm.WindowManagerService.reevaluateStatusBarVisibility:11052 com.android.server.policy.PhoneWindowManager.clearClearableFlagsLw:6760 
04-13 15:59:20.270   779  1567 W InputMethodManagerService: Window already focused, ignoring focus gain of: com.android.internal.view.IInputMethodClient$Stub$Proxy@cc9eb13 attribute=android.view.inputmethod.EditorInfo@b4b1150, token = android.os.BinderProxy@cc7b1af
04-13 15:59:20.281   779  1336 I ActivityManager: Start proc 8558:com.google.android.apps.fitness/u0a96 for broadcast com.google.android.apps.fitness/.widget.TodayStatusWidgetProvider
04-13 15:59:20.348   779   790 I ActivityManager: Killing 7162:com.google.android.apps.docs/u0a35 (adj 15): empty #17
04-13 15:59:20.412   779  1011 I ActivityManager: Start proc 8589:com.mapswithme.maps.pro/u0a167 for broadcast com.mapswithme.maps.pro/com.parse.ParseBroadcastReceiver
04-13 15:59:20.680  8589  8614 W ActivityThread: ClassLoader.loadClass: The class loader returned by Thread.getContextClassLoader() may fail for processes that host multiple applications. You should explicitly specify a context class loader. For example: Thread.setContextClassLoader(getClass().getClassLoader());
04-13 15:59:20.719   779  1339 I ActivityManager: Killing 1020:com.android.musicfx/u0a13 (adj 15): empty #17
04-13 15:59:21.939   779   874 I ActivityManager: START u0 {act=android.intent.action.MAIN cat=[android.intent.category.HOME] flg=0x10200000 cmp=com.google.android.googlequicksearchbox/com.google.android.launcher.GEL (has extras)} from uid 1000 on display 0
04-13 15:59:22.346   779   885 D ConnectivityService: notifyType CAP_CHANGED for NetworkAgentInfo [WIFI () - 102]
04-13 15:59:22.958   779   948 I ActivityManager: START u0 {act=com.android.systemui.recents.SHOW_RECENTS flg=0x10804000 cmp=com.android.systemui/.recents.RecentsActivity} from uid 10012 on display 0
04-13 15:59:28.380   779   885 D ConnectivityService: updateNetworkScore for NetworkAgentInfo [WIFI () - 102] to 56
04-13 15:59:40.456   779   885 D ConnectivityService: updateNetworkScore for NetworkAgentInfo [WIFI () - 102] to 60
04-13 15:59:46.493   779   885 D ConnectivityService: notifyType CAP_CHANGED for NetworkAgentInfo [WIFI () - 102]
04-13 15:59:49.523   779   885 D ConnectivityService: notifyType CAP_CHANGED for NetworkAgentInfo [WIFI () - 102]
04-13 15:59:49.786   779   948 I ActivityManager: START u0 {act=com.google.zxing.client.android.SCAN cat=[android.intent.category.DEFAULT] pkg=com.ionicframework.qrimdemo516795 cmp=com.ionicframework.qrimdemo516795/com.google.zxing.client.android.CaptureActivity} from uid 10094 on display 0
04-13 16:00:01.607   779   885 D ConnectivityService: notifyType CAP_CHANGED for NetworkAgentInfo [WIFI () - 102]
04-13 16:00:19.362   779   789 I ActivityManager: START u0 {act=com.google.zxing.client.android.SCAN cat=[android.intent.category.DEFAULT] pkg=com.ionicframework.qrimdemo516795 cmp=com.ionicframework.qrimdemo516795/com.google.zxing.client.android.CaptureActivity} from uid 10094 on display 0
04-13 16:01:15.821   779   885 D ConnectivityService: NetworkAgentInfo [WIFI () - 102] validation failed
04-13 16:01:15.836   779   885 D ConnectivityService: setProvNotificationVisibleIntent SIGN_IN visible=true networkType=WIFI extraInfo="IM-dti.desa" highPriority=false
04-13 16:01:20.125   779   885 D ConnectivityService: notifyType CAP_CHANGED for NetworkAgentInfo [WIFI () - 102]
04-13 16:01:23.161   779   885 D ConnectivityService: notifyType CAP_CHANGED for NetworkAgentInfo [WIFI () - 102]
04-13 16:02:57.683   779   948 I ActivityManager: START u0 {act=com.google.zxing.client.android.SCAN cat=[android.intent.category.DEFAULT] pkg=com.ionicframework.qrimdemo516795 cmp=com.ionicframework.qrimdemo516795/com.google.zxing.client.android.CaptureActivity} from uid 10094 on display 0
04-13 16:02:59.850   779   885 D ConnectivityService: notifyType CAP_CHANGED for NetworkAgentInfo [WIFI () - 102]
04-13 16:03:02.892   779   885 D ConnectivityService: notifyType CAP_CHANGED for NetworkAgentInfo [WIFI () - 102]
04-13 16:03:21.069   779   885 D ConnectivityService: notifyType CAP_CHANGED for NetworkAgentInfo [WIFI () - 102]
04-13 16:03:21.101   779   885 D ConnectivityService: updateNetworkScore for NetworkAgentInfo [WIFI () - 102] to 56
04-13 16:03:22.541   779  1336 D ConnectivityService: reportNetworkConnectivity(101, false) by 10007
04-13 16:03:27.152   779   885 D ConnectivityService: notifyType CAP_CHANGED for NetworkAgentInfo [WIFI () - 102]
04-13 16:03:27.180   779   885 D ConnectivityService: updateNetworkScore for NetworkAgentInfo [WIFI () - 102] to 60
04-13 16:03:33.208   779   885 D ConnectivityService: notifyType CAP_CHANGED for NetworkAgentInfo [WIFI () - 102]
04-13 16:03:39.262   779   885 D ConnectivityService: notifyType CAP_CHANGED for NetworkAgentInfo [WIFI () - 102]
04-13 16:03:48.612   779  1339 D WifiService: setWifiEnabled: false pid=919, uid=10012
04-13 16:03:48.612   779  1339 E WifiService: Invoking mWifiStateMachine.setWifiEnabled
04-13 16:03:48.717   779   885 D ConnectivityService: NetworkAgentInfo [WIFI () - 102] EVENT_NETWORK_INFO_CHANGED, going from CONNECTED to DISCONNECTED
04-13 16:03:48.717   779   885 D ConnectivityService: NetworkAgentInfo [WIFI () - 102] got DISCONNECTED, was satisfying 6
04-13 16:03:48.750   779  1568 I ActivityManager: Start proc 10053:com.puntoexe.ute/u0a111 for broadcast com.puntoexe.ute/com.artech.android.network.NetworkReceiver
04-13 16:03:48.778   779   885 D ConnectivityService: notifyType LOST for NetworkAgentInfo [WIFI () - 102]
04-13 16:03:48.905   779   885 E ConnectivityService: EVENT_NETWORK_INFO_CHANGED from unknown NetworkAgent
04-13 16:03:48.905   779   885 D ConnectivityService: setProvNotificationVisibleIntent null visible=false networkType=MOBILE extraInfo=null highPriority=false
04-13 16:03:48.996   779  1568 I ActivityManager: Killing 7270:com.google.android.apps.magazines/u0a56 (adj 15): empty #17
04-13 16:03:49.070   779  2425 I ActivityManager: Start proc 10077:com.android.settings/1000 for broadcast com.android.settings/.widget.SettingsAppWidgetProvider
04-13 16:03:49.163   779   884 D WifiService: New client listening to asynchronous messages
04-13 16:03:49.221   779  1339 I ActivityManager: Start proc 10090:com.google.android.keep/u0a52 for broadcast com.google.android.keep/.notification.AlertReceiver
04-13 16:03:49.222   779  1339 I ActivityManager: Killing 7339:com.google.android.apps.cloudprint/u0a32 (adj 15): empty #17
04-13 16:03:49.544   779  1316 I ActivityManager: Start proc 10112:com.google.android.apps.gcs/u0a126 for broadcast com.google.android.apps.gcs/.receiver.WifiStateChangedReceiver
04-13 16:03:49.677   779  1339 I ActivityManager: Killing 1293:org.mozilla.firefox/u0a37 (adj 15): empty #17
04-13 16:03:50.306   779   790 I ActivityManager: Killing 950:com.android.defcontainer/u0a4 (adj 15): empty #17
04-13 16:03:50.447   779  8693 W InputMethodManagerService: Window already focused, ignoring focus gain of: com.android.internal.view.IInputMethodClient$Stub$Proxy@f442638 attribute=null, token = android.os.BinderProxy@846a956
04-13 16:04:02.643   779   885 D ConnectivityService: NetworkAgentInfo [MOBILE (LTE) - 101] validation failed
04-13 16:04:02.644   779   885 D ConnectivityService: notifyType CAP_CHANGED for NetworkAgentInfo [MOBILE (LTE) - 101]
04-13 16:04:02.673   779   885 D ConnectivityService: sendStickyBroadcast: action=android.net.conn.INET_CONDITION_ACTION
04-13 16:04:03.644   779   885 D ConnectivityService: NetworkAgentInfo [MOBILE (LTE) - 101] validation failed
04-13 16:04:14.766   779  1316 I ActivityManager: START u0 {act=com.google.zxing.client.android.SCAN cat=[android.intent.category.DEFAULT] pkg=com.ionicframework.qrimdemo516795 cmp=com.ionicframework.qrimdemo516795/com.google.zxing.client.android.CaptureActivity} from uid 10094 on display 0
04-13 16:04:40.687   779   885 D ConnectivityService: NetworkAgentInfo [MOBILE (LTE) - 101] validation failed
04-13 16:04:42.791   779   792 I ProcessStatsService: Prepared write state in 47ms
04-13 16:04:42.805   779   792 I ProcessStatsService: Prepared write state in 5ms
04-13 16:05:14.723   779   885 D ConnectivityService: NetworkAgentInfo [MOBILE (LTE) - 101] validation failed
04-13 16:06:02.782   779   885 D ConnectivityService: NetworkAgentInfo [MOBILE (LTE) - 101] validation failed
04-13 16:06:16.541   779   791 I UsageStatsService: User[0] Flushing usage stats to disk
04-13 16:06:58.851   779   885 D ConnectivityService: NetworkAgentInfo [MOBILE (LTE) - 101] validation failed
04-13 16:08:00.926   779   885 D ConnectivityService: NetworkAgentInfo [MOBILE (LTE) - 101] validation failed
04-13 16:09:45.012   779   885 D ConnectivityService: NetworkAgentInfo [MOBILE (LTE) - 101] validation failed
04-13 16:12:28.151   779   885 D ConnectivityService: NetworkAgentInfo [MOBILE (LTE) - 101] validation failed
04-13 16:14:00.866   779   792 I ActivityManager: Waited long enough for: ServiceRecord{52e82e5 u0 com.google.android.googlequicksearchbox/com.google.android.apps.gsa.sidekick.main.entry.EntriesRefreshIntentService}
04-13 16:16:45.172   779   885 D ConnectivityService: setProvNotificationVisibleIntent null visible=false networkType=MOBILE extraInfo=null highPriority=false
04-13 16:16:45.172   779   885 D ConnectivityService: NetworkAgentInfo [MOBILE (LTE) - 101] validation  passed
04-13 16:16:45.173   779   885 D ConnectivityService: notifyType CAP_CHANGED for NetworkAgentInfo [MOBILE (LTE) - 101]
04-13 16:16:45.198   779   885 D ConnectivityService: sendStickyBroadcast: action=android.net.conn.INET_CONDITION_ACTION
04-13 16:17:11.009   779   806 I ActivityManager: Start proc 10725:com.android.defcontainer/u0a4 for service com.android.defcontainer/.DefaultContainerService
04-13 16:17:11.059 10725 10736 D DefContainer: Copying /data/local/tmp/android-debug.apk to base.apk
04-13 16:17:12.025   779   792 I ActivityManager: Force stopping com.ionicframework.qrimdemo516795 appid=10094 user=-1: uninstall pkg
04-13 16:17:12.025   779   792 I ActivityManager: Killing 7316:com.ionicframework.qrimdemo516795/u0a94 (adj 0): stop com.ionicframework.qrimdemo516795
04-13 16:17:12.052   779   948 I WindowState: WIN DEATH: Window{c327dd7 u0 com.ionicframework.qrimdemo516795/com.ionicframework.qrimdemo516795.MainActivity}
04-13 16:17:12.176   779   792 W ActivityManager: Force removing ActivityRecord{c62019c u0 com.ionicframework.qrimdemo516795/.MainActivity t322}: app died, no saved state
04-13 16:17:12.220   779   806 I PackageManager: Package com.ionicframework.qrimdemo516795 codePath changed from /data/app/com.ionicframework.qrimdemo516795-2 to /data/app/com.ionicframework.qrimdemo516795-1; Retaining data and using new
04-13 16:17:12.220   779   806 W PackageManager: Code path for com.ionicframework.qrimdemo516795 changing from /data/app/com.ionicframework.qrimdemo516795-2 to /data/app/com.ionicframework.qrimdemo516795-1
04-13 16:17:12.220   779   806 W PackageManager: Resource path for com.ionicframework.qrimdemo516795 changing from /data/app/com.ionicframework.qrimdemo516795-2 to /data/app/com.ionicframework.qrimdemo516795-1
04-13 16:17:12.221   779   792 I ActivityManager: Force stopping com.ionicframework.qrimdemo516795 appid=10094 user=-1: replace pkg
04-13 16:17:12.224   779  2425 W ActivityManager: Spurious death for ProcessRecord{d20951a 0:com.ionicframework.qrimdemo516795/u0a94}, curProc for 7316: null
04-13 16:17:12.585   779  1323 W InputMethodManagerService: Got RemoteException sending setActive(false) notification to pid 7316 uid 10094
04-13 16:17:12.727   779   806 W PackageManager: Couldn't remove dex file for package:  at location /data/app/com.ionicframework.qrimdemo516795-2/base.apk, retcode=-1
04-13 16:17:12.727   779   806 I ActivityManager: Force stopping com.ionicframework.qrimdemo516795 appid=10094 user=0: pkg removed
04-13 16:17:12.784   779   806 W ActivityManager: Skipping broadcast of Intent { act=android.intent.action.PACKAGE_REMOVED dat=package:com.ionicframework.qrimdemo516795 flg=0x4000010 (has extras) }: user 10 is stopped
04-13 16:17:12.787   779   779 D JobSchedulerService: Receieved: android.intent.action.PACKAGE_REMOVED
04-13 16:17:12.808   779   790 I ActivityManager: Start proc 10790:com.android.musicfx/u0a13 for broadcast com.android.musicfx/.Compatibility$Receiver
04-13 16:17:12.890   779   806 W ActivityManager: Skipping broadcast of Intent { act=android.intent.action.PACKAGE_ADDED dat=package:com.ionicframework.qrimdemo516795 flg=0x4000010 (has extras) }: user 10 is stopped
04-13 16:17:12.894   779   806 W ActivityManager: Skipping broadcast of Intent { act=android.intent.action.PACKAGE_REPLACED dat=package:com.ionicframework.qrimdemo516795 flg=0x4000010 (has extras) }: user 10 is stopped
04-13 16:17:12.913   779   806 W ActivityManager: Skipping broadcast of Intent { act=android.intent.action.MY_PACKAGE_REPLACED flg=0x4000010 pkg=com.ionicframework.qrimdemo516795 (has extras) }: user 10 is stopped
04-13 16:17:12.941   779  1336 I ActivityManager: Start proc 10804:com.android.keychain/1000 for broadcast com.android.keychain/.KeyChainBroadcastReceiver
04-13 16:17:12.979 10804 10804 W ContextImpl: Calling a method in the system process without a qualified user: android.app.ContextImpl.startService:1221 android.content.ContextWrapper.startService:581 android.content.ContextWrapper.startService:581 com.android.keychain.KeyChainBroadcastReceiver.onReceive:12 android.app.ActivityThread.handleReceiver:2725 
04-13 16:17:12.991   779  8693 I ActivityManager: Start proc 10818:jp.co.omronsoft.iwnnime.ml/u0a72 for broadcast jp.co.omronsoft.iwnnime.ml/.UninstallReceiver
04-13 16:17:13.000   779  1011 I ActivityManager: Killing 29738:com.google.android.apps.plus/u0a63 (adj 15): empty #17
04-13 16:17:13.127   779   791 W InputMethodInfo: Duplicated subtype definition found: ja, keyboard
04-13 16:17:13.215   779  1568 I ActivityManager: Start proc 10837:com.google.android.apps.docs/u0a35 for broadcast com.google.android.apps.docs/.receivers.AppPackageAddRemoveReceiver
04-13 16:17:13.568   779   948 I ActivityManager: Start proc 10876:com.google.android.apps.plus/u0a63 for broadcast com.google.android.apps.plus/.service.PackagesMediaMonitor
04-13 16:17:13.569   779   948 I ActivityManager: Killing 1192:com.evernote.skitch/u0a139 (adj 15): empty #17
04-13 16:17:14.015   779   790 I ActivityManager: Start proc 10907:com.evernote.skitch/u0a139 for broadcast com.evernote.skitch/.app.receivers.EvernoteInstallationBroadcastReceiver
04-13 16:17:14.090   779  1568 I ActivityManager: Killing 3119:com.google.android.inputmethod.latin/u0a54 (adj 15): empty #17
04-13 16:17:14.465   779  1567 I ActivityManager: Start proc 10943:org.mozilla.firefox/u0a37 for broadcast org.mozilla.firefox/org.mozilla.gecko.webapp.UninstallListener
04-13 16:17:14.466   779  1567 I ActivityManager: Killing 8558:com.google.android.apps.fitness/u0a96 (adj 15): empty #17
04-13 16:17:14.552   779  1339 I ActivityManager: START u0 {act=android.intent.action.MAIN flg=0x10000000 cmp=com.ionicframework.qrimdemo516795/.MainActivity} from uid 2000 on display 0
04-13 16:17:14.576   779  2425 I ActivityManager: Start proc 10962:com.ionicframework.qrimdemo516795/u0a94 for activity com.ionicframework.qrimdemo516795/.MainActivity
04-13 16:17:14.624   779  1316 I ActivityManager: Killing 1569:com.instagram.android/u0a171 (adj 15): empty #17
04-13 16:17:14.645   779   789 D ConnectivityService: ConnectivityService NetworkRequestInfo binderDied(NetworkRequest [ id=13, legacyType=-1, [ Capabilities: INTERNET&NOT_RESTRICTED&TRUSTED&NOT_VPN] ], android.os.BinderProxy@743fd03)
04-13 16:17:14.645   779   885 D ConnectivityService: releasing NetworkRequest NetworkRequest [ id=13, legacyType=-1, [ Capabilities: INTERNET&NOT_RESTRICTED&TRUSTED&NOT_VPN] ]
04-13 16:17:14.647   779   885 E ConnectivityService: RemoteException caught trying to send a callback msg for NetworkRequest [ id=13, legacyType=-1, [ Capabilities: INTERNET&NOT_RESTRICTED&TRUSTED&NOT_VPN] ]
04-13 16:17:14.742   779  1323 I ActivityManager: Start proc 10976:com.google.android.partnersetup/u0a11 for broadcast com.google.android.partnersetup/.RlzPingBroadcastReceiver
04-13 16:17:14.861   779  1316 I ActivityManager: Killing 8589:com.mapswithme.maps.pro/u0a167 (adj 15): empty #17
04-13 16:17:15.034   779  1316 I ActivityManager: START u0 {flg=0x10800000 cmp=com.estrongs.android.pop/.app.InstallMonitorActivity (has extras)} from uid 10122 on display 0
04-13 16:17:15.173   779  1339 W InputMethodManagerService: Window already focused, ignoring focus gain of: com.android.internal.view.IInputMethodClient$Stub$Proxy@44fb528 attribute=null, token = android.os.BinderProxy@a0de1a4
04-13 16:17:15.268   779   790 I ActivityManager: Start proc 11062:com.google.android.apps.magazines/u0a56 for broadcast com.google.android.apps.magazines/com.google.apps.dots.android.app.receiver.FirstInstallNotificationReceiver
04-13 16:17:15.670   779  1323 I ActivityManager: Start proc 11115:com.google.android.apps.cloudprint/u0a32 for broadcast com.google.android.apps.cloudprint/.printdialog.receivers.UpgradeBroadcastReceiver
04-13 16:17:15.671   779  1323 I ActivityManager: Killing 10053:com.puntoexe.ute/u0a111 (adj 15): empty #17
04-13 16:17:15.836   779  8693 I ActivityManager: Killing 10077:com.android.settings/1000 (adj 15): empty #17
04-13 16:17:15.846   779   884 D WifiService: Client connection lost with reason: 4
04-13 16:17:15.957   779  1568 I ActivityManager: Start proc 11130:com.instagram.android/u0a171 for broadcast com.instagram.android/com.instagram.selfupdate.SelfUpdateUpgradeEventReceiver
04-13 16:17:16.370   779  1336 I ActivityManager: Killing 10090:com.google.android.keep/u0a52 (adj 15): empty #17
04-13 16:17:18.846   779  1568 I ActivityManager: START u0 {act=com.google.zxing.client.android.SCAN cat=[android.intent.category.DEFAULT] pkg=com.ionicframework.qrimdemo516795 cmp=com.ionicframework.qrimdemo516795/com.google.zxing.client.android.CaptureActivity} from uid 10094 on display 0
04-13 16:17:20.157   779  1339 I ActivityManager: Killing 10112:com.google.android.apps.gcs/u0a126 (adj 15): empty #17
04-13 16:17:21.163   779  1567 I ActivityManager: Killing 7618:com.google.android.talk/u0a51 (adj 15): empty #17
04-13 16:17:22.291   779  1339 I ActivityManager: Killing 10804:com.android.keychain/1000 (adj 15): empty #17
04-13 16:17:22.327   779  1323 D ConnectivityService: listenForNetwork for Listen from uid/pid:10171/11130 for NetworkRequest [ id=14, legacyType=-1, [ Capabilities: INTERNET&NOT_RESTRICTED&TRUSTED&NOT_VPN] ]
04-13 16:17:23.968   779  1336 I ActivityManager: START u0 {act=com.google.zxing.client.android.SCAN cat=[android.intent.category.DEFAULT] pkg=com.ionicframework.qrimdemo516795 cmp=com.ionicframework.qrimdemo516795/com.google.zxing.client.android.CaptureActivity} from uid 10094 on display 0
04-13 16:17:25.341   779   792 I ActivityManager: Start proc 11307:com.google.android.talk/u0a51 for broadcast com.google.android.talk/com.google.android.apps.hangouts.phone.PackageReplacedReceiver
04-13 16:17:26.178   779  1336 I ActivityManager: START u0 {act=com.google.zxing.client.android.SCAN cat=[android.intent.category.DEFAULT] pkg=com.ionicframework.qrimdemo516795 cmp=com.ionicframework.qrimdemo516795/com.google.zxing.client.android.CaptureActivity} from uid 10094 on display 0
04-13 16:17:32.989   779  2425 I ActivityManager: Killing 10976:com.google.android.partnersetup/u0a11 (adj 15): empty #17
04-13 16:17:40.870   779  2425 I Telecom : PhoneAccountRegistrar: SimCallManager queried, returning: null
04-13 16:17:40.877   779   948 I Telecom : PhoneAccountRegistrar: SimCallManager queried, returning: null
04-13 16:18:17.257   779  1568 I ActivityManager: START u0 {act=com.google.zxing.client.android.SCAN cat=[android.intent.category.DEFAULT] pkg=com.ionicframework.qrimdemo516795 cmp=com.ionicframework.qrimdemo516795/com.google.zxing.client.android.CaptureActivity} from uid 10094 on display 0
04-13 16:21:47.523   779   874 I ActivityManager: START u0 {act=android.intent.action.MAIN cat=[android.intent.category.HOME] flg=0x10200000 cmp=com.google.android.googlequicksearchbox/com.google.android.launcher.GEL (has extras)} from uid 1000 on display 0
04-13 16:21:48.547   779  8693 I ActivityManager: START u0 {act=android.intent.action.MAIN cat=[android.intent.category.LAUNCHER] flg=0x10200000 pkg=me.scan.android.client cmp=me.scan.android.client/.ui.ScanActivity bnds=[540,573][804,870] (has extras)} from uid 10019 on display 0
04-13 16:21:48.607   779 11016 I ActivityManager: Start proc 11685:me.scan.android.client/u0a79 for activity me.scan.android.client/.ui.ScanActivity
04-13 16:21:48.880   779   884 D WifiService: New client listening to asynchronous messages
04-13 16:21:51.021   779   874 I ActivityManager: START u0 {act=android.intent.action.MAIN cat=[android.intent.category.HOME] flg=0x10200000 cmp=com.google.android.googlequicksearchbox/com.google.android.launcher.GEL (has extras)} from uid 1000 on display 0
04-13 16:21:52.391   779 11017 I ActivityManager: START u0 {act=com.android.systemui.recents.SHOW_RECENTS flg=0x10804000 cmp=com.android.systemui/.recents.RecentsActivity} from uid 10012 on display 0
04-13 16:21:54.516   779  1339 I ActivityManager: START u0 {act=com.google.zxing.client.android.SCAN cat=[android.intent.category.DEFAULT] pkg=com.ionicframework.qrimdemo516795 cmp=com.ionicframework.qrimdemo516795/com.google.zxing.client.android.CaptureActivity} from uid 10094 on display 0
04-13 16:22:04.219   779  1323 I ActivityManager: START u0 {act=com.android.systemui.recents.SHOW_RECENTS flg=0x10804000 cmp=com.android.systemui/.recents.RecentsActivity} from uid 10012 on display 0
04-13 16:22:06.992   779 11017 I ActivityManager: Killing 10962:com.ionicframework.qrimdemo516795/u0a94 (adj 9): remove task
04-13 16:22:07.037   779  1568 I WindowState: WIN DEATH: Window{b813b0d u0 com.ionicframework.qrimdemo516795/com.ionicframework.qrimdemo516795.MainActivity}
04-13 16:22:08.281   779  1568 I ActivityManager: Killing 10818:jp.co.omronsoft.iwnnime.ml/u0a72 (adj 15): empty #17
04-13 16:22:08.315   779  1568 I ActivityManager: Killing 11685:me.scan.android.client/u0a79 (adj 9): remove task
04-13 16:22:08.335   779  1339 I WindowState: WIN DEATH: Window{57ea58b u0 me.scan.android.client/me.scan.android.client.ui.ScanActivity}
