04-13 15:48:52.568   217  2956 I mm-camera: isp_pipeline_util_reset: module id = 12, action = 0xb6ee6195
04-13 15:48:52.568   217  2956 I mm-camera: isp_pipeline_util_reset: module id = 13, action = 0xb6eed415
04-13 15:48:52.568   217  2956 I mm-camera: isp_pipeline_util_reset: module id = 14, action = 0xb6ed993d
04-13 15:48:52.568   217  2956 I mm-camera: isp_pipeline_util_reset: module id = 15, action = 0xb6ef4b09
04-13 15:48:52.568   217  2956 I mm-camera: isp_pipeline_util_reset: module id = 16, action = 0xb6ee09ad
04-13 15:48:52.568   217  2956 I mm-camera: isp_pipeline_util_reset: module id = 17, action = 0xb6edee45
04-13 15:48:52.568   217  2956 I mm-camera: isp_pipeline_util_reset: module id = 18, action = 0xb6eeb821
04-13 15:48:52.568   217  2956 I mm-camera: isp_pipeline_util_reset: module id = 19, action = 0xb6ed4c41
04-13 15:48:52.568   217  2956 I mm-camera: isp_pipeline_util_reset: module id = 20, action = 0xb6ed8c19
04-13 15:48:52.568   217  2956 I mm-camera: isp_pipeline_util_reset: module id = 22, action = 0xb6ef4085
04-13 15:48:52.573   217  2890 I mm-camera: ispif_streamoff: session_id = 1, active_streams = 0
04-13 15:48:52.573   217  2890 I mm-camera-sensor: module_sensor_module_process_event:2160 ide 10002 MCT_EVENT_CONTROL_STREAMOFF
04-13 15:48:52.573   217  2890 I mm-camera: mct_pipeline_process_set: Stream on/off returned
04-13 15:48:52.575   203  2927 D QCamera3Stream: static void* qcamera::QCamera3Stream::dataProcRoutine(void*): Exit
04-13 15:48:52.576   217  2890 I mm-camera: mct_pipeline_process_set:command=8000009
04-13 15:48:52.577   217  2890 I mm-camera: mct_pipeline_process_set: stream_type = 8, streamid 1
04-13 15:48:52.577   217  2890 I mm-camera: mct_pipeline_process_set: Stream on/off returned
04-13 15:48:52.590   203   891 D QCamera3HWI: int qcamera::QCamera3HardwareInterface::configureStreams(camera3_stream_configuration_t*): newStream type = 0, stream format = 34 stream size : 320 x 240
04-13 15:48:52.590   203   891 E QCamera3Channel: virtual int32_t qcamera::QCamera3PicChannel::stop(): Attempt to stop inactive channel
04-13 15:48:52.591   203   891 I qomx_image_core: OMX_Deinit:101] Complete
04-13 15:48:52.592   203   891 D QCamera3PostProc: int32_t qcamera::QCamera3PostProcessor::deinit(): Jpeg closed, rc = 0, mJpegClientHandle = 300
04-13 15:48:52.592   217  2890 I mm-camera: mct_pipeline_process_set:command=800000b
04-13 15:48:52.593   217  2890 I mm-camera: mct_pipeline_process_set: stream_type = 6, streamid 3
04-13 15:48:52.593   217  2890 I mm-camera-sensor: port_sensor_caps_unreserve:174 ide 10003
04-13 15:48:52.593   217  2890 E mm-camera: isp_unlink_sink_port: E
04-13 15:48:52.593   217  2890 I mm-camera: cpp_port_check_caps_unreserve:170, identity=0x10003
04-13 15:48:52.593   217  2890 I mm-camera: cpp_port_check_caps_unreserve:179, identity=0x10003, unreserved
04-13 15:48:52.593   203   891 E QCamera3Channel: virtual qcamera::QCamera3Channel::~QCamera3Channel(): deleting channel 5890
04-13 15:48:52.602   217  2890 I mm-camera: mct_pipeline_process_set:command=800000b
04-13 15:48:52.602   217  2890 I mm-camera: mct_pipeline_process_set: stream_type = 1, streamid 2
04-13 15:48:52.602   217  2890 I mm-camera-sensor: port_sensor_caps_unreserve:174 ide 10002
04-13 15:48:52.602   217  2890 E mm-camera: isp_unlink_sink_port: E
04-13 15:48:52.602   217  2890 I mm-camera: cpp_port_check_caps_unreserve:170, identity=0x10002
04-13 15:48:52.602   217  2890 I mm-camera: cpp_port_check_caps_unreserve:179, identity=0x10002, unreserved
04-13 15:48:52.602   217  2890 I mm-camera: cpp_port_check_caps_unreserve:170, identity=0x10002
04-13 15:48:52.602   217  2890 I mm-camera: cpp_port_check_caps_unreserve:179, identity=0x10002, unreserved
04-13 15:48:52.602   217  2890 D mm-camera-img: faceproc_comp_abort:608] state 1
04-13 15:48:52.602   217  2890 E mm-camera-img: faceproc_save_album:774] Error No album 
04-13 15:48:52.602   217  2890 E mm-camera-img: faceproc_comp_eng_destroy: Album save failed -1
04-13 15:48:52.602   217  2890 I mm-camera: q3a_thread_aecawb_stop:308 MSG_STOP_THREAD
04-13 15:48:52.603   203   891 E QCamera3Channel: virtual qcamera::QCamera3Channel::~QCamera3Channel(): deleting channel 5377
04-13 15:48:52.604   217  2890 I mm-camera: mct_pipeline_process_set:command=800000b
04-13 15:48:52.604   217  2890 I mm-camera: mct_pipeline_process_set: stream_type = 8, streamid 1
04-13 15:48:52.604   203   891 E QCamera3Channel: virtual qcamera::QCamera3Channel::~QCamera3Channel(): deleting channel 4864
04-13 15:48:52.605   217  2890 I mm-camera: mct_pipeline_process_set:command=800000a
04-13 15:48:52.605   217  2890 I mm-camera: mct_pipeline_process_set:command=8000012
04-13 15:48:52.605   217  2890 D mm-camera: mct_stream_start_link: Metadata
04-13 15:48:52.605   203   891 E mm-camera-intf: mm_stream_get_v4l2_fmt: Unknown fmt=78
04-13 15:48:52.605   217  2890 I mm-camera: mct_pipeline_process_set:command=8000004
04-13 15:48:52.606   217  2890 E mm-camera: mct_pipeline_get_stream: stream not found in the list
04-13 15:48:52.606   217  2890 I mm-camera: mct_pipeline_process_set: Couldn't find preview stream; Storing for later
04-13 15:48:52.673  2833  2833 I CAM_FilmstripView: [ViewItem:0] mData.renderThumbnail()
04-13 15:48:52.675  2833  2833 I CAM_FilmstripView: [ViewItem:1] mData.renderThumbnail()
04-13 15:48:52.675  2833  2833 I CAM_FilmstripView: [ViewItem:2] mData.renderThumbnail()
04-13 15:48:52.796  1340  1572 W OpenGLRenderer: Incorrectly called buildLayer on View: ShortcutAndWidgetContainer, destroying layer...
04-13 15:48:52.796  1340  1572 W OpenGLRenderer: Incorrectly called buildLayer on View: ShortcutAndWidgetContainer, destroying layer...
04-13 15:48:52.846  2833  2833 I CAM_Camera2Act: executeClose(0)
04-13 15:48:52.885  2833  2875 I CAM_Camera2Act: CameraDevice.close(id: 0)
04-13 15:48:52.895   203   818 E QCamera3Channel: virtual int32_t qcamera::QCamera3Channel::stop(): Attempt to stop inactive channel
04-13 15:48:52.895   203   818 E QCamera3Channel: virtual int32_t qcamera::QCamera3Channel::stop(): Attempt to stop inactive channel
04-13 15:48:52.895   217  2890 I mm-camera: mct_pipeline_process_set:command=800000b
04-13 15:48:52.895   217  2890 I mm-camera: mct_pipeline_process_set: stream_type = 8, streamid 1
04-13 15:48:52.895   203   818 E QCamera3Channel: virtual qcamera::QCamera3Channel::~QCamera3Channel(): deleting channel 6400
04-13 15:48:52.897   217  2890 I mm-camera: mct_pipeline_process_set:command=800000b
04-13 15:48:52.897   217  2890 E mm-camera: mct_pipeline_get_stream: no children
04-13 15:48:52.897   217  2890 E mm-camera: mct_pipeline_process_set:1451: Couldn't find stream
04-13 15:48:52.897   217   217 I mm-camera-sensor: module_sensor_stop_session:637 session 1
04-13 15:48:52.969   217   217 I mm-camera: stats_module_stop_session: list =0xb6b5b630, remove port =0xb6b92280 name=stats_sink from module=0xb6b910e0, name=stats
04-13 15:48:52.969   217   217 I mm-camera: stats_module_stop_session: 1 port =0xb6b92280 name=stats_sink 
04-13 15:48:52.969   217   217 I mm-camera: stats_module_stop_session: 2 port =0xb6b92280 name=stats_sink 
04-13 15:48:52.970   217   217 I mm-camera: gyro_module_stop_session: Enter
04-13 15:48:52.970   217   217 I mm-camera: stats_module_stop_session: 3 port =0xb6b92280 name=stats_sink 
04-13 15:48:52.970   217   217 I mm-camera: cpp_module_stop_session:464, info: stopping session 1 ...
04-13 15:48:52.970   217  2886 I mm-camera: cpp_thread_process_pipe_message:359, CPP_THREAD_MSG_ABORT: cpp_thread exiting..
04-13 15:48:52.973   217   217 I mm-camera: cpp_module_stop_session:508, info: session 1 stopped.
04-13 15:48:52.973   217   217 I mm-camera: c2d_module_stop_session:322, info: stopping session 1 ...
04-13 15:48:52.973   217  2887 I mm-camera: c2d_thread_process_pipe_message:503, C2D_THREAD_MSG_ABORT: c2d_thread exiting..
04-13 15:48:52.973   217   217 I mm-camera: c2d_module_stop_session:361, info: session 1 stopped.
04-13 15:48:52.974  2100  2106 E ANDR-PERF-LOCK: Failed to reset optimization for resource: 4 level: 0
04-13 15:48:52.974   203   818 I CameraService: onTorchStatusChangedLocked: Torch status changed for cameraId=0, newStatus=1
04-13 15:48:52.975   203   818 I CameraService: onTorchStatusChangedLocked: Torch status changed for cameraId=0, newStatus=1
04-13 15:48:52.975   203   818 I CameraService: disconnect: Disconnected client for camera 0 for PID 2833
04-13 15:48:52.975  2833  2875 I CAM_DeviceStateM: Shutting down the device lifecycle for: CameraDeviceKey{mApiType: CAMERA_API2, mCameraId: CameraId{Api2='0',Api1:0}}
04-13 15:48:52.976  2833  2875 I CAM_MltiDeviceLife: Completing shutdown.
04-13 15:48:53.192  1205  1215 W MediaPlayer-JNI: MediaPlayer finalized without being released
04-13 15:48:53.192   203  5031 D NuPlayerDriver: reset(0xb6098d00)
04-13 15:48:53.193   203  5031 D NuPlayerDriver: notifyListener_l(0xb6098d00), (8, 0, 0)
04-13 15:48:53.193   203  2443 D NuPlayerDriver: notifyResetComplete(0xb6098d00)
04-13 15:48:53.379   919   919 D PhoneStatusBar: disable: < expand ICONS* alerts SYSTEM_INFO* back home recent clock search quick_settings >
04-13 15:48:53.380   203   818 D NuPlayerDriver: stop(0xb6098b20)
04-13 15:48:53.380   203   818 D NuPlayerDriver: notifyListener_l(0xb6098b20), (8, 0, 0)
04-13 15:48:53.380   203  5031 D NuPlayerDriver: reset(0xb6098b20)
04-13 15:48:53.382   203 32548 W AMessage: failed to post message as target looper for handler 0 is gone.
04-13 15:48:53.383   203 32548 D NuPlayerDriver: notifyResetComplete(0xb6098b20)
04-13 15:48:53.458  1573  3031 I DeviceStateChecker: DeviceStateChecker cancelled
04-13 15:48:53.459  1573  1573 I MicroDetector: Keeping mic open: false
04-13 15:48:53.459  1573  1573 I MicrophoneInputStream: mic_close com.google.android.apps.gsa.speech.audio.ae@61b7780
04-13 15:48:53.459  1573  3033 E AudioRecord-JNI: Error -4 during AudioRecord native read
04-13 15:48:53.504   203  3035 D audio_hw_primary: disable_audio_route: reset and update mixer path: audio-record
04-13 15:48:53.504   203  3035 D audio_hw_primary: disable_snd_device: snd_device(61: voice-rec-mic)
04-13 15:48:53.509  1573  3032 I MicroRecognitionRunner: Detection finished
04-13 15:48:53.509  1573  6058 I MicroRecognitionRunner: Stopping hotword detection.
04-13 15:48:55.262   203   811 D audio_hw_primary: disable_audio_route: reset and update mixer path: low-latency-playback
04-13 15:48:55.262   203   811 D audio_hw_primary: disable_snd_device: snd_device(2: speaker)
04-13 15:48:55.307   203   811 D audio_hw_primary: out_set_parameters: enter: usecase(1: low-latency-playback) kvpairs: routing=2
04-13 15:48:55.307   919   919 D StatusBar: Clicked on content of 0|com.whatsapp|1|null|10081
04-13 15:48:55.311   779  1568 I ActivityManager: START u0 {cmp=com.whatsapp/.HomeActivity} from uid 10081 on display 0
04-13 15:48:55.312   779  1568 W ActivityManager: startActivity called from non-Activity context; forcing Intent.FLAG_ACTIVITY_NEW_TASK for: Intent { cmp=com.whatsapp/.HomeActivity }
04-13 15:48:55.317   203   811 D audio_hw_primary: select_devices: out_snd_device(2: speaker) in_snd_device(0: none)
04-13 15:48:55.317   203   811 D msm8974_platform: platform_send_audio_calibration: sending audio calibration for snd_device(2) acdb_id(15)
04-13 15:48:55.317   203   811 D audio_hw_primary: enable_snd_device: snd_device(2: speaker)
04-13 15:48:55.318   203   811 D audio_hw_primary: enable_audio_route: apply and update mixer path: low-latency-playback
04-13 15:48:55.377   203   811 D AudioFlinger: mixer(0xb4140000) throttle end: throttle time(10)
04-13 15:48:55.422  2081  2081 E SpannableStringBuilder: SPAN_EXCLUSIVE_EXCLUSIVE spans cannot have a zero length
04-13 15:48:55.422  2081  2081 E SpannableStringBuilder: SPAN_EXCLUSIVE_EXCLUSIVE spans cannot have a zero length
04-13 15:48:55.426  2081  2081 E SpannableStringBuilder: SPAN_EXCLUSIVE_EXCLUSIVE spans cannot have a zero length
04-13 15:48:55.426  2081  2081 E SpannableStringBuilder: SPAN_EXCLUSIVE_EXCLUSIVE spans cannot have a zero length
04-13 15:48:55.796   919   919 D PhoneStatusBar: disable: < expand icons* alerts system_info* back home recent clock search quick_settings >
04-13 15:48:55.856   779   885 D ConnectivityService: notifyType CAP_CHANGED for NetworkAgentInfo [WIFI () - 102]
04-13 15:48:56.707   779   790 I ActivityManager: START u0 {flg=0x14000000 cmp=com.whatsapp/.Conversation (has extras)} from uid 10081 on display 0
04-13 15:48:56.719   203   811 D audio_hw_primary: out_set_parameters: enter: usecase(1: low-latency-playback) kvpairs: routing=2
04-13 15:48:56.744  2081  2081 I AppCompatViewInflater: app:theme is now deprecated. Please move to using android:theme instead.
04-13 15:48:56.753   203   811 D AudioFlinger: mixer(0xb4140000) throttle end: throttle time(7)
04-13 15:48:57.302   203   891 I Camera2ClientBase: Closed Camera 0. Client was: com.google.android.GoogleCamera (PID 2833, UID 10042)
04-13 15:48:57.766   213   278 I ThermalEngine: TM Id 'SKIN_THERMAL_management_1' Sensor 'xo_therm_pu2' - alarm raised 1 at 40.0 degC
04-13 15:48:57.766   213   278 I ThermalEngine: ACTION: CPU - Setting CPU[0] to 1958400
04-13 15:48:57.767   213   278 I ThermalEngine: ACTION: CPU - Setting CPU[1] to 1958400
04-13 15:48:57.767   213   278 I ThermalEngine: ACTION: CPU - Setting CPU[2] to 1958400
04-13 15:48:57.767   213   278 I ThermalEngine: ACTION: CPU - Setting CPU[3] to 1958400
04-13 15:48:57.767   213   278 I ThermalEngine: ACTION: LCD - Setting max LCD brightness to 229
04-13 15:48:58.874   779   885 D ConnectivityService: notifyType CAP_CHANGED for NetworkAgentInfo [WIFI () - 102]
04-13 15:48:59.430  2081  2081 I Choreographer: Skipped 161 frames!  The application may be doing too much work on its main thread.
04-13 15:48:59.449   779   789 I ActivityManager: Start proc 3119:com.google.android.inputmethod.latin/u0a54 for service com.google.android.inputmethod.latin/com.android.inputmethod.latin.spellcheck.AndroidSpellCheckerService
04-13 15:48:59.633  3119  3119 I Decoder : createOrResetDecoder
04-13 15:48:59.635  3119  3119 I Decoder : createOrResetDecoder
04-13 15:48:59.708   779   800 I ActivityManager: Displayed com.whatsapp/.Conversation: +2s987ms
04-13 15:48:59.783  2081  2081 E SpannableStringBuilder: SPAN_EXCLUSIVE_EXCLUSIVE spans cannot have a zero length
04-13 15:48:59.783  2081  2081 E SpannableStringBuilder: SPAN_EXCLUSIVE_EXCLUSIVE spans cannot have a zero length
04-13 15:48:59.887   203   811 D audio_hw_primary: disable_audio_route: reset and update mixer path: low-latency-playback
04-13 15:48:59.887   203   811 D audio_hw_primary: disable_snd_device: snd_device(2: speaker)
04-13 15:48:59.897  1799 32506 D Uploader: Network request failed class java.net.UnknownHostException(Unable to resolve host "play.googleapis.com": No address associated with hostname)
04-13 15:48:59.908  1799  1799 V GLSActivity: AuthDelegateWrapperCreated with selected intent: Intent { cmp=com.google.android.gms/.auth.DefaultAuthDelegateService }
04-13 15:48:59.909  1799  1799 V GLSActivity: AuthDelegateWrapperCreated with selected intent: Intent { cmp=com.google.android.gms/.auth.DefaultAuthDelegateService }
04-13 15:48:59.935  1799 32506 D Uploader: Network request failed class java.net.UnknownHostException(Unable to resolve host "play.googleapis.com": No address associated with hostname)
04-13 15:48:59.937  1799 32506 E NetworkScheduler.ActiveTaskContext: Trying to release unacquired lock: com.google.android.gms/.playlog.uploader.UploaderService
04-13 15:48:59.940  1799  1799 E NetworkScheduler: Called closeAndCleanupTask for already completed task [com.google.android.gms/.playlog.uploader.UploaderService:upload_periodic,u0]' :TIMED_OUT
04-13 15:48:59.980  1799  1799 E NetworkScheduler: Task completed but with no record in list of active tasks: [com.google.android.gms/.playlog.uploader.UploaderService:upload_periodic,u0]
04-13 15:49:00.519   203   811 D audio_hw_primary: out_set_parameters: enter: usecase(1: low-latency-playback) kvpairs: routing=2
04-13 15:49:00.528  1258  1258 W KeyLabelResolver: Failed to fetch resource bundle for %s, using fallback bundle
04-13 15:49:00.528  1258  1258 W KeyLabelResolver: java.io.FileNotFoundException: key_label_bundles/es.dat
04-13 15:49:00.528  1258  1258 W KeyLabelResolver: 	at android.content.res.AssetManager.openAsset(Native Method)
04-13 15:49:00.528  1258  1258 W KeyLabelResolver: 	at android.content.res.AssetManager.open(AssetManager.java:313)
04-13 15:49:00.528  1258  1258 W KeyLabelResolver: 	at android.content.res.AssetManager.open(AssetManager.java:287)
04-13 15:49:00.528  1258  1258 W KeyLabelResolver: 	at com.touchtype.keyboard.d.n.b(KeyLabelResolver.java:81)
04-13 15:49:00.528  1258  1258 W KeyLabelResolver: 	at com.touchtype.keyboard.d.n.a(KeyLabelResolver.java:65)
04-13 15:49:00.528  1258  1258 W KeyLabelResolver: 	at com.touchtype.keyboard.d.n.a(KeyLabelResolver.java:55)
04-13 15:49:00.528  1258  1258 W KeyLabelResolver: 	at com.touchtype.keyboard.d.f.<init>(KeyFactory.java:302)
04-13 15:49:00.528  1258  1258 W KeyLabelResolver: 	at com.touchtype.keyboard.aj.a(KeyboardLoader.java:667)
04-13 15:49:00.528  1258  1258 W KeyLabelResolver: 	at com.touchtype.keyboard.ar.a(KeyboardSwitcher.java:794)
04-13 15:49:00.528  1258  1258 W KeyLabelResolver: 	at com.touchtype.keyboard.ar.a(KeyboardSwitcher.java:550)
04-13 15:49:00.528  1258  1258 W KeyLabelResolver: 	at com.touchtype.keyboard.ar.a(KeyboardSwitcher.java:379)
04-13 15:49:00.528  1258  1258 W KeyLabelResolver: 	at com.touchtype.keyboard.ar.a(KeyboardSwitcher.java:282)
04-13 15:49:00.528  1258  1258 W KeyLabelResolver: 	at com.touchtype.keyboard.service.TouchTypeSoftKeyboard.b(TouchTypeSoftKeyboard.java:1227)
04-13 15:49:00.528  1258  1258 W KeyLabelResolver: 	at com.touchtype.keyboard.service.TrackedInputMethodService.onStartInputView(TrackedInputMethodService.java:115)
04-13 15:49:00.528  1258  1258 W KeyLabelResolver: 	at android.inputmethodservice.InputMethodService.showWindowInner(InputMethodService.java:1490)
04-13 15:49:00.528  1258  1258 W KeyLabelResolver: 	at android.inputmethodservice.InputMethodService.showWindow(InputMethodService.java:1447)
04-13 15:49:00.528  1258  1258 W KeyLabelResolver: 	at android.inputmethodservice.InputMethodService$InputMethodImpl.showSoftInput(InputMethodService.java:437)
04-13 15:49:00.528  1258  1258 W KeyLabelResolver: 	at android.inputmethodservice.IInputMethodWrapper.executeMessage(IInputMethodWrapper.java:203)
04-13 15:49:00.528  1258  1258 W KeyLabelResolver: 	at com.android.internal.os.HandlerCaller$MyHandler.handleMessage(HandlerCaller.java:37)
04-13 15:49:00.528  1258  1258 W KeyLabelResolver: 	at android.os.Handler.dispatchMessage(Handler.java:102)
04-13 15:49:00.528  1258  1258 W KeyLabelResolver: 	at android.os.Looper.loop(Looper.java:148)
04-13 15:49:00.528  1258  1258 W KeyLabelResolver: 	at android.app.ActivityThread.main(ActivityThread.java:5417)
04-13 15:49:00.528  1258  1258 W KeyLabelResolver: 	at java.lang.reflect.Method.invoke(Native Method)
04-13 15:49:00.528  1258  1258 W KeyLabelResolver: 	at com.android.internal.os.ZygoteInit$MethodAndArgsCaller.run(ZygoteInit.java:726)
04-13 15:49:00.528  1258  1258 W KeyLabelResolver: 	at com.android.internal.os.ZygoteInit.main(ZygoteInit.java:616)
04-13 15:49:00.529   203   811 D audio_hw_primary: select_devices: out_snd_device(2: speaker) in_snd_device(0: none)
04-13 15:49:00.529   203   811 D msm8974_platform: platform_send_audio_calibration: sending audio calibration for snd_device(2) acdb_id(15)
04-13 15:49:00.529   203   811 D audio_hw_primary: enable_snd_device: snd_device(2: speaker)
04-13 15:49:00.530   203   811 D audio_hw_primary: enable_audio_route: apply and update mixer path: low-latency-playback
04-13 15:49:00.533  2081  2081 E SpannableStringBuilder: SPAN_EXCLUSIVE_EXCLUSIVE spans cannot have a zero length
04-13 15:49:00.533  2081  2081 E SpannableStringBuilder: SPAN_EXCLUSIVE_EXCLUSIVE spans cannot have a zero length
04-13 15:49:00.590   203   811 D AudioFlinger: mixer(0xb4140000) throttle end: throttle time(10)
04-13 15:49:00.643  1258  3168 I Adreno-EGL: <qeglDrvAPI_eglInitialize:379>: QUALCOMM Build: 10/21/15, 369a2ea, I96aee987eb
04-13 15:49:02.142   203   811 D audio_hw_primary: out_set_parameters: enter: usecase(1: low-latency-playback) kvpairs: routing=2
04-13 15:49:02.181  2081  2081 E SpannableStringBuilder: SPAN_EXCLUSIVE_EXCLUSIVE spans cannot have a zero length
04-13 15:49:02.181  2081  2081 E SpannableStringBuilder: SPAN_EXCLUSIVE_EXCLUSIVE spans cannot have a zero length
04-13 15:49:02.193  2081  2081 E SpannableStringBuilder: SPAN_EXCLUSIVE_EXCLUSIVE spans cannot have a zero length
04-13 15:49:02.193  2081  2081 E SpannableStringBuilder: SPAN_EXCLUSIVE_EXCLUSIVE spans cannot have a zero length
04-13 15:49:02.228  1258  3211 I Adreno-EGL: <qeglDrvAPI_eglInitialize:379>: QUALCOMM Build: 10/21/15, 369a2ea, I96aee987eb
04-13 15:49:02.234  2081  2081 E SpannableStringBuilder: SPAN_EXCLUSIVE_EXCLUSIVE spans cannot have a zero length
04-13 15:49:02.234  2081  2081 E SpannableStringBuilder: SPAN_EXCLUSIVE_EXCLUSIVE spans cannot have a zero length
04-13 15:49:02.277  1258  1267 I art     : Background sticky concurrent mark sweep GC freed 17402(609KB) AllocSpace objects, 0(0B) LOS objects, 1% free, 27MB/27MB, paused 10.757ms total 18.671ms
04-13 15:49:02.382   203   811 D audio_hw_primary: out_set_parameters: enter: usecase(1: low-latency-playback) kvpairs: routing=2
04-13 15:49:03.011   203  3237 D NuPlayerDriver: notifyListener_l(0xb2874300), (1, 0, 0)
04-13 15:49:03.011  2081  3236 D MediaPlayer: setSubtitleAnchor in MediaPlayer
04-13 15:49:03.013  2081  2081 D MediaPlayer: setSubtitleAnchor in MediaPlayer
04-13 15:49:03.017   203  5031 D NuPlayerDriver: start(0xb2874300), state is 4, eos is 0
04-13 15:49:03.017   203  3237 I GenericSource: start
04-13 15:49:03.028   203  3242 E OMXNodeInstance: setConfig(23:google.aac.decoder, ConfigPriority(0x6f800002)) ERROR: Undefined(0x80001001)
04-13 15:49:03.029   203  3242 I ACodec  : codec does not support config priority (err -2147483648)
04-13 15:49:03.030   203  3242 I MediaCodec: MediaCodec will operate in async mode
04-13 15:49:03.032   203  3245 I SoftAAC2: Reconfiguring decoder: 0->44100 Hz, 0->1 channels
04-13 15:49:03.041   203   811 D audio_hw_primary: out_set_parameters: enter: usecase(1: low-latency-playback) kvpairs: routing=2
04-13 15:49:03.042   203  3241 I NuPlayerDecoder: [audio] saw output EOS
04-13 15:49:03.042   203  3237 D NuPlayerDriver: notifyListener_l(0xb2874300), (6, 0, 0)
04-13 15:49:03.083   203  3237 D NuPlayerDriver: notifyListener_l(0xb2874300), (2, 0, 0)
04-13 15:49:03.521   203   811 D audio_hw_primary: out_set_parameters: enter: usecase(1: low-latency-playback) kvpairs: routing=2
04-13 15:49:03.601  2081  2081 E SpannableStringBuilder: SPAN_EXCLUSIVE_EXCLUSIVE spans cannot have a zero length
04-13 15:49:03.601  2081  2081 E SpannableStringBuilder: SPAN_EXCLUSIVE_EXCLUSIVE spans cannot have a zero length
04-13 15:49:03.614  2081  2081 E SpannableStringBuilder: SPAN_EXCLUSIVE_EXCLUSIVE spans cannot have a zero length
04-13 15:49:03.614  2081  2081 E SpannableStringBuilder: SPAN_EXCLUSIVE_EXCLUSIVE spans cannot have a zero length
04-13 15:49:03.740  2081  3267 I OMXClient: Using client-side OMX mux.
04-13 15:49:03.743  2081  3267 E OMXMaster: A component of name 'OMX.qcom.audio.decoder.aac' already exists, ignoring this one.
04-13 15:49:03.773  2081  3271 I OMXClient: Using client-side OMX mux.
04-13 15:49:03.776  2081  3271 E OMXMaster: A component of name 'OMX.qcom.audio.decoder.aac' already exists, ignoring this one.
04-13 15:49:03.791   203   811 D audio_hw_primary: out_set_parameters: enter: usecase(1: low-latency-playback) kvpairs: routing=2
04-13 15:49:03.813  2081  3274 I OMXClient: Using client-side OMX mux.
04-13 15:49:03.816  2081 25754 D OpenGLRenderer: endAllStagingAnimators on 0x9e168a00 (RippleDrawable) with handle 0x9cd51ea0
04-13 15:49:03.817  2081  3274 E OMXMaster: A component of name 'OMX.qcom.audio.decoder.aac' already exists, ignoring this one.
04-13 15:49:03.827   203   811 D AudioFlinger: mixer(0xb4140000) throttle end: throttle time(4)
04-13 15:49:03.850  2081  2081 E SpannableStringBuilder: SPAN_EXCLUSIVE_EXCLUSIVE spans cannot have a zero length
04-13 15:49:03.850  2081  2081 E SpannableStringBuilder: SPAN_EXCLUSIVE_EXCLUSIVE spans cannot have a zero length
04-13 15:49:03.862  2081  2081 E SpannableStringBuilder: SPAN_EXCLUSIVE_EXCLUSIVE spans cannot have a zero length
04-13 15:49:03.862  2081  2081 E SpannableStringBuilder: SPAN_EXCLUSIVE_EXCLUSIVE spans cannot have a zero length
04-13 15:49:03.881  2081  2081 E SpannableStringBuilder: SPAN_EXCLUSIVE_EXCLUSIVE spans cannot have a zero length
04-13 15:49:03.882  2081  2081 E SpannableStringBuilder: SPAN_EXCLUSIVE_EXCLUSIVE spans cannot have a zero length
04-13 15:49:03.896  1258  3277 I Adreno-EGL: <qeglDrvAPI_eglInitialize:379>: QUALCOMM Build: 10/21/15, 369a2ea, I96aee987eb
04-13 15:49:04.551   203   891 D NuPlayerDriver: stop(0xb2874300)
04-13 15:49:04.551   203   891 D NuPlayerDriver: notifyListener_l(0xb2874300), (8, 0, 0)
04-13 15:49:04.551   203  5031 D NuPlayerDriver: reset(0xb2874300)
04-13 15:49:04.554   203  3237 W AMessage: failed to post message as target looper for handler 0 is gone.
04-13 15:49:04.556   203  3237 D NuPlayerDriver: notifyResetComplete(0xb2874300)
04-13 15:49:04.557  2081  2081 W MediaPlayer: mediaplayer went away with unhandled events
04-13 15:49:04.577   203  3288 D NuPlayerDriver: notifyListener_l(0xb2874840), (1, 0, 0)
04-13 15:49:04.577  2081  3287 D MediaPlayer: setSubtitleAnchor in MediaPlayer
04-13 15:49:04.577  2081  2081 D MediaPlayer: setSubtitleAnchor in MediaPlayer
04-13 15:49:04.582   203   818 D NuPlayerDriver: start(0xb2874840), state is 4, eos is 0
04-13 15:49:04.582   203  3288 I GenericSource: start
04-13 15:49:04.589   203  3296 E OMXNodeInstance: setConfig(24:google.aac.decoder, ConfigPriority(0x6f800002)) ERROR: Undefined(0x80001001)
04-13 15:49:04.589   203  3296 I ACodec  : codec does not support config priority (err -2147483648)
04-13 15:49:04.589   203  3296 I MediaCodec: MediaCodec will operate in async mode
04-13 15:49:04.594   203  3297 I SoftAAC2: Reconfiguring decoder: 0->44100 Hz, 0->1 channels
04-13 15:49:04.611   203   811 D audio_hw_primary: out_set_parameters: enter: usecase(1: low-latency-playback) kvpairs: routing=2
04-13 15:49:04.611   203  3295 I NuPlayerDecoder: [audio] saw output EOS
04-13 15:49:04.611   203  3288 D NuPlayerDriver: notifyListener_l(0xb2874840), (6, 0, 0)
04-13 15:49:04.647   203   811 D AudioFlinger: mixer(0xb4140000) throttle end: throttle time(4)
04-13 15:49:04.652   203  3288 D NuPlayerDriver: notifyListener_l(0xb2874840), (2, 0, 0)
04-13 15:49:07.712   203   811 D audio_hw_primary: disable_audio_route: reset and update mixer path: low-latency-playback
04-13 15:49:07.712   203   811 D audio_hw_primary: disable_snd_device: snd_device(2: speaker)
04-13 15:49:14.553   203   203 D NuPlayerDriver: stop(0xb2874840)
04-13 15:49:14.554   203   203 D NuPlayerDriver: notifyListener_l(0xb2874840), (8, 0, 0)
04-13 15:49:14.555   203   818 D NuPlayerDriver: reset(0xb2874840)
04-13 15:49:14.571   203  3295 W AMessage: failed to post message as target looper for handler 0 is gone.
04-13 15:49:14.577   203  3288 D NuPlayerDriver: notifyResetComplete(0xb2874840)
04-13 15:49:28.920  1799  2407 I ClearcutLoggerApiImpl: disconnect managed GoogleApiClient
04-13 15:49:32.462  1443  3526 W IcingInternalCorpora: getNumBytesRead when not calculated.
04-13 15:49:33.575  1443  2339 I Icing   : Indexing C8C2E267C5F6A7FD192FEE80D677C9437879B544 from com.google.android.gms
04-13 15:49:33.628  1443  2339 W Icing   : CLD2 bad utf8
04-13 15:49:33.657  1443  2339 I Icing   : Indexing done C8C2E267C5F6A7FD192FEE80D677C9437879B544
04-13 15:49:46.652  1573  1677 W LocationOracle: Best location was null
04-13 15:50:07.815   213   278 I ThermalEngine: TM Id 'SKIN_THERMAL_management_1' Sensor 'xo_therm_pu2' - alarm cleared 1 at 38.0 degC
04-13 15:50:07.815   213   278 I ThermalEngine: ACTION: CPU - Setting CPU[0] to 2265600
04-13 15:50:07.815   213   278 I ThermalEngine: ACTION: CPU - Setting CPU[1] to 2265600
04-13 15:50:07.815   213   278 I ThermalEngine: ACTION: CPU - Setting CPU[2] to 2265600
04-13 15:50:07.815   213   278 I ThermalEngine: ACTION: CPU - Setting CPU[3] to 2265600
04-13 15:50:07.816   213   278 I ThermalEngine: ACTION: LCD - Setting max LCD brightness to 255
04-13 15:50:44.638   779   885 D ConnectivityService: notifyType CAP_CHANGED for NetworkAgentInfo [WIFI () - 102]
04-13 15:50:50.682   779   885 D ConnectivityService: notifyType CAP_CHANGED for NetworkAgentInfo [WIFI () - 102]
04-13 15:50:56.135   779  9961 D NetlinkSocketObserver: NeighborEvent{elapsedMs=4604506, 10.191.9.1, [00000C07AC35], RTM_DELNEIGH, NUD_STALE}
04-13 15:50:56.803  1443  1933 W GAv4-SVC: Network compressed POST connection error: java.net.UnknownHostException: Unable to resolve host "ssl.google-analytics.com": No address associated with hostname
04-13 15:51:15.561   779  9960 D NetworkMonitor/NetworkAgentInfo [WIFI () - 102]: Forcing reevaluation for UID 0
04-13 15:51:15.582   779  9961 D NetlinkSocketObserver: NeighborEvent{elapsedMs=4623954, 10.191.9.1, [00000C07AC35], RTM_NEWNEIGH, NUD_REACHABLE}
04-13 15:51:15.602   779  9960 D NetworkMonitor/NetworkAgentInfo [WIFI () - 102]: Checking http://connectivitycheck.gstatic.com/generate_204 on "IM-dti.desa", connectivitycheck.gstatic.com=216.58.222.110,2800:3f0:4004:804::200e
04-13 15:51:15.622   779  9960 D NetworkMonitor/NetworkAgentInfo [WIFI () - 102]: isCaptivePortal: ret=303 headers={null=[HTTP/1.1 303 See Other], Cache-Control=[no-cache], Connection=[close], Content-Length=[223], Content-Type=[text/html], Location=[https://172.17.1.8:1003/fgtauth?0126ab0353977341], X-Android-Received-Millis=[1460573475621], X-Android-Response-Source=[NETWORK 303], X-Android-Selected-Protocol=[http/1.1], X-Android-Sent-Millis=[1460573475613]}
04-13 15:51:15.639   779   885 D ConnectivityService: NetworkAgentInfo [WIFI () - 102] validation failed
04-13 15:51:15.650   779   885 D ConnectivityService: setProvNotificationVisibleIntent SIGN_IN visible=true networkType=WIFI extraInfo="IM-dti.desa" highPriority=false
04-13 15:51:15.687   779   883 E WifiConfigStore:  rewrite network history for "IM-dti.desa"WPA_EAP
04-13 15:51:20.938   779   885 D ConnectivityService: notifyType CAP_CHANGED for NetworkAgentInfo [WIFI () - 102]
04-13 15:51:24.415   779  9961 D NetlinkSocketObserver: NeighborEvent{elapsedMs=4632786, 10.191.9.1, [00000C07AC35], RTM_NEWNEIGH, NUD_STALE}
04-13 15:51:26.988   779   885 D ConnectivityService: notifyType CAP_CHANGED for NetworkAgentInfo [WIFI () - 102]
04-13 15:51:54.141   779   885 D ConnectivityService: notifyType CAP_CHANGED for NetworkAgentInfo [WIFI () - 102]
04-13 15:51:57.161   779   885 D ConnectivityService: notifyType CAP_CHANGED for NetworkAgentInfo [WIFI () - 102]
04-13 15:52:01.153  1799  1923 W ctxmgr  : [AclManager]checkPermissionTypeStatus: no inject permission for { uid=10007, packageName=com.google.android.gms }. Returned permission was: PACKAGE_NOT_WHITELISTED for context name=POWER_CONNECTION, account=account#-517948760#
04-13 15:52:01.166  1799  1923 W ctxmgr  : [AclManager]checkPermissionTypeStatus: no inject permission for { uid=10007, packageName=com.google.android.gms }. Returned permission was: PACKAGE_NOT_WHITELISTED for context name=POWER_CONNECTION, account=account#-517948760#
04-13 15:52:01.166  1799  1799 E ctxmgr  : [PowerConnectionProducer]Could not write powerInfo=Plug state: 2 BatteryLevel: 0.4, status=Status{statusCode=unknown status code: 7503, resolution=null}
04-13 15:52:33.460   779   885 D ConnectivityService: notifyType CAP_CHANGED for NetworkAgentInfo [WIFI () - 102]
04-13 15:52:39.505   779   885 D ConnectivityService: notifyType CAP_CHANGED for NetworkAgentInfo [WIFI () - 102]
04-13 15:52:42.546   779   885 D ConnectivityService: notifyType CAP_CHANGED for NetworkAgentInfo [WIFI () - 102]
04-13 15:52:48.604   779   885 D ConnectivityService: notifyType CAP_CHANGED for NetworkAgentInfo [WIFI () - 102]
04-13 15:52:51.625   779   885 D ConnectivityService: notifyType CAP_CHANGED for NetworkAgentInfo [WIFI () - 102]
04-13 15:53:03.423   203  5068 D NuPlayerDriver: notifyListener_l(0xb2874300), (1, 0, 0)
04-13 15:53:03.423  2081  5067 D MediaPlayer: setSubtitleAnchor in MediaPlayer
04-13 15:53:03.424  2081  2081 D MediaPlayer: setSubtitleAnchor in MediaPlayer
04-13 15:53:03.426   203   818 D NuPlayerDriver: start(0xb2874300), state is 4, eos is 0
04-13 15:53:03.427   203  5068 I GenericSource: start
04-13 15:53:03.433   203  5073 E OMXNodeInstance: setConfig(25:google.aac.decoder, ConfigPriority(0x6f800002)) ERROR: Undefined(0x80001001)
04-13 15:53:03.433   203  5073 I ACodec  : codec does not support config priority (err -2147483648)
04-13 15:53:03.434   203  5073 I MediaCodec: MediaCodec will operate in async mode
04-13 15:53:03.439   203  5074 I SoftAAC2: Reconfiguring decoder: 0->44100 Hz, 0->1 channels
04-13 15:53:03.443   203   811 D audio_hw_primary: out_set_parameters: enter: usecase(1: low-latency-playback) kvpairs: routing=2
04-13 15:53:03.444   203  5068 D NuPlayerDriver: notifyListener_l(0xb2874300), (6, 0, 0)
04-13 15:53:03.454   203   811 D audio_hw_primary: select_devices: out_snd_device(2: speaker) in_snd_device(0: none)
04-13 15:53:03.454   203   811 D msm8974_platform: platform_send_audio_calibration: sending audio calibration for snd_device(2) acdb_id(15)
04-13 15:53:03.454   203   811 D audio_hw_primary: enable_snd_device: snd_device(2: speaker)
04-13 15:53:03.457   203   811 D audio_hw_primary: enable_audio_route: apply and update mixer path: low-latency-playback
04-13 15:53:03.698   779   885 D ConnectivityService: notifyType CAP_CHANGED for NetworkAgentInfo [WIFI () - 102]
04-13 15:53:05.164   203  5072 I NuPlayerDecoder: [audio] saw output EOS
04-13 15:53:05.728   203  5068 D NuPlayerDriver: notifyListener_l(0xb2874300), (2, 0, 0)
04-13 15:53:08.719   203   811 D audio_hw_primary: disable_audio_route: reset and update mixer path: low-latency-playback
04-13 15:53:08.719   203   811 D audio_hw_primary: disable_snd_device: snd_device(2: speaker)
04-13 15:53:09.742   779   885 D ConnectivityService: notifyType CAP_CHANGED for NetworkAgentInfo [WIFI () - 102]
04-13 15:53:12.771   779   885 D ConnectivityService: notifyType CAP_CHANGED for NetworkAgentInfo [WIFI () - 102]
04-13 15:53:13.368   203   203 D NuPlayerDriver: stop(0xb2874300)
04-13 15:53:13.368   203   203 D NuPlayerDriver: notifyListener_l(0xb2874300), (8, 0, 0)
04-13 15:53:13.370   203   818 D NuPlayerDriver: reset(0xb2874300)
04-13 15:53:13.384   203  5068 W AMessage: failed to post message as target looper for handler 0 is gone.
04-13 15:53:13.388   203  5068 D NuPlayerDriver: notifyResetComplete(0xb2874300)
04-13 15:53:15.797   779   885 D ConnectivityService: notifyType CAP_CHANGED for NetworkAgentInfo [WIFI () - 102]
04-13 15:53:21.871   779   885 D ConnectivityService: notifyType CAP_CHANGED for NetworkAgentInfo [WIFI () - 102]
04-13 15:53:30.946   779   885 D ConnectivityService: notifyType CAP_CHANGED for NetworkAgentInfo [WIFI () - 102]
04-13 15:53:33.976   779   885 D ConnectivityService: notifyType CAP_CHANGED for NetworkAgentInfo [WIFI () - 102]
04-13 15:53:36.877  1443  1933 W GAv4-SVC: Network compressed POST connection error: java.net.UnknownHostException: Unable to resolve host "ssl.google-analytics.com": No address associated with hostname
04-13 15:53:37.015   779   885 D ConnectivityService: notifyType CAP_CHANGED for NetworkAgentInfo [WIFI () - 102]
04-13 15:53:40.056   779   885 D ConnectivityService: notifyType CAP_CHANGED for NetworkAgentInfo [WIFI () - 102]
04-13 15:53:43.083   779   885 D ConnectivityService: notifyType CAP_CHANGED for NetworkAgentInfo [WIFI () - 102]
04-13 15:53:49.121   779   885 D ConnectivityService: notifyType CAP_CHANGED for NetworkAgentInfo [WIFI () - 102]
04-13 15:54:01.214   779   885 D ConnectivityService: notifyType CAP_CHANGED for NetworkAgentInfo [WIFI () - 102]
04-13 15:54:07.250   779   885 D ConnectivityService: notifyType CAP_CHANGED for NetworkAgentInfo [WIFI () - 102]
04-13 15:54:16.335   779   885 D ConnectivityService: notifyType CAP_CHANGED for NetworkAgentInfo [WIFI () - 102]
04-13 15:54:19.365   779   885 D ConnectivityService: notifyType CAP_CHANGED for NetworkAgentInfo [WIFI () - 102]
04-13 15:54:22.383   779   885 D ConnectivityService: notifyType CAP_CHANGED for NetworkAgentInfo [WIFI () - 102]
04-13 15:54:31.473   779   885 D ConnectivityService: notifyType CAP_CHANGED for NetworkAgentInfo [WIFI () - 102]
04-13 15:55:16.795   779   885 D ConnectivityService: notifyType CAP_CHANGED for NetworkAgentInfo [WIFI () - 102]
04-13 15:55:19.826   779   885 D ConnectivityService: notifyType CAP_CHANGED for NetworkAgentInfo [WIFI () - 102]
04-13 15:55:34.244  1443  6260 I EventLogService: Aggregate from 1460571934102 (log), 1460571934102 (data)
04-13 15:55:35.000   779   885 D ConnectivityService: notifyType CAP_CHANGED for NetworkAgentInfo [WIFI () - 102]
04-13 15:55:37.886  4807  4807 E Fabric  : Crashlytics must be initialized by calling Fabric.with(Context) prior to calling Crashlytics.getInstance()
04-13 15:55:37.886  4807  4807 W System.err: java.lang.IllegalStateException: Must Initialize Fabric before using singleton()
04-13 15:55:37.888  4807  4807 W System.err: 	at io.fabric.sdk.android.Fabric.singleton(Fabric.java:254)
04-13 15:55:37.888  4807  4807 W System.err: 	at io.fabric.sdk.android.Fabric.getKit(Fabric.java:502)
04-13 15:55:37.888  4807  4807 W System.err: 	at com.crashlytics.android.Crashlytics.getInstance(Crashlytics.java:419)
04-13 15:55:37.889  4807  4807 W System.err: 	at com.elerts.elertslibrary.utils.ECLog.log(ECLog.java:40)
04-13 15:55:37.889  4807  4807 W System.err: 	at com.elerts.elertslibrary.utils.ECLog.log(ECLog.java:31)
04-13 15:55:37.889  4807  4807 W System.err: 	at com.elerts.elertslibrary.utils.ECLog.log(ECLog.java:21)
04-13 15:55:37.889  4807  4807 W System.err: 	at com.elerts.elertslibrary.ECLibraryApplication.checkForNewAlerts(ECLibraryApplication.java:379)
04-13 15:55:37.889  4807  4807 W System.err: 	at com.elerts.elertslibrary.ECLibraryApplication.checkForNewAlerts(ECLibraryApplication.java:369)
04-13 15:55:37.889  4807  4807 W System.err: 	at com.elerts.elertslibrary.ElertsService$1.run(ElertsService.java:65)
04-13 15:55:37.889  4807  4807 W System.err: 	at android.os.Handler.handleCallback(Handler.java:739)
04-13 15:55:37.890  4807  4807 W System.err: 	at android.os.Handler.dispatchMessage(Handler.java:95)
04-13 15:55:37.890  4807  4807 W System.err: 	at android.os.Looper.loop(Looper.java:148)
04-13 15:55:37.890  4807  4807 W System.err: 	at android.app.ActivityThread.main(ActivityThread.java:5417)
04-13 15:55:37.890  4807  4807 W System.err: 	at java.lang.reflect.Method.invoke(Native Method)
04-13 15:55:37.890  4807  4807 W System.err: 	at com.android.internal.os.ZygoteInit$MethodAndArgsCaller.run(ZygoteInit.java:726)
04-13 15:55:37.890  4807  4807 W System.err: 	at com.android.internal.os.ZygoteInit.main(ZygoteInit.java:616)
04-13 15:55:37.891  4807  4807 E Fabric  : Crashlytics must be initialized by calling Fabric.with(Context) prior to calling Crashlytics.getInstance()
04-13 15:55:37.891  4807  4807 W System.err: java.lang.IllegalStateException: Must Initialize Fabric before using singleton()
04-13 15:55:37.894  4807  4807 W System.err: 	at io.fabric.sdk.android.Fabric.singleton(Fabric.java:254)
04-13 15:55:37.895  4807  4807 W System.err: 	at io.fabric.sdk.android.Fabric.getKit(Fabric.java:502)
04-13 15:55:37.895  4807  4807 W System.err: 	at com.crashlytics.android.Crashlytics.getInstance(Crashlytics.java:419)
04-13 15:55:37.895  4807  4807 W System.err: 	at com.elerts.elertslibrary.utils.ECLog.log(ECLog.java:40)
04-13 15:55:37.895  4807  4807 W System.err: 	at com.elerts.elertslibrary.utils.ECLog.log(ECLog.java:31)
04-13 15:55:37.895  4807  4807 W System.err: 	at com.elerts.elertslibrary.utils.ECLog.log(ECLog.java:21)
04-13 15:55:37.895  4807  4807 W System.err: 	at com.elerts.elertslibrary.location.LocationHelper.close(LocationHelper.java:278)
04-13 15:55:37.896  4807  4807 W System.err: 	at com.elerts.elertslibrary.ECLibraryApplication.stopGPS(ECLibraryApplication.java:601)
04-13 15:55:37.896  4807  4807 W System.err: 	at com.elerts.elertslibrary.ECLibraryApplication$UpdateInBG.onPreExecute(ECLibraryApplication.java:400)
04-13 15:55:37.896  4807  4807 W System.err: 	at android.os.AsyncTask.executeOnExecutor(AsyncTask.java:604)
04-13 15:55:37.896  4807  4807 W System.err: 	at android.os.AsyncTask.execute(AsyncTask.java:551)
04-13 15:55:37.896  4807  4807 W System.err: 	at com.elerts.elertslibrary.ECLibraryApplication.checkForNewAlerts(ECLibraryApplication.java:383)
04-13 15:55:37.896  4807  4807 W System.err: 	at com.elerts.elertslibrary.ECLibraryApplication.checkForNewAlerts(ECLibraryApplication.java:369)
04-13 15:55:37.897  4807  4807 W System.err: 	at com.elerts.elertslibrary.ElertsService$1.run(ElertsService.java:65)
04-13 15:55:37.897  4807  4807 W System.err: 	at android.os.Handler.handleCallback(Handler.java:739)
04-13 15:55:37.897  4807  4807 W System.err: 	at android.os.Handler.dispatchMessage(Handler.java:95)
04-13 15:55:37.897  4807  4807 W System.err: 	at android.os.Looper.loop(Looper.java:148)
04-13 15:55:37.897  4807  4807 W System.err: 	at android.app.ActivityThread.main(ActivityThread.java:5417)
04-13 15:55:37.897  4807  4807 W System.err: 	at java.lang.reflect.Method.invoke(Native Method)
04-13 15:55:37.897  4807  4807 W System.err: 	at com.android.internal.os.ZygoteInit$MethodAndArgsCaller.run(ZygoteInit.java:726)
04-13 15:55:37.898  4807  4807 W System.err: 	at com.android.internal.os.ZygoteInit.main(ZygoteInit.java:616)
04-13 15:55:37.939  4807 18437 E Fabric  : Crashlytics must be initialized by calling Fabric.with(Context) prior to calling Crashlytics.getInstance()
04-13 15:55:37.939  4807 18437 W System.err: java.lang.IllegalStateException: Must Initialize Fabric before using singleton()
04-13 15:55:37.939  4807 18437 W System.err: 	at io.fabric.sdk.android.Fabric.singleton(Fabric.java:254)
04-13 15:55:37.939  4807 18437 W System.err: 	at io.fabric.sdk.android.Fabric.getKit(Fabric.java:502)
04-13 15:55:37.939  4807 18437 W System.err: 	at com.crashlytics.android.Crashlytics.getInstance(Crashlytics.java:419)
04-13 15:55:37.939  4807 18437 W System.err: 	at com.elerts.elertslibrary.utils.ECLog.log(ECLog.java:40)
04-13 15:55:37.939  4807 18437 W System.err: 	at com.elerts.elertslibrary.utils.ECLog.log(ECLog.java:31)
04-13 15:55:37.939  4807 18437 W System.err: 	at com.elerts.elertslibrary.utils.ECLog.log(ECLog.java:21)
04-13 15:55:37.939  4807 18437 W System.err: 	at com.elerts.elertslibrary.db.ElertsDB.getSubmittedAlerts(ElertsDB.java:458)
04-13 15:55:37.939  4807 18437 W System.err: 	at com.elerts.elertslibrary.ClientServer.ElertsAPI.sendUpdate(ElertsAPI.java:102)
04-13 15:55:37.939  4807 18437 W System.err: 	at com.elerts.elertslibrary.ECLibraryApplication$UpdateInBG.doInBackground(ECLibraryApplication.java:411)
04-13 15:55:37.939  4807 18437 W System.err: 	at com.elerts.elertslibrary.ECLibraryApplication$UpdateInBG.doInBackground(ECLibraryApplication.java:386)
04-13 15:55:37.939  4807 18437 W System.err: 	at android.os.AsyncTask$2.call(AsyncTask.java:295)
04-13 15:55:37.939  4807 18437 W System.err: 	at java.util.concurrent.FutureTask.run(FutureTask.java:237)
04-13 15:55:37.939  4807 18437 W System.err: 	at android.os.AsyncTask$SerialExecutor$1.run(AsyncTask.java:234)
04-13 15:55:37.939  4807 18437 W System.err: 	at java.util.concurrent.ThreadPoolExecutor.runWorker(ThreadPoolExecutor.java:1113)
04-13 15:55:37.939  4807 18437 W System.err: 	at java.util.concurrent.ThreadPoolExecutor$Worker.run(ThreadPoolExecutor.java:588)
04-13 15:55:37.939  4807 18437 W System.err: 	at java.lang.Thread.run(Thread.java:818)
04-13 15:55:37.940  4807 18437 E Fabric  : Crashlytics must be initialized by calling Fabric.with(Context) prior to calling Crashlytics.getInstance()
04-13 15:55:37.940  4807 18437 W System.err: java.lang.IllegalStateException: Must Initialize Fabric before using singleton()
04-13 15:55:37.940  4807 18437 W System.err: 	at io.fabric.sdk.android.Fabric.singleton(Fabric.java:254)
04-13 15:55:37.940  4807 18437 W System.err: 	at io.fabric.sdk.android.Fabric.getKit(Fabric.java:502)
04-13 15:55:37.940  4807 18437 W System.err: 	at com.crashlytics.android.Crashlytics.getInstance(Crashlytics.java:419)
04-13 15:55:37.940  4807 18437 W System.err: 	at com.elerts.elertslibrary.utils.ECLog.log(ECLog.java:40)
04-13 15:55:37.940  4807 18437 W System.err: 	at com.elerts.elertslibrary.utils.ECLog.log(ECLog.java:31)
04-13 15:55:37.940  4807 18437 W System.err: 	at com.elerts.elertslibrary.utils.ECLog.log(ECLog.java:21)
04-13 15:55:37.940  4807 18437 W System.err: 	at com.elerts.elertslibrary.db.ElertsDB.getSubmittedAlerts(ElertsDB.java:458)
04-13 15:55:37.940  4807 18437 W System.err: 	at com.elerts.elertslibrary.ClientServer.ElertsAPI.sendUpdate(ElertsAPI.java:103)
04-13 15:55:37.940  4807 18437 W System.err: 	at com.elerts.elertslibrary.ECLibraryApplication$UpdateInBG.doInBackground(ECLibraryApplication.java:411)
04-13 15:55:37.940  4807 18437 W System.err: 	at com.elerts.elertslibrary.ECLibraryApplication$UpdateInBG.doInBackground(ECLibraryApplication.java:386)
04-13 15:55:37.940  4807 18437 W System.err: 	at android.os.AsyncTask$2.call(AsyncTask.java:295)
04-13 15:55:37.940  4807 18437 W System.err: 	at java.util.concurrent.FutureTask.run(FutureTask.java:237)
04-13 15:55:37.941  4807 18437 W System.err: 	at android.os.AsyncTask$SerialExecutor$1.run(AsyncTask.java:234)
04-13 15:55:37.941  4807 18437 W System.err: 	at java.util.concurrent.ThreadPoolExecutor.runWorker(ThreadPoolExecutor.java:1113)
04-13 15:55:37.941  4807 18437 W System.err: 	at java.util.concurrent.ThreadPoolExecutor$Worker.run(ThreadPoolExecutor.java:588)
04-13 15:55:37.941  4807 18437 W System.err: 	at java.lang.Thread.run(Thread.java:818)
04-13 15:55:37.941  4807 18437 E Fabric  : Crashlytics must be initialized by calling Fabric.with(Context) prior to calling Crashlytics.getInstance()
04-13 15:55:37.941  4807 18437 W System.err: java.lang.IllegalStateException: Must Initialize Fabric before using singleton()
04-13 15:55:37.941  4807 18437 W System.err: 	at io.fabric.sdk.android.Fabric.singleton(Fabric.java:254)
04-13 15:55:37.941  4807 18437 W System.err: 	at io.fabric.sdk.android.Fabric.getKit(Fabric.java:502)
04-13 15:55:37.941  4807 18437 W System.err: 	at com.crashlytics.android.Crashlytics.getInstance(Crashlytics.java:419)
04-13 15:55:37.941  4807 18437 W System.err: 	at com.elerts.elertslibrary.utils.ECLog.log(ECLog.java:40)
04-13 15:55