04-13 14:36:00.800   779  1316 I Telecom : PhoneAccountRegistrar: [ComponentInfo{com.android.phone/com.android.services.telephony.TelephonyConnectionService}, [a6a6669a7f2a2f99624fb1c20bcb44cb04b50db4], UserHandle{0}(icon: Icon(typ=BITMAP size=57x72) -> Icon(typ=BITMAP size=57x72))]
04-13 14:36:00.812   779  1316 I Telecom : : Sending phone-account intent as user
04-13 14:36:00.824   779   789 W Telecom : : No account found for the calling user
04-13 14:36:00.843   779  1323 D MmsServiceBroker: getCarrierConfigValues() by com.google.android.apps.messaging
04-13 14:36:00.880   779   793 W WindowManager: performLayoutAndPlaceSurfacesLocked called while in layout. Callers=com.android.server.wm.WindowManagerService.performLayoutAndPlaceSurfacesLocked:8930 com.android.server.wm.WindowManagerService.reevaluateStatusBarVisibility:11052 com.android.server.policy.PhoneWindowManager.clearClearableFlagsLw:6760 
04-13 14:36:00.939   779   948 D MmsServiceBroker: getCarrierConfigValues() by com.google.android.apps.messaging
04-13 14:36:00.981   779  1316 D MmsServiceBroker: getCarrierConfigValues() by com.google.android.apps.messaging
04-13 14:36:01.123   779  1323 I Telecom : PhoneAccountRegistrar: [ComponentInfo{com.android.phone/com.android.services.telephony.TelephonyConnectionService}, [a6a6669a7f2a2f99624fb1c20bcb44cb04b50db4], UserHandle{0}(icon: Icon(typ=BITMAP size=57x72) -> Icon(typ=BITMAP size=57x72))]
04-13 14:36:01.158   779  1323 I Telecom : : Sending phone-account intent as user
04-13 14:36:01.162   779   948 I Telecom : PhoneAccountRegistrar: [ComponentInfo{com.android.phone/com.android.services.telephony.TelephonyConnectionService}, [a6a6669a7f2a2f99624fb1c20bcb44cb04b50db4], UserHandle{0}(icon: Icon(typ=BITMAP size=57x72) -> Icon(typ=BITMAP size=57x72))]
04-13 14:36:01.190   779   948 I Telecom : : Sending phone-account intent as user
04-13 14:36:01.738   779  1567 D ConnectivityService: setProvNotificationVisible: E visible=false networkType=0 action=com.android.internal.telephony.PROVISION0
04-13 14:36:01.739   779  1567 D ConnectivityService: setProvNotificationVisibleIntent SIGN_IN visible=false networkType=MOBILE extraInfo=null highPriority=false
04-13 14:36:01.781   779   789 D ConnectivityService: registerNetworkAgent NetworkAgentInfo{ ni{[type: MOBILE[LTE], state: CONNECTED/CONNECTED, reason: connected, extra: antel.lte, roaming: false, failover: false, isAvailable: true]}  network{101}  lp{{InterfaceName: rmnet0 LinkAddresses: [10.18.180.123/29,]  Routes: [0.0.0.0/0 -> 10.18.180.124 rmnet0,] DnsAddresses: [200.40.30.245,200.40.220.245,] Domains: null MTU: 1500 TcpBufferSizes: 524288,1048576,2097152,262144,524288,1048576}}  nc{[ Transports: CELLULAR Capabilities: INTERNET&NOT_RESTRICTED&TRUSTED&NOT_VPN LinkUpBandwidth>=51200Kbps LinkDnBandwidth>=102400Kbps Specifier: <1>]}  Score{10}  everValidated{false}  lastValidated{false}  created{false} lingering{false} explicitlySelected{false} acceptUnvalidated{false} everCaptivePortalDetected{false} lastCaptivePortalDetected{false} }
04-13 14:36:01.781   779   885 D ConnectivityService: NetworkAgentInfo [MOBILE (LTE) - 101] EVENT_NETWORK_INFO_CHANGED, going from null to CONNECTED
04-13 14:36:01.782   779   885 D ConnectivityService: Adding iface rmnet0 to network 101
04-13 14:36:01.834   779   948 I ActivityManager: Start proc 6043:com.google.android.apps.fitness/u0a96 for broadcast com.google.android.apps.fitness/.widget.TodayStatusWidgetProvider
04-13 14:36:01.855   779   885 D ConnectivityService: Setting MTU size: rmnet0, 1500
04-13 14:36:01.856   779   885 D ConnectivityService: Adding Route [0.0.0.0/0 -> 10.18.180.124 rmnet0] to network 101
04-13 14:36:01.857   779   885 D ConnectivityService: Setting Dns servers for network 101 to [/200.40.30.245, /200.40.220.245]
04-13 14:36:01.879   779   885 D ConnectivityService: notifyType IP_CHANGED for NetworkAgentInfo [MOBILE (LTE) - 101]
04-13 14:36:01.885   779   885 D ConnectivityService: scheduleUnvalidatedPrompt 101
04-13 14:36:01.885   779   885 D ConnectivityService: updateSignalStrengthThresholds: CONNECT, sending [] to NetworkAgentInfo [MOBILE (LTE) - 101]
04-13 14:36:01.887   779   885 D ConnectivityService: notifyType PRECHECK for NetworkAgentInfo [MOBILE (LTE) - 101]
04-13 14:36:02.119   779   789 I ActivityManager: Killing 5203:com.google.android.gm/u0a41 (adj 15): empty #17
04-13 14:36:02.173   779  1567 I ActivityManager: Start proc 6068:com.instagram.android/u0a171 for broadcast com.instagram.android/com.instagram.push.fbns.FbnsInitBroadcastReceiver
04-13 14:36:02.515   779   885 D ConnectivityService: setProvNotificationVisibleIntent null visible=false networkType=MOBILE extraInfo=null highPriority=false
04-13 14:36:02.515   779   885 D ConnectivityService: NetworkAgentInfo [MOBILE (LTE) - 101] validation  passed
04-13 14:36:02.515   779   885 D ConnectivityService: rematch for NetworkAgentInfo [MOBILE (LTE) - 101]
04-13 14:36:02.515   779   885 D ConnectivityService:    accepting network in place of NetworkAgentInfo [WIFI () - 100]
04-13 14:36:02.515   779   885 D ConnectivityService: Switching to new default network: NetworkAgentInfo{ ni{[type: MOBILE[LTE], state: CONNECTED/CONNECTED, reason: connected, extra: antel.lte, roaming: false, failover: false, isAvailable: true]}  network{101}  lp{{InterfaceName: rmnet0 LinkAddresses: [10.18.180.123/29,]  Routes: [0.0.0.0/0 -> 10.18.180.124 rmnet0,] DnsAddresses: [200.40.30.245,200.40.220.245,] Domains: null MTU: 1500 TcpBufferSizes: 524288,1048576,2097152,262144,524288,1048576}}  nc{[ Transports: CELLULAR Capabilities: INTERNET&NOT_RESTRICTED&TRUSTED&NOT_VPN&VALIDATED LinkUpBandwidth>=51200Kbps LinkDnBandwidth>=102400Kbps Specifier: <1>]}  Score{50}  everValidated{true}  lastValidated{true}  created{true} lingering{false} explicitlySelected{false} acceptUnvalidated{false} everCaptivePortalDetected{false} lastCaptivePortalDetected{false} }
04-13 14:36:02.530   779  1336 I ActivityManager: Killing 5627:com.estrongs.android.pop/u0a122 (adj 15): empty #17
04-13 14:36:02.552   779   789 E WifiService: Multicaster binderDied
04-13 14:36:02.552   779   884 D WifiService: Client connection lost with reason: 4
04-13 14:36:02.626   779   885 D CSLegacyTypeTracker: Sending DISCONNECTED broadcast for type 1 NetworkAgentInfo [WIFI () - 100] isDefaultNetwork=true
04-13 14:36:02.626   779   885 D ConnectivityService: sendStickyBroadcast: action=android.net.conn.CONNECTIVITY_CHANGE
04-13 14:36:02.630   779   885 D CSLegacyTypeTracker: Sending CONNECTED broadcast for type 0 NetworkAgentInfo [MOBILE (LTE) - 101] isDefaultNetwork=true
04-13 14:36:02.630   779   885 D ConnectivityService: sendStickyBroadcast: action=android.net.conn.CONNECTIVITY_CHANGE
04-13 14:36:02.632   779   885 D ConnectivityService: notifyType CAP_CHANGED for NetworkAgentInfo [MOBILE (LTE) - 101]
04-13 14:36:02.869   779  1323 I ActivityManager: Start proc 6117:com.mapswithme.maps.pro/u0a167 for broadcast com.mapswithme.maps.pro/com.parse.ParseBroadcastReceiver
04-13 14:36:03.084   779   948 I ActivityManager: Killing 5684:com.google.android.gms:car/u0a7 (adj 15): empty #17
04-13 14:36:03.608  6117  6164 W ActivityThread: ClassLoader.loadClass: The class loader returned by Thread.getContextClassLoader() may fail for processes that host multiple applications. You should explicitly specify a context class loader. For example: Thread.setContextClassLoader(getClass().getClassLoader());
04-13 14:36:03.754   779  1323 I ActivityManager: Start proc 6172:com.estrongs.android.pop/u0a122 for broadcast com.estrongs.android.pop/.app.StartServiceReceiver
04-13 14:36:03.756   779  1323 I ActivityManager: Killing 5499:com.google.android.gms.unstable/u0a7 (adj 15): empty #17
04-13 14:36:04.227   779  2425 I ActivityManager: Killing 5464:com.skype.raider/u0a115 (adj 15): empty #17
04-13 14:36:04.242   779   884 D WifiService: Client connection lost with reason: 4
04-13 14:36:04.412   779  1316 I ActivityManager: Start proc 6217:com.google.android.setupwizard/u0a16 for broadcast com.google.android.setupwizard/.carrier.MobileConnectivityChangeReceiver
04-13 14:36:04.503   779  1011 I ActivityManager: Killing 3468:com.android.providers.calendar/u0a1 (adj 15): empty #17
04-13 14:36:04.618   779  1323 I ActivityManager: Start proc 6236:com.google.android.apps.magazines/u0a56 for broadcast com.google.android.apps.magazines/com.google.apps.dots.android.newsstand.appwidget.NewsWidgetProvider
04-13 14:36:04.967   779   874 I ActivityManager: START u0 {act=android.intent.action.MAIN cat=[android.intent.category.HOME] flg=0x10200000 cmp=com.google.android.googlequicksearchbox/com.google.android.launcher.GEL (has extras)} from uid 1000 on display 0
04-13 14:36:05.008   779  1339 W InputMethodManagerService: Window already focused, ignoring focus gain of: com.android.internal.view.IInputMethodClient$Stub$Proxy@cea549e attribute=null, token = android.os.BinderProxy@42e0938
04-13 14:36:06.046   779  1339 I ActivityManager: Start proc 6302:com.google.android.apps.photos/u0a98 for broadcast com.google.android.apps.photos/.actionqueue.SystemReceiver
04-13 14:36:06.047   779  1339 I ActivityManager: Killing 5544:com.google.android.music:main/u0a58 (adj 15): empty #17
04-13 14:36:06.528   779   884 D WifiService: New client listening to asynchronous messages
04-13 14:36:07.152   779  1316 I ActivityManager: Start proc 6329:com.puntoexe.ute/u0a111 for broadcast com.puntoexe.ute/com.artech.android.network.NetworkReceiver
04-13 14:36:07.153   779  1316 I ActivityManager: Killing 5329:com.google.android.talk/u0a51 (adj 15): empty #17
04-13 14:36:07.339   779   790 I ActivityManager: Start proc 6343:com.adobe.reader/u0a86 for broadcast com.adobe.reader/.utils.ARNetworkChangeReceiver
04-13 14:36:07.340   779   790 I ActivityManager: Killing 4877:com.evernote.skitch/u0a139 (adj 15): empty #17
04-13 14:36:07.718   779   948 I ActivityManager: Killing 5846:com.google.android.partnersetup/u0a11 (adj 15): empty #17
04-13 14:36:07.851   779   790 I ActivityManager: Start proc 6370:com.studiosol.cifraclub/u0a107 for broadcast com.studiosol.cifraclub/.Services.ConnectionMonitor
04-13 14:36:08.109   779   789 I ActivityManager: Start proc 6402:com.evernote.skitch/u0a139 for broadcast com.evernote.skitch/.app.receivers.ConnectivityChangedReceiver
04-13 14:36:08.110   779   789 I ActivityManager: Killing 5858:com.android.settings/1000 (adj 15): empty #17
04-13 14:36:08.446   779   790 I ActivityManager: Start proc 6427:com.twitter.android/u0a90 for broadcast com.twitter.android/.alerts.receivers.ConnectivityChangedReceiver
04-13 14:36:08.447   779   790 I ActivityManager: Killing 5933:com.google.android.apps.messaging/u0a138 (adj 15): empty #17
04-13 14:36:08.983   779  2425 D ConnectivityService: listenForNetwork for Listen from uid/pid:10171/6068 for NetworkRequest [ id=8, legacyType=-1, [ Capabilities: INTERNET&NOT_RESTRICTED&TRUSTED&NOT_VPN] ]
04-13 14:36:09.745   779  1011 W ActivityManager: Unable to start service Intent { act=com.twitter.intent.action.GET_OEM cmp=com.twitter.twitteroemhelper/.OemHelperService } U=0: not found
04-13 14:36:09.765   779   948 I ActivityManager: Start proc 6498:com.android.chrome/u0a31 for service com.android.chrome/org.chromium.chrome.browser.customtabs.CustomTabsConnectionService
04-13 14:36:09.879   779  2425 I ActivityManager: Start proc 6521:com.google.android.talk/u0a51 for broadcast com.google.android.talk/com.google.android.apps.hangouts.service.GcmStateReceiver
04-13 14:36:09.881   779  2425 I ActivityManager: Killing 5905:com.android.cellbroadcastreceiver/u0a29 (adj 15): empty #17
04-13 14:36:09.887   779   885 D ConnectivityService: handlePromptUnvalidated 101
04-13 14:36:10.129   779  1567 I ActivityManager: Killing 6043:com.google.android.apps.fitness/u0a96 (adj 15): empty #17
04-13 14:36:11.061   779  1336 I ActivityManager: Killing 6172:com.estrongs.android.pop/u0a122 (adj 15): empty #17
04-13 14:36:11.062   779  1336 I libprocessgroup: Killing pid 6209 in uid 10122 as part of process group 6172
04-13 14:36:11.086   779   884 D WifiService: Client connection lost with reason: 4
04-13 14:36:11.379   779   948 I ActivityManager: Start proc 6569:com.skype.raider/u0a115 for broadcast com.skype.raider/com.skype.android.push.RegisterReceiver
04-13 14:36:11.731   779   884 D WifiService: New client listening to asynchronous messages
04-13 14:36:12.533   779  1011 I ActivityManager: Killing 1214:com.google.process.gapps/u0a7 (adj 15): empty #17
04-13 14:36:12.620   779  1568 I ActivityManager: Start proc 6642:com.estrongs.android.pop/u0a122 for broadcast com.estrongs.android.pop/com.dianxinos.dxservice.stat.AlarmReceiver
04-13 14:36:12.711  1443  6641 E ActivityThread: Failed to find provider info for com.google.android.wearable.settings
04-13 14:36:12.724   779  2425 I ActivityManager: Start proc 6657:com.google.process.gapps/u0a7 for content provider com.google.android.gsf/.settings.GoogleSettingsProvider
04-13 14:36:12.956   779  1567 I ActivityManager: Killing 6217:com.google.android.setupwizard/u0a16 (adj 15): empty #17
04-13 14:36:13.375   779   948 I ActivityManager: Killing 6236:com.google.android.apps.magazines/u0a56 (adj 15): empty #17
04-13 14:36:14.320   779  1336 D ConnectivityService: listenForNetwork for Listen from uid/pid:10019/1573 for NetworkRequest [ id=9, legacyType=-1, [ Capabilities: INTERNET&NOT_RESTRICTED&TRUSTED&NOT_VPN] ]
04-13 14:36:15.243   779   790 I ActivityManager: Start proc 6764:com.google.android.gms.unstable/u0a7 for service com.google.android.gms/.droidguard.DroidGuardService
04-13 14:36:15.306   779   884 D WifiService: New client listening to asynchronous messages
04-13 14:36:15.518   779  1567 I ActivityManager: START u0 {act=android.intent.action.MAIN flg=0x10200000 cmp=com.google.zxing.client.android/.CaptureActivity (has extras)} from uid 10019 on display 0
04-13 14:36:15.622   779  1339 I ActivityManager: Start proc 6787:com.google.zxing.client.android/u0a101 for activity com.google.zxing.client.android/.CaptureActivity
04-13 14:36:15.749   779   948 I ActivityManager: Config changes=480 {1.0 748mcc1mnc es_ES ldltr sw360dp w592dp h336dp 480dpi nrml land finger -keyb/v/h -nav/h s.6}
04-13 14:36:16.119   779   789 I ActivityManager: Start proc 6810:com.tranzmate/u0a113 for service com.tranzmate/com.moovit.gcm.topic.GcmTopicManager
04-13 14:36:17.082   779   790 I ActivityManager: Killing 6329:com.puntoexe.ute/u0a111 (adj 15): empty #17
04-13 14:36:17.325   779   885 D ConnectivityService: notifyType CAP_CHANGED for NetworkAgentInfo [WIFI () - 100]
04-13 14:36:17.693   779   800 W WindowManager: Window freeze timeout expired.
04-13 14:36:17.693   779   800 W WindowManager: Force clearing orientation change: Window{5b5d78 u0 Starting com.google.zxing.client.android}
04-13 14:36:17.693   779   800 W WindowManager: Force clearing orientation change: Window{c0fc2fd u0 com.google.zxing.client.android/com.google.zxing.client.android.CaptureActivity}
04-13 14:36:17.693   779   800 W WindowManager: Force clearing orientation change: Window{8039e57 u0 com.android.systemui.ImageWallpaper}
04-13 14:36:17.866   779   800 W WindowManager: App freeze timeout expired.
04-13 14:36:17.866   779   800 W WindowManager: Force clearing freeze: AppWindowToken{f7a260 token=Token{63ecaf4 ActivityRecord{9dfb4c7 u0 com.google.zxing.client.android/.CaptureActivity t313}}}
04-13 14:36:17.867   779   800 I WindowManager: Screen frozen for +2s173ms due to Window{5b5d78 u0 Starting com.google.zxing.client.android}
04-13 14:36:18.067  6787  6787 W ViewRootImpl: Dropping event due to no window focus: KeyEvent { action=ACTION_DOWN, keyCode=KEYCODE_BACK, scanCode=0, metaState=0, flags=0x48, repeatCount=0, eventTime=126262, downTime=126262, deviceId=-1, source=0x101 }
04-13 14:36:18.108  6787  6787 W ViewRootImpl: Cancelling event due to no window focus: KeyEvent { action=ACTION_UP, keyCode=KEYCODE_BACK, scanCode=0, metaState=0, flags=0x68, repeatCount=0, eventTime=126302, downTime=126262, deviceId=-1, source=0x101 }
04-13 14:36:18.108  6787  6787 W ViewRootImpl: Cancelling event due to no window focus: KeyEvent { action=ACTION_UP, keyCode=KEYCODE_BACK, scanCode=0, metaState=0, flags=0x68, repeatCount=0, eventTime=126302, downTime=126262, deviceId=-1, source=0x101 }
04-13 14:36:18.108  6787  6787 W ViewRootImpl: Cancelling event due to no window focus: KeyEvent { action=ACTION_UP, keyCode=KEYCODE_BACK, scanCode=0, metaState=0, flags=0x68, repeatCount=0, eventTime=126302, downTime=126262, deviceId=-1, source=0x101 }
04-13 14:36:18.109  6787  6787 W ViewRootImpl: Cancelling event due to no window focus: KeyEvent { action=ACTION_UP, keyCode=KEYCODE_BACK, scanCode=0, metaState=0, flags=0x68, repeatCount=0, eventTime=126302, downTime=126262, deviceId=-1, source=0x101 }
04-13 14:36:18.109  6787  6787 W ViewRootImpl: Cancelling event due to no window focus: KeyEvent { action=ACTION_UP, keyCode=KEYCODE_BACK, scanCode=0, metaState=0, flags=0x68, repeatCount=0, eventTime=126302, downTime=126262, deviceId=-1, source=0x101 }
04-13 14:36:18.109  6787  6787 W ViewRootImpl: Cancelling event due to no window focus: KeyEvent { action=ACTION_UP, keyCode=KEYCODE_BACK, scanCode=0, metaState=0, flags=0x68, repeatCount=0, eventTime=126302, downTime=126262, deviceId=-1, source=0x101 }
04-13 14:36:18.109  6787  6787 W ViewRootImpl: Cancelling event due to no window focus: KeyEvent { action=ACTION_UP, keyCode=KEYCODE_BACK, scanCode=0, metaState=0, flags=0x68, repeatCount=0, eventTime=126302, downTime=126262, deviceId=-1, source=0x101 }
04-13 14:36:18.109  6787  6787 W ViewRootImpl: Cancelling event due to no window focus: KeyEvent { action=ACTION_UP, keyCode=KEYCODE_BACK, scanCode=0, metaState=0, flags=0x68, repeatCount=0, eventTime=126302, downTime=126262, deviceId=-1, source=0x101 }
04-13 14:36:18.109  6787  6787 W ViewRootImpl: Cancelling event due to no window focus: KeyEvent { action=ACTION_UP, keyCode=KEYCODE_BACK, scanCode=0, metaState=0, flags=0x68, repeatCount=0, eventTime=126302, downTime=126262, deviceId=-1, source=0x101 }
04-13 14:36:19.703   779   792 W ActivityManager: Activity pause timeout for ActivityRecord{9dfb4c7 u0 com.google.zxing.client.android/.CaptureActivity t313 f}
04-13 14:36:19.741   779   792 I ActivityManager: Config changes=480 {1.0 748mcc1mnc es_ES ldltr sw360dp w360dp h568dp 480dpi nrml port finger -keyb/v/h -nav/h s.7}
04-13 14:36:19.810   779   792 I ActivityManager: Killing 6343:com.adobe.reader/u0a86 (adj 15): empty #17
04-13 14:36:20.662  1443  6641 E ActivityThread: Failed to find provider info for com.google.android.wearable.settings
04-13 14:36:20.726   779   800 I WindowManager: Screen frozen for +1s13ms due to Window{8039e57 u0 com.android.systemui.ImageWallpaper}
04-13 14:36:21.008   779  2425 I ActivityManager: Start proc 7021:com.google.android.setupwizard/u0a16 for broadcast com.google.android.setupwizard/.util.GservicesChangedReceiver
04-13 14:36:21.145   779   789 I ActivityManager: Killing 6068:com.instagram.android/u0a171 (adj 15): empty #17
04-13 14:36:21.169   779  1316 D ConnectivityService: ConnectivityService NetworkRequestInfo binderDied(NetworkRequest [ id=8, legacyType=-1, [ Capabilities: INTERNET&NOT_RESTRICTED&TRUSTED&NOT_VPN] ], android.os.BinderProxy@983fa12)
04-13 14:36:21.169   779   885 D ConnectivityService: releasing NetworkRequest NetworkRequest [ id=8, legacyType=-1, [ Capabilities: INTERNET&NOT_RESTRICTED&TRUSTED&NOT_VPN] ]
04-13 14:36:21.170   779   885 E ConnectivityService: RemoteException caught trying to send a callback msg for NetworkRequest [ id=8, legacyType=-1, [ Capabilities: INTERNET&NOT_RESTRICTED&TRUSTED&NOT_VPN] ]
04-13 14:36:21.484   779   789 I ActivityManager: START u0 {act=com.android.systemui.recents.SHOW_RECENTS flg=0x10804000 cmp=com.android.systemui/.recents.RecentsActivity} from uid 10012 on display 0
04-13 14:36:22.844   779  1567 I ActivityManager: Killing 6787:com.google.zxing.client.android/u0a101 (adj 9): remove task
04-13 14:36:23.888   779  1011 I ActivityManager: START u0 {act=android.intent.action.MAIN flg=0x10100000 cmp=com.ionicframework.qrimdemo516795/.MainActivity} from uid 2000 on display 0
04-13 14:36:25.786   779  1011 I Telecom : PhoneAccountRegistrar: SimCallManager queried, returning: null
04-13 14:36:25.802   779  2425 I Telecom : PhoneAccountRegistrar: SimCallManager queried, returning: null
04-13 14:36:26.175   779   948 I ActivityManager: Start proc 7151:com.ionicframework.qrimdemo516795/u0a94 for activity com.ionicframework.qrimdemo516795/.MainActivity
04-13 14:36:28.309   779  1567 I ActivityManager: Killing 4438:com.booking/u0a26 (adj 15): empty #17
04-13 14:36:31.002   779  1011 I ActivityManager: START u0 {act=com.google.zxing.client.android.SCAN cat=[android.intent.category.DEFAULT] pkg=com.ionicframework.qrimdemo516795 cmp=com.ionicframework.qrimdemo516795/com.google.zxing.client.android.CaptureActivity} from uid 10094 on display 0
04-13 14:36:35.433   779   885 D ConnectivityService: notifyType CAP_CHANGED for NetworkAgentInfo [WIFI () - 100]
04-13 14:36:53.617   779   885 D ConnectivityService: notifyType CAP_CHANGED for NetworkAgentInfo [WIFI () - 100]
04-13 14:36:59.691   779   885 D ConnectivityService: updateNetworkScore for NetworkAgentInfo [WIFI () - 100] to 56
04-13 14:37:02.722   779   885 D ConnectivityService: updateNetworkScore for NetworkAgentInfo [WIFI () - 100] to 60
04-13 14:37:08.742   779   885 D ConnectivityService: notifyType CAP_CHANGED for NetworkAgentInfo [WIFI () - 100]
04-13 14:37:11.773   779   885 D ConnectivityService: notifyType CAP_CHANGED for NetworkAgentInfo [WIFI () - 100]
04-13 14:37:14.807   779   885 D ConnectivityService: updateNetworkScore for NetworkAgentInfo [WIFI () - 100] to 56
04-13 14:37:17.835   779   885 D ConnectivityService: updateNetworkScore for NetworkAgentInfo [WIFI () - 100] to 60
04-13 14:37:26.908   779   885 D ConnectivityService: updateNetworkScore for NetworkAgentInfo [WIFI () - 100] to 56
04-13 14:37:29.935   779   885 D ConnectivityService: updateNetworkScore for NetworkAgentInfo [WIFI () - 100] to 60
04-13 14:37:42.019   779   885 D ConnectivityService: notifyType CAP_CHANGED for NetworkAgentInfo [WIFI () - 100]
04-13 14:37:57.123   779   885 D ConnectivityService: notifyType CAP_CHANGED for NetworkAgentInfo [WIFI () - 100]
04-13 14:38:15.239   779   885 D ConnectivityService: notifyType CAP_CHANGED for NetworkAgentInfo [WIFI () - 100]
04-13 14:38:21.281   779   885 D ConnectivityService: notifyType CAP_CHANGED for NetworkAgentInfo [WIFI () - 100]
04-13 14:38:24.313   779   885 D ConnectivityService: notifyType CAP_CHANGED for NetworkAgentInfo [WIFI () - 100]
04-13 14:38:30.376   779   885 D ConnectivityService: notifyType CAP_CHANGED for NetworkAgentInfo [WIFI () - 100]
04-13 14:38:39.452   779   885 D ConnectivityService: notifyType CAP_CHANGED for NetworkAgentInfo [WIFI () - 100]
04-13 14:39:12.715   779   885 D ConnectivityService: notifyType CAP_CHANGED for NetworkAgentInfo [WIFI () - 100]
04-13 14:39:15.748   779   885 D ConnectivityService: notifyType CAP_CHANGED for NetworkAgentInfo [WIFI () - 100]
04-13 14:39:18.776   779   885 D ConnectivityService: notifyType CAP_CHANGED for NetworkAgentInfo [WIFI () - 100]
04-13 14:39:18.779   779   885 D ConnectivityService: updateNetworkScore for NetworkAgentInfo [WIFI () - 100] to 56
04-13 14:39:20.987   779   806 I ActivityManager: Start proc 8425:com.android.defcontainer/u0a4 for service com.android.defcontainer/.DefaultContainerService
04-13 14:39:21.038  8425  8435 D DefContainer: Copying /data/local/tmp/android-debug.apk to base.apk
04-13 14:39:21.792   779   885 D ConnectivityService: notifyType CAP_CHANGED for NetworkAgentInfo [WIFI () - 100]
04-13 14:39:21.795   779   885 D ConnectivityService: updateNetworkScore for NetworkAgentInfo [WIFI () - 100] to 60
04-13 14:39:22.351   779   792 I ActivityManager: Force stopping com.ionicframework.qrimdemo516795 appid=10094 user=-1: uninstall pkg
04-13 14:39:22.351   779   792 I ActivityManager: Killing 7151:com.ionicframework.qrimdemo516795/u0a94 (adj 0): stop com.ionicframework.qrimdemo516795
04-13 14:39:22.374   779   789 I WindowState: WIN DEATH: Window{aa78877 u0 com.ionicframework.qrimdemo516795/com.ionicframework.qrimdemo516795.MainActivity}
04-13 14:39:22.494   779   792 W ActivityManager: Force removing ActivityRecord{6b88ad8 u0 com.ionicframework.qrimdemo516795/.MainActivity t311}: app died, no saved state
04-13 14:39:22.598   779  2425 W ActivityManager: Spurious death for ProcessRecord{df2bda4 0:com.ionicframework.qrimdemo516795/u0a94}, curProc for 7151: null
04-13 14:39:22.602   779   806 I PackageManager: Package com.ionicframework.qrimdemo516795 codePath changed from /data/app/com.ionicframework.qrimdemo516795-1 to /data/app/com.ionicframework.qrimdemo516795-2; Retaining data and using new
04-13 14:39:22.603   779   792 I ActivityManager: Force stopping com.ionicframework.qrimdemo516795 appid=10094 user=-1: replace pkg
04-13 14:39:22.605   779   806 W PackageManager: Code path for com.ionicframework.qrimdemo516795 changing from /data/app/com.ionicframework.qrimdemo516795-1 to /data/app/com.ionicframework.qrimdemo516795-2
04-13 14:39:22.605   779   806 W PackageManager: Resource path for com.ionicframework.qrimdemo516795 changing from /data/app/com.ionicframework.qrimdemo516795-1 to /data/app/com.ionicframework.qrimdemo516795-2
04-13 14:39:23.043   779   806 W PackageManager: Couldn't remove dex file for package:  at location /data/app/com.ionicframework.qrimdemo516795-1/base.apk, retcode=-1
04-13 14:39:23.044   779   806 I ActivityManager: Force stopping com.ionicframework.qrimdemo516795 appid=10094 user=0: pkg removed
04-13 14:39:23.071   779   779 D JobSchedulerService: Receieved: android.intent.action.PACKAGE_REMOVED
04-13 14:39:23.108   779   790 I ActivityManager: Start proc 8480:com.android.musicfx/u0a13 for broadcast com.android.musicfx/.Compatibility$Receiver
04-13 14:39:23.126   779   806 W ActivityManager: Skipping broadcast of Intent { act=android.intent.action.PACKAGE_REMOVED dat=package:com.ionicframework.qrimdemo516795 flg=0x4000010 (has extras) }: user 10 is stopped
04-13 14:39:23.140   779   806 W ActivityManager: Skipping broadcast of Intent { act=android.intent.action.PACKAGE_ADDED dat=package:com.ionicframework.qrimdemo516795 flg=0x4000010 (has extras) }: user 10 is stopped
04-13 14:39:23.142   779   806 W ActivityManager: Skipping broadcast of Intent { act=android.intent.action.PACKAGE_REPLACED dat=package:com.ionicframework.qrimdemo516795 flg=0x4000010 (has extras) }: user 10 is stopped
04-13 14:39:23.142   779   806 W ActivityManager: Skipping broadcast of Intent { act=android.intent.action.MY_PACKAGE_REPLACED flg=0x4000010 pkg=com.ionicframework.qrimdemo516795 (has extras) }: user 10 is stopped
04-13 14:39:23.222   779   948 I ActivityManager: Start proc 8507:com.android.keychain/1000 for broadcast com.android.keychain/.KeyChainBroadcastReceiver
04-13 14:39:23.257   779   948 I ActivityManager: Killing 6370:com.studiosol.cifraclub/u0a107 (adj 15): empty #17
04-13 14:39:23.269  8507  8507 W ContextImpl: Calling a method in the system process without a qualified user: android.app.ContextImpl.startService:1221 android.content.ContextWrapper.startService:581 android.content.ContextWrapper.startService:581 com.android.keychain.KeyChainBroadcastReceiver.onReceive:12 android.app.ActivityThread.handleReceiver:2725 
04-13 14:39:23.370   779  1339 I ActivityManager: Start proc 8521:jp.co.omronsoft.iwnnime.ml/u0a72 for broadcast jp.co.omronsoft.iwnnime.ml/.UninstallReceiver
04-13 14:39:23.390   779  1568 I ActivityManager: Killing 6117:com.mapswithme.maps.pro/u0a167 (adj 15): empty #17
04-13 14:39:23.523   779   791 W InputMethodInfo: Duplicated subtype definition found: ja, keyboard
04-13 14:39:23.802   779  1567 I ActivityManager: Start proc 8549:com.google.android.apps.docs/u0a35 for broadcast com.google.android.apps.docs/.receivers.AppPackageAddRemoveReceiver
04-13 14:39:24.453   779  2425 I ActivityManager: Killing 6302:com.google.android.apps.photos/u0a98 (adj 15): empty #17
04-13 14:39:24.658   779   790 I ActivityManager: Start proc 8606:org.mozilla.firefox/u0a37 for broadcast org.mozilla.firefox/org.mozilla.gecko.webapp.UninstallListener
04-13 14:39:24.743   779  1336 I ActivityManager: START u0 {act=android.intent.action.MAIN flg=0x10000000 cmp=com.ionicframework.qrimdemo516795/.MainActivity} from uid 2000 on display 0
04-13 14:39:24.796   779  1011 I ActivityManager: Start proc 8625:com.ionicframework.qrimdemo516795/u0a94 for activity com.ionicframework.qrimdemo516795/.MainActivity
04-13 14:39:24.917   779  2425 I ActivityManager: Start proc 8639:com.google.android.partnersetup/u0a11 for broadcast com.google.android.partnersetup/.RlzPingBroadcastReceiver
04-13 14:39:24.918   779  2425 I ActivityManager: Killing 7021:com.google.android.setupwizard/u0a16 (adj 15): empty #17
04-13 14:39:25.005   779  1323 I ActivityManager: Killing 6521:com.google.android.talk/u0a51 (adj 15): empty #17
04-13 14:39:25.183   779  1567 I ActivityManager: Killing 6764:com.google.android.gms.unstable/u0a7 (adj 15): empty #17
04-13 14:39:25.519   779  1011 I ActivityManager: START u0 {flg=0x10800000 cmp=com.estrongs.android.pop/.app.InstallMonitorActivity (has extras)} from uid 10122 on display 0
04-13 14:39:26.061   779  2425 I ActivityManager: Start proc 8731:com.google.android.apps.magazines/u0a56 for broadcast com.google.android.apps.magazines/com.google.apps.dots.android.app.receiver.FirstInstallNotificationReceiver
04-13 14:39:26.246   779   789 D ConnectivityService: listenForNetwork for Listen from uid/pid:10122/6642 for NetworkRequest [ id=10, legacyType=-1, [ Capabilities: INTERNET&NOT_RESTRICTED&TRUSTED&NOT_VPN] ]
04-13 14:39:26.820   779   790 I ActivityManager: Start proc 8806:com.google.android.apps.cloudprint/u0a32 for broadcast com.google.android.apps.cloudprint/.printdialog.receivers.UpgradeBroadcastReceiver
04-13 14:39:26.959   779  1339 I ActivityManager: Killing 6810:com.tranzmate/u0a113 (adj 15): empty #17
04-13 14:39:27.148   779   948 I ActivityManager: Start proc 8833:com.instagram.android/u0a171 for broadcast com.instagram.android/com.instagram.selfupdate.SelfUpdateUpgradeEventReceiver
04-13 14:39:27.608   779   948 I ActivityManager: Killing 6498:com.android.chrome/u0a31 (adj 15): empty #17
04-13 14:39:27.634   779  1316 W ActivityManager: Scheduling restart of crashed service com.android.chrome/org.chromium.chrome.browser.customtabs.CustomTabsConnectionService in 1000ms
04-13 14:39:27.827   779   885 D ConnectivityService: notifyType CAP_CHANGED for NetworkAgentInfo [WIFI () - 100]
04-13 14:39:28.645   779   792 I ActivityManager: Start proc 8906:com.android.chrome/u0a31 for service com.android.chrome/org.chromium.chrome.browser.customtabs.CustomTabsConnectionService
04-13 14:39:28.783   779  1567 I ActivityManager: Killing 6427:com.twitter.android/u0a90 (adj 15): empty #17
04-13 14:39:30.031   779  1011 W InputMethodManagerService: Got RemoteException sending setActive(false) notification to pid 7151 uid 10094
04-13 14:39:30.946   779  1568 I ActivityManager: Killing 6569:com.skype.raider/u0a115 (adj 15): empty #17
04-13 14:39:30.965   779   884 D WifiService: Client connection lost with reason: 4
04-13 14:39:31.132   779  2425 I ActivityManager: Killing 8507:com.android.keychain/1000 (adj 15): empty #17
04-13 14:39:31.452   779  1339 I ActivityManager: START u0 {act=com.google.zxing.client.android.SCAN cat=[android.intent.category.DEFAULT] pkg=com.ionicframework.qrimdemo516795 cmp=com.ionicframework.qrimdemo516795/com.google.zxing.client.android.CaptureActivity} from uid 10094 on display 0
04-13 14:39:33.572   779   790 D ConnectivityService: listenForNetwork for Listen from uid/pid:10171/8833 for NetworkRequest [ id=11, legacyType=-1, [ Capabilities: INTERNET&NOT_RESTRICTED&TRUSTED&NOT_VPN] ]
04-13 14:39:36.100   779   792 I ActivityManager: Start proc 9024:com.google.android.talk/u0a51 for broadcast com.google.android.talk/com.google.android.apps.hangouts.phone.PackageReplacedReceiver
04-13 14:39:36.880   779   885 D ConnectivityService: notifyType CAP_CHANGED for NetworkAgentInfo [WIFI () - 100]
04-13 14:39:39.918   779   885 D ConnectivityService: notifyType CAP_CHANGED for NetworkAgentInfo [WIFI () - 100]
04-13 14:39:40.670   779   793 I ActivityManager: Config changes=480 {1.0 748mcc1mnc es_ES ldltr sw360dp w592dp h336dp 480dpi nrml land finger -keyb/v/h -nav/h s.8}
04-13 14:39:40.889   779   800 I WindowManager: Screen frozen for +266ms due to Window{57a0321 u0 NavigationBar}
04-13 14:39:41.473   779   793 I ActivityManager: Config changes=480 {1.0 748mcc1mnc es_ES ldltr sw360dp w360dp h568dp 480dpi nrml port finger -keyb/v/h -nav/h s.9}
04-13 14:39:41.644   779   800 I WindowManager: Screen frozen for +195ms due to Window{57a0321 u0 NavigationBar}
04-13 14:39:42.037   779  2425 I ActivityManager: Killing 8639:com.google.android.partnersetup/u0a11 (adj 15): empty #17
04-13 14:39:42.949   779   885 D ConnectivityService: notifyType CAP_CHANGED for NetworkAgentInfo [WIFI () - 100]
04-13 14:39:43.154   779   948 I ActivityManager: START u0 {act=com.google.zxing.client.android.SCAN cat=[android.intent.category.DEFAULT] pkg=com.ionicframework.qrimdemo516795 cmp=com.ionicframework.qrimdemo516795/com.google.zxing.client.android.CaptureActivity} from uid 10094 on display 0
04-13 14:39:43.240   779   792 I ActivityManager: Start proc 9169:com.skype.raider/u0a115 for broadcast com.skype.raider/com.skype.android.push.RegisterReceiver
04-13 14:39:43.670   779   884 D WifiService: New client listening to asynchronous messages
04-13 14:39:44.156   779  8693 I ActivityManager: Killing 8521:jp.co.omronsoft.iwnnime.ml/u0a72 (adj 15): empty #17
04-13 14:39:51.698   779  1568 I Telecom : PhoneAccountRegistrar: SimCallManager queried, returning: null
04-13 14:39:51.706   779  2425 I Telecom : PhoneAccountRegistrar: SimCallManager queried, returning: null
04-13 14:39:55.066   779   885 D ConnectivityService: notifyType CAP_CHANGED for NetworkAgentInfo [WIFI () - 100]
04-13 14:40:01.113   779   885 D ConnectivityService: notifyType CAP_CHANGED for NetworkAgentInfo [WIFI () - 100]
04-13 14:40:03.518   779   789 I ActivityManager: Killing 8549:com.google.android.apps.docs/u0a35 (adj 15): empty #17
04-13 14:41:10.945   779   885 D ConnectivityService: NetworkAgentInfo [WIFI () - 100] EVENT_NETWORK_INFO_CHANGED, going from CONNECTED to DISCONNECTED
04-13 14:41:10.946   779   885 D ConnectivityService: NetworkAgentInfo [WIFI () - 100] got DISCONNECTED, was satisfying 6
04-13 14:41:10.953   779   885 D ConnectivityService: notifyType LOST for NetworkAgentInfo [WIFI () - 100]
04-13 14:41:10.984   779  1336 I ActivityManager: Start proc 9922:com.puntoexe.ute/u0a111 for broadcast com.puntoexe.ute/com.artech.android.network.NetworkReceiver
04-13 14:41:11.021   779   885 E ConnectivityService: EVENT_NETWORK_INFO_CHANGED from unknown NetworkAgent
04-13 14:41:11.021   779   885 D ConnectivityService: setProvNotificationVisibleIntent null visible=false networkType=MOBILE extraInfo=null highPriority=false
04-13 14:41:11.085   779  1336 I ActivityManager: Killing 6642:com.estrongs.android.pop/u0a122 (adj 15): empty #17
04-13 14:41:11.099   779  1316 D ConnectivityService: ConnectivityService NetworkRequestInfo binderDied(NetworkRequest [ id=10, legacyType=-1, [ Capabilities: INTERNET&NOT_RESTRICTED&TRUSTED&NOT_VPN] ], android.os.BinderProxy@7c735f6)
04-13 14:41:11.099   779   885 D ConnectivityService: releasing NetworkRequest NetworkRequest [ id=10, legacyType=-1, [ Capabilities: INTERNET&NOT_RESTRICTED&TRUSTED&NOT_VPN] ]
04-13 14:41:11.099   779   884 D WifiService: Client connection lost with reason: 4
04-13 14:41:11.100   779   885 E ConnectivityService: RemoteException caught trying to send a callback msg for NetworkRequest [ id=10, legacyType=-1, [ Capabilities: INTERNET&NOT_RESTRICTED&TRUSTED&NOT_VPN] ]
04-13 14:41:14.080   779   883 D ConnectivityService: registerNetworkAgent NetworkAgentInfo{ ni{[type: WIFI[], state: CONNECTING/CONNECTING, reason: (unspecified), extra: "IM-dti.desa", roaming: false, failover: false, isAvailable: true]}  network{102}  lp{{InterfaceName: wlan0 LinkAddresses: []  Routes: [] DnsAddresses: [] Domains: null MTU: 0 TcpBufferSizes: 524288,1048576,2097152,262144,524288,1048576}}  nc{[ Transports: WIFI Capabilities: INTERNET&NOT_RESTRICTED&TRUSTED&NOT_VPN LinkUpBandwidth>=1048576Kbps LinkDnBandwidth>=1048576Kbps]}  Score{20}  everValidated{false}  lastValidated{false}  created{false} lingering{false} explicitlySelected{false} acceptUnvalidated{false} everCaptivePortalDetected{false} lastCaptivePortalDetected{false} }
04-13 14:41:14.080   779   885 D ConnectivityService: NetworkAgentInfo [WIFI () - 102] EVENT_NETWORK_INFO_CHANGED, going from null to CONNECTING
04-13 14:41:14.130   779   885 D ConnectivityService: updateNetworkScore for NetworkAgentInfo [WIFI () - 102] to 60
04-13 14:41:14.255   779   885 D ConnectivityService: notifyType CAP_CHANGED for NetworkAgentInfo [WIFI () - 102]
04-13 14:41:14.255   779   885 D ConnectivityService: NetworkAgentInfo [WIFI () - 102] EVENT_NETWORK_INFO_CHANGED, going from CONNECTING to CONNECTED
04-13 14:41:14.266   779   885 D ConnectivityService: Adding iface wlan0 to network 102
04-13 14:41:14.368   779   885 E ConnectivityService: Unexpected mtu value: 0, wlan0
04-13 14:41:14.368   779   885 D ConnectivityService: Adding Route [fe80::/64 -> :: wlan0] to network 102
04-13 14:41:14.369   779   885 D ConnectivityService: Adding Route [10.191.9.0/24 -> 0.0.0.0 wlan0] to network 102
04-13 14:41:14.370   779   885 D ConnectivityService: Adding Route [0.0.0.0/0 -> 10.191.9.1 wlan0] to network 102
04-13 14:41:14.371   779   885 D ConnectivityService: Setting Dns servers for network 102 to [/10.25.0.190, /10.25.0.191]
04-13 14:41:14.380   779   885 D ConnectivityService: notifyType IP_CHANGED for NetworkAgentInfo [WIFI () - 102]
04-13 14:41:14.385   779   885 D ConnectivityService: scheduleUnvalidatedPrompt 102
04-13 14:41:14.385   779   885 D ConnectivityService: updateSignalStrengthThresholds: CONNECT, sending [] to NetworkAgentInfo [WIFI () - 102]
04-13 14:41:14.387   779   885 D ConnectivityService: notifyType PRECHECK for NetworkAgentInfo [WIFI () - 102]
04-13 14:41:14.488   779   885 D ConnectivityService: NetworkAgentInfo [WIFI () - 102] validation failed
04-13 14:41:14.490   779   885 D ConnectivityService: notifyType CAP_CHANGED for NetworkAgentInfo [WIFI () - 102]
04-13 14:41:14.492   779   885 D ConnectivityService: setProvNotificationVisibleIntent SIGN_IN visible=true networkType=WIFI extraInfo="IM-dti.desa" highPriority=false
04-13 14:41:20.172   779   885 D ConnectivityService: notifyType CAP_CHANGED for NetworkAgentInfo [WIFI () - 102]
04-13 14:41:22.386   779   885 D ConnectivityService: handlePromptUnvalidated 102
04-13 14:41:32.259   779   885 D ConnectivityService: notifyType CAP_CHANGED for NetworkAgentInfo [WIFI () - 102]
04-13 14:41:47.373   779   885 D ConnectivityService: notifyType CAP_CHANGED for NetworkAgentInfo [WIFI () - 102]
04-13 14:42:08.536   779   885 D ConnectivityService: notifyType CAP_CHANGED for NetworkAgentInfo [WIFI () - 102]
04-13 14:42:11.582   779   885 D ConnectivityService: notifyType CAP_CHANGED for NetworkAgentInfo [WIFI () - 102]
04-13 14:42:26.702   779   885 D ConnectivityService: notifyType CAP_CHANGED for NetworkAgentInfo [WIFI () - 102]
04-13 14:43:02.928   779   885 D ConnectivityService: notifyType CAP_CHANGED for NetworkAgentInfo [WIFI () - 102]
04-13 14:43:08.963   779   885 D ConnectivityService: notifyType CAP_CHANGED for NetworkAgentInfo [WIFI () - 102]
04-13 14:43:11.989   779   885 D ConnectivityService: notifyType CAP_CHANGED for NetworkAgentInfo [WIFI () - 102]
04-13 14:43:21.076   779   885 D ConnectivityService: notifyType CAP_CHANGED for NetworkAgentInfo [WIFI () - 102]
04-13 14:51:14.654   779   885 D ConnectivityService: NetworkAgentInfo [WIFI () - 102] validation failed
04-13 14:51:14.655   779   885 D ConnectivityService: setProvNotificationVisibleIntent SIGN_IN visible=true networkType=WIFI extraInfo="IM-dti.desa" highPriority=false
04-13 14:53:28.083   779   885 D ConnectivityService: notifyType CAP_CHANGED for NetworkAgentInfo [WIFI () - 102]
04-13 14:53:31.121   779   885 D ConnectivityService: notifyType CAP_CHANGED for NetworkAgentInfo [WIFI () - 102]
04-13 14:54:40.771   779   791 I UsageStatsService: User[0] Flushing usage stats to disk
04-13 15:01:14.864   779   885 D ConnectivityService: NetworkAgentInfo [WIFI () - 102] validation failed
04-13 15:01:14.877   779   885 D ConnectivityService: setProvNotificationVisibleIntent SIGN_IN visible=true networkType=WIFI extraInfo="IM-dti.desa" highPriority=false
04-13 15:04:18.982   779   801 W ProcessCpuTracker: Skipping unknown process pid 17962
04-13 15:04:31.313   779   792 I ProcessStatsService: Prepared write state in 10ms
04-13 15:04:31.317   779   792 I ProcessStatsService: Prepared write state in 4ms
04-13 15:04:31.337   779   791 I ProcessStatsService: Pruning old procstats: /data/system/procstats/state-2016-04-12-08-43-44.bin
04-13 15:09:13.326   779  1339 I ActivityManager: Start proc 19663:com.estrongs.android.pop/u0a122 for broadcast com.estrongs.android.pop/com.dianxinos.dxservice.stat.AlarmReceiver
04-13 15:09:16.142   779   884 D WifiService: New client listening to asynchronous messages
04-13 15:09:20.014   779  2425 I ActivityManager: Killing 8480:com.android.musicfx/u0a13 (adj 15): empty #17
04-13 15:09:26.589   779  1568 I ActivityManager: Killing 8731:com.google.android.apps.magazines/u0a56 (adj 15): empty for 1800s
04-13 15:09:33.336   779   872 I ActivityManager: Killing 8425:com.android.defcontainer/u0a4 (adj 13): empty for 1802s
04-13 15:09:33.405   779   872 I ActivityManager: Killing 8906:com.android.chrome/u0a31 (adj 13): empty for 1804s
04-13 15:09:33.424   779   872 I ActivityManager: Killing 8606:org.mozilla.firefox/u0a37 (adj 13): empty for 1805s
04-13 15:09:33.452   779   872 I ActivityManager: Killing 8806:com.google.android.apps.cloudprint/u0a32 (adj 13): empty for 1806s
04-13 15:09:51.219   779   948 I ActivityManager: Killing 5386:com.google.android.apps.plus/u0a63 (adj 15): empty for 1814s
04-13 15:09:51.264   779   948 I ActivityManager: Killing 5772:android.process.acore/u0a3 (adj 15): empty for 1814s
04-13 15:11:15.005   779   885 D ConnectivityService: NetworkAgentInfo [WIFI () - 102] validation failed
04-13 15:11:15.018   779   885 D ConnectivityService: setProvNotificationVisibleIntent SIGN_IN visible=true networkType=WIFI extraInfo="IM-dti.desa" highPriority=false
04-13 15:14:47.996   779   791 I UsageStatsService: User[0] Flushing usage stats to disk
04-13 15:21:15.157   779   885 D ConnectivityService: NetworkAgentInfo [WIFI () - 102] validation failed
04-13 15:21:15.157   779   885 D ConnectivityService: setProvNotificationVisibleIntent SIGN_IN visible=true networkType=WIFI extraInfo="IM-dti.desa" highPriority=false
04-13 15:23:47.817   779  1568 D ConnectivityService: reportNetworkConnectivity(101, false) by 10007
04-13 15:23:48.729   779   885 D ConnectivityService: setProvNotificationVisibleIntent null visible=false networkType=MOBILE extraInfo=null highPriority=false
04-13 15:23:48.730   779   885 D ConnectivityService: NetworkAgentInfo [MOBILE (LTE) - 101] validation  passed
04-13 15:24:32.072   779   885 D ConnectivityService: notifyType CAP_CHANGED for NetworkAgentInfo [WIFI () - 102]
04-13 15:24:32.076   779   885 D ConnectivityService: updateNetworkScore for NetworkAgentInfo [WIFI () - 102] to 56
04-13 15:24:35.095   779   885 D ConnectivityService: notifyType CAP_CHANGED for NetworkAgentInfo [WIFI () - 102]
04-13 15:24:35.123   779   885 D ConnectivityService: updateNetworkScore for NetworkAgentInfo [WIFI () - 102] to 60
04-13 15:26:04.519   779  1336 I ActivityManager: START u0 {cmp=com.whatsapp/.HomeActivity} from uid 10081 on display 0
04-13 15:26:04.525   779  1336 W ActivityManager: startActivity called from non-Activity context; forcing Intent.FLAG_ACTIVITY_NEW_TASK for: Intent { cmp=com.whatsapp/.HomeActivity }
04-13 15:26:04.528   779  1011 W InputMethodManagerService: Window already focused, ignoring focus gain of: com.android.internal.view.IInputMethodClient$Stub$Proxy@ee6529c attribute=null, token = android.os.BinderProxy@ff2728b
04-13 15:26:05.249   779  1336 I ActivityManager: Start proc 25770:android.process.acore/u0a3 for content provider com.android.providers.contacts/.ContactsProvider2
04-13 15:26:05.827   779  1336 I ActivityManager: Killing 6402:com.evernote.skitch/u0a139 (adj 15): empty for 2788s
04-13 15:26:09.613   779  1323 I ActivityManager: START u0 {flg=0x14000000 cmp=com.whatsapp/.Conversation (has extras)} from uid 10081 on display 0
04-13 15:26:10.019   779  1567 I ActivityManager: Start proc 25856:com.google.android.inputmethod.latin/u0a54 for service com.google.android.inputmethod.latin/com.android.inputmethod.latin.spellcheck.AndroidSpellCheckerService
04-13 15:26:11.131   779  2425 I ActivityManager: Killing 9922:com.puntoexe.ute/u0a111 (adj 15): empty for 2696s
04-13 15:26:11.854   779  1323 I ActivityManager: START u0 {flg=0x14000000 cmp=com.whatsapp/.Conversation (has extras)} from uid 10081 on display 0
04-13 15:26:21.836   779   875 I PowerManagerService: Going to sleep due to power button (uid 1000)...
04-13 15:26:21.854   779   802 I PowerManagerService: Sleeping (uid 1000)...
04-13 15:26:22.434   779   800 I DisplayManagerService: Display device changed state: "Pantalla integrada", OFF
04-13 15:31:15.299   779   885 D ConnectivityService: NetworkAgentInfo [WIFI () - 102] validation failed
04-13 15:31:15.299   779   885 D ConnectivityService: setProvNotificationVisibleIntent SIGN_IN visible=true networkType=WIFI extraInfo="IM-dti.desa" highPriority=false
04-13 15:34:34.131   779   792 I ProcessStatsService: Prepared write state in 32ms
04-13 15:34:34.134   779   792 I ProcessStatsService: Prepared write state in 4ms
04-13 15:35:25.994   779   948 I ActivityManager: Start proc 28994:com.android.providers.calendar/u0a1 for content provider com.android.providers.calendar/.CalendarProvider2
04-13 15:35:27.210   779   792 I ActivityManager: Start proc 29044:com.google.android.calendar/u0a28 for broadcast com.google.android.calendar/com.android.calendar.alerts.AlertReceiver
04-13 15:35:27.212   779   948 I ActivityManager: Killing 8833:com.instagram.android/u0a171 (adj 15): empty for 3059s
04-13 15:35:27.237   779  1336 D ConnectivityService: ConnectivityService NetworkRequestInfo binderDied(NetworkRequest [ id=11, legacyType=-1, [ Capabilities: INTERNET&NOT_RESTRICTED&TRUSTED&NOT_VPN] ], android.os.BinderProxy@556cfc0)
04-13 15:35:27.237   779   885 D ConnectivityService: releasing NetworkRequest NetworkRequest [ id=11, legacyType=-1, [ Capabilities: INTERNET&NOT_RESTRICTED&TRUSTED&NOT_VPN] ]
04-13 15:35:27.238   779   885 E ConnectivityService: RemoteException caught trying to send a callback msg for NetworkRequest [ id=11, legacyType=-1, [ Capabilities: INTERNET&NOT_RESTRICTED&TRUSTED&NOT_VPN] ]
04-13 15:37:22.061   779   791 I ActivityManager: Start proc 29738:com.google.android.apps.plus/u0a63 for service com.google.android.apps.plus/.service.EsSyncAdapterService
04-13 15:39:34.684   779  1011 I ActivityManager: Killing 19663:com.estrongs.android.pop/u0a122 (adj 15): empty for 1801s
04-13 15:39:34.729   779   884 D WifiService: Client connection lost with reason: 4
04-13 15:39:34.734   779  1011 I ActivityManager: Killing 4838:com.android.vending/u0a14 (adj 15): empty for 1801s
04-13 15:40:55.668   779   790 I ActivityManager: Start proc 30928:com.estrongs.android.pop/u0a122 for broadcast com.estrongs.android.pop/com.dianxinos.dxservice.stat.AlarmReceiver
04-13 15:40:57.356   779   884 D WifiService: New client listening to asynchronous messages
04-13 15:41:15.461   779   885 D ConnectivityService: NetworkAgentInfo [WIFI () - 102] validation failed
04-13 15:41:15.461   779   885 D ConnectivityService: setProvNotificationVisibleIntent SIGN_IN visible=true networkType=WIFI extraInfo="IM-dti.desa" highPriority=false
04-13 15:46:03.407   779   791 I UsageStatsService: User[0] Flushing usage stats to disk
04-13 15:47:22.803   779   806 I ActivityManager: Start proc 950:com.android.defcontainer/u0a4 for service com.android.defcontainer/.DefaultContainerService
04-13 15:47:22.846   950   962 D DefContainer: Copying /data/local/tmp/android-debug.apk to base.apk
04-13 15:47:23.852   779   792 I ActivityManager: Force stopping com.ionicframework.qrimdemo516795 appid=10094 user=-1: uninstall pkg
04-13 15:47:23.852   779   792 I ActivityManager: Killing 8625:com.ionicframework.qrimdemo516795/u0a94 (adj 7): stop com.ionicframework.qrimdemo516795
04-13 15:47:23.874   779  1336 I WindowState: WIN DEATH: Window{ba34f68 u0 com.ionicframework.qrimdemo516795/com.ionicframework.qrimdemo516795.MainActivity}
04-13 15:47:23.974   779   792 I ActivityManager:   Force finishing activity ActivityRecord{8264416 u0 com.ionicframework.qrimdemo516795/.MainActivity t315}
04-13 15:47:23.976   779   789 W ActivityManager: Spurious death for ProcessRecord{ac04a96 0:com.ionicframework.qrimdemo516795/u0a94}, curProc for 8625: null
04-13 15:47:24.012   779   806 I PackageManager: Package com.ionicframework.qrimdemo516795 codePath changed from /data/app/com.ionicframework.qrimdemo516795-2 to /data/app/com.ionicframework.qrimdemo516795-1; Retaining data and using new
04-13 15:47:24.012   779   792 I ActivityManager: Force stopping com.ionicframework.qrimdemo516795 appid=10094 user=-1: replace pkg
04-13 15:47:24.013   779   806 W PackageManager: Code path for com.ionicframework.qrimdemo516795 changing from /data/app/com.ionicframework.qrimdemo516795-2 to /data/app/com.ionicframework.qrimdemo516795-1
