04-13 16:43:30.499 13289 14842 E Fabric  : Crashlytics must be initialized by calling Fabric.with(Context) prior to calling Crashlytics.getInstance()
04-13 16:43:30.499 13289 14842 W System.err: java.lang.IllegalStateException: Must Initialize Fabric before using singleton()
04-13 16:43:30.500 13289 14842 W System.err: 	at io.fabric.sdk.android.Fabric.singleton(Fabric.java:254)
04-13 16:43:30.500 13289 14842 W System.err: 	at io.fabric.sdk.android.Fabric.getKit(Fabric.java:502)
04-13 16:43:30.500 13289 14842 W System.err: 	at com.crashlytics.android.Crashlytics.getInstance(Crashlytics.java:419)
04-13 16:43:30.500 13289 14842 W System.err: 	at com.elerts.elertslibrary.utils.ECLog.log(ECLog.java:40)
04-13 16:43:30.500 13289 14842 W System.err: 	at com.elerts.elertslibrary.utils.ECLog.log(ECLog.java:31)
04-13 16:43:30.500 13289 14842 W System.err: 	at com.elerts.elertslibrary.utils.ECLog.log(ECLog.java:21)
04-13 16:43:30.500 13289 14842 W System.err: 	at com.elerts.elertslibrary.db.ElertsDB.getSubmittedAlerts(ElertsDB.java:458)
04-13 16:43:30.500 13289 14842 W System.err: 	at com.elerts.elertslibrary.ClientServer.ElertsAPI.sendUpdate(ElertsAPI.java:102)
04-13 16:43:30.500 13289 14842 W System.err: 	at com.elerts.elertslibrary.ECLibraryApplication$UpdateInBG.doInBackground(ECLibraryApplication.java:411)
04-13 16:43:30.500 13289 14842 W System.err: 	at com.elerts.elertslibrary.ECLibraryApplication$UpdateInBG.doInBackground(ECLibraryApplication.java:386)
04-13 16:43:30.500 13289 14842 W System.err: 	at android.os.AsyncTask$2.call(AsyncTask.java:295)
04-13 16:43:30.500 13289 14842 W System.err: 	at java.util.concurrent.FutureTask.run(FutureTask.java:237)
04-13 16:43:30.500 13289 14842 W System.err: 	at android.os.AsyncTask$SerialExecutor$1.run(AsyncTask.java:234)
04-13 16:43:30.500 13289 14842 W System.err: 	at java.util.concurrent.ThreadPoolExecutor.runWorker(ThreadPoolExecutor.java:1113)
04-13 16:43:30.500 13289 14842 W System.err: 	at java.util.concurrent.ThreadPoolExecutor$Worker.run(ThreadPoolExecutor.java:588)
04-13 16:43:30.500 13289 14842 W System.err: 	at java.lang.Thread.run(Thread.java:818)
04-13 16:43:30.501 13289 14842 E Fabric  : Crashlytics must be initialized by calling Fabric.with(Context) prior to calling Crashlytics.getInstance()
04-13 16:43:30.501 13289 14842 W System.err: java.lang.IllegalStateException: Must Initialize Fabric before using singleton()
04-13 16:43:30.501 13289 14842 W System.err: 	at io.fabric.sdk.android.Fabric.singleton(Fabric.java:254)
04-13 16:43:30.501 13289 14842 W System.err: 	at io.fabric.sdk.android.Fabric.getKit(Fabric.java:502)
04-13 16:43:30.501 13289 14842 W System.err: 	at com.crashlytics.android.Crashlytics.getInstance(Crashlytics.java:419)
04-13 16:43:30.501 13289 14842 W System.err: 	at com.elerts.elertslibrary.utils.ECLog.log(ECLog.java:40)
04-13 16:43:30.501 13289 14842 W System.err: 	at com.elerts.elertslibrary.utils.ECLog.log(ECLog.java:31)
04-13 16:43:30.501 13289 14842 W System.err: 	at com.elerts.elertslibrary.utils.ECLog.log(ECLog.java:21)
04-13 16:43:30.501 13289 14842 W System.err: 	at com.elerts.elertslibrary.db.ElertsDB.getSubmittedAlerts(ElertsDB.java:458)
04-13 16:43:30.501 13289 14842 W System.err: 	at com.elerts.elertslibrary.ClientServer.ElertsAPI.sendUpdate(ElertsAPI.java:103)
04-13 16:43:30.501 13289 14842 W System.err: 	at com.elerts.elertslibrary.ECLibraryApplication$UpdateInBG.doInBackground(ECLibraryApplication.java:411)
04-13 16:43:30.501 13289 14842 W System.err: 	at com.elerts.elertslibrary.ECLibraryApplication$UpdateInBG.doInBackground(ECLibraryApplication.java:386)
04-13 16:43:30.501 13289 14842 W System.err: 	at android.os.AsyncTask$2.call(AsyncTask.java:295)
04-13 16:43:30.501 13289 14842 W System.err: 	at java.util.concurrent.FutureTask.run(FutureTask.java:237)
04-13 16:43:30.502 13289 14842 W System.err: 	at android.os.AsyncTask$SerialExecutor$1.run(AsyncTask.java:234)
04-13 16:43:30.502 13289 14842 W System.err: 	at java.util.concurrent.ThreadPoolExecutor.runWorker(ThreadPoolExecutor.java:1113)
04-13 16:43:30.502 13289 14842 W System.err: 	at java.util.concurrent.ThreadPoolExecutor$Worker.run(ThreadPoolExecutor.java:588)
04-13 16:43:30.502 13289 14842 W System.err: 	at java.lang.Thread.run(Thread.java:818)
04-13 16:43:30.502 13289 14842 E Fabric  : Crashlytics must be initialized by calling Fabric.with(Context) prior to calling Crashlytics.getInstance()
04-13 16:43:30.502 13289 14842 W System.err: java.lang.IllegalStateException: Must Initialize Fabric before using singleton()
04-13 16:43:30.502 13289 14842 W System.err: 	at io.fabric.sdk.android.Fabric.singleton(Fabric.java:254)
04-13 16:43:30.502 13289 14842 W System.err: 	at io.fabric.sdk.android.Fabric.getKit(Fabric.java:502)
04-13 16:43:30.502 13289 14842 W System.err: 	at com.crashlytics.android.Crashlytics.getInstance(Crashlytics.java:419)
04-13 16:43:30.502 13289 14842 W System.err: 	at com.elerts.elertslibrary.utils.ECLog.log(ECLog.java:40)
04-13 16:43:30.502 13289 14842 W System.err: 	at com.elerts.elertslibrary.utils.ECLog.log(ECLog.java:31)
04-13 16:43:30.502 13289 14842 W System.err: 	at com.elerts.elertslibrary.utils.ECLog.log(ECLog.java:21)
04-13 16:43:30.502 13289 14842 W System.err: 	at com.elerts.elertslibrary.db.ElertsDB.getSubmittedAlerts(ElertsDB.java:458)
04-13 16:43:30.502 13289 14842 W System.err: 	at com.elerts.elertslibrary.ClientServer.ElertsAPI.sendUpdate(ElertsAPI.java:104)
04-13 16:43:30.502 13289 14842 W System.err: 	at com.elerts.elertslibrary.ECLibraryApplication$UpdateInBG.doInBackground(ECLibraryApplication.java:411)
04-13 16:43:30.502 13289 14842 W System.err: 	at com.elerts.elertslibrary.ECLibraryApplication$UpdateInBG.doInBackground(ECLibraryApplication.java:386)
04-13 16:43:30.502 13289 14842 W System.err: 	at android.os.AsyncTask$2.call(AsyncTask.java:295)
04-13 16:43:30.502 13289 14842 W System.err: 	at java.util.concurrent.FutureTask.run(FutureTask.java:237)
04-13 16:43:30.502 13289 14842 W System.err: 	at android.os.AsyncTask$SerialExecutor$1.run(AsyncTask.java:234)
04-13 16:43:30.502 13289 14842 W System.err: 	at java.util.concurrent.ThreadPoolExecutor.runWorker(ThreadPoolExecutor.java:1113)
04-13 16:43:30.502 13289 14842 W System.err: 	at java.util.concurrent.ThreadPoolExecutor$Worker.run(ThreadPoolExecutor.java:588)
04-13 16:43:30.502 13289 14842 W System.err: 	at java.lang.Thread.run(Thread.java:818)
04-13 16:43:32.577 13289 14842 E Fabric  : Crashlytics must be initialized by calling Fabric.with(Context) prior to calling Crashlytics.getInstance()
04-13 16:43:32.578 13289 14842 W System.err: java.lang.IllegalStateException: Must Initialize Fabric before using singleton()
04-13 16:43:32.579 13289 14842 W System.err: 	at io.fabric.sdk.android.Fabric.singleton(Fabric.java:254)
04-13 16:43:32.579 13289 14842 W System.err: 	at io.fabric.sdk.android.Fabric.getKit(Fabric.java:502)
04-13 16:43:32.579 13289 14842 W System.err: 	at com.crashlytics.android.Crashlytics.getInstance(Crashlytics.java:419)
04-13 16:43:32.579 13289 14842 W System.err: 	at com.elerts.elertslibrary.utils.ECLog.log(ECLog.java:40)
04-13 16:43:32.579 13289 14842 W System.err: 	at com.elerts.elertslibrary.utils.ECLog.log(ECLog.java:31)
04-13 16:43:32.580 13289 14842 W System.err: 	at com.elerts.elertslibrary.utils.ECLog.log(ECLog.java:26)
04-13 16:43:32.580 13289 14842 W System.err: 	at com.elerts.elertslibrary.ClientServer.ServerRequest.sendHTTPPost(ServerRequest.java:99)
04-13 16:43:32.580 13289 14842 W System.err: 	at com.elerts.elertslibrary.ClientServer.ServerRequest.sendHTTPPost(ServerRequest.java:43)
04-13 16:43:32.580 13289 14842 W System.err: 	at com.elerts.elertslibrary.ClientServer.ElertsAPI.sendUpdate(ElertsAPI.java:128)
04-13 16:43:32.580 13289 14842 W System.err: 	at com.elerts.elertslibrary.ECLibraryApplication$UpdateInBG.doInBackground(ECLibraryApplication.java:411)
04-13 16:43:32.580 13289 14842 W System.err: 	at com.elerts.elertslibrary.ECLibraryApplication$UpdateInBG.doInBackground(ECLibraryApplication.java:386)
04-13 16:43:32.581 13289 14842 W System.err: 	at android.os.AsyncTask$2.call(AsyncTask.java:295)
04-13 16:43:32.581 13289 14842 W System.err: 	at java.util.concurrent.FutureTask.run(FutureTask.java:237)
04-13 16:43:32.581 13289 14842 W System.err: 	at android.os.AsyncTask$SerialExecutor$1.run(AsyncTask.java:234)
04-13 16:43:32.581 13289 14842 W System.err: 	at java.util.concurrent.ThreadPoolExecutor.runWorker(ThreadPoolExecutor.java:1113)
04-13 16:43:32.581 13289 14842 W System.err: 	at java.util.concurrent.ThreadPoolExecutor$Worker.run(ThreadPoolExecutor.java:588)
04-13 16:43:32.581 13289 14842 W System.err: 	at java.lang.Thread.run(Thread.java:818)
04-13 16:43:32.582 13289 14842 E Fabric  : Crashlytics must be initialized by calling Fabric.with(Context) prior to calling Crashlytics.getInstance()
04-13 16:43:32.582 13289 14842 W System.err: java.lang.IllegalStateException: Must Initialize Fabric before using singleton()
04-13 16:43:32.583 13289 14842 W System.err: 	at io.fabric.sdk.android.Fabric.singleton(Fabric.java:254)
04-13 16:43:32.583 13289 14842 W System.err: 	at io.fabric.sdk.android.Fabric.getKit(Fabric.java:502)
04-13 16:43:32.583 13289 14842 W System.err: 	at com.crashlytics.android.Crashlytics.getInstance(Crashlytics.java:419)
04-13 16:43:32.583 13289 14842 W System.err: 	at com.elerts.elertslibrary.utils.ECLog.log(ECLog.java:40)
04-13 16:43:32.583 13289 14842 W System.err: 	at com.elerts.elertslibrary.utils.ECLog.log(ECLog.java:31)
04-13 16:43:32.583 13289 14842 W System.err: 	at com.elerts.elertslibrary.utils.ECLog.log(ECLog.java:26)
04-13 16:43:32.584 13289 14842 W System.err: 	at com.elerts.elertslibrary.ClientServer.ServerRequest.sendHTTPPost(ServerRequest.java:101)
04-13 16:43:32.586 13289 14842 W System.err: 	at com.elerts.elertslibrary.ClientServer.ServerRequest.sendHTTPPost(ServerRequest.java:43)
04-13 16:43:32.587 13289 14842 W System.err: 	at com.elerts.elertslibrary.ClientServer.ElertsAPI.sendUpdate(ElertsAPI.java:128)
04-13 16:43:32.587 13289 14842 W System.err: 	at com.elerts.elertslibrary.ECLibraryApplication$UpdateInBG.doInBackground(ECLibraryApplication.java:411)
04-13 16:43:32.587 13289 14842 W System.err: 	at com.elerts.elertslibrary.ECLibraryApplication$UpdateInBG.doInBackground(ECLibraryApplication.java:386)
04-13 16:43:32.587 13289 14842 W System.err: 	at android.os.AsyncTask$2.call(AsyncTask.java:295)
04-13 16:43:32.587 13289 14842 W System.err: 	at java.util.concurrent.FutureTask.run(FutureTask.java:237)
04-13 16:43:32.587 13289 14842 W System.err: 	at android.os.AsyncTask$SerialExecutor$1.run(AsyncTask.java:234)
04-13 16:43:32.588 13289 14842 W System.err: 	at java.util.concurrent.ThreadPoolExecutor.runWorker(ThreadPoolExecutor.java:1113)
04-13 16:43:32.588 13289 14842 W System.err: 	at java.util.concurrent.ThreadPoolExecutor$Worker.run(ThreadPoolExecutor.java:588)
04-13 16:43:32.588 13289 14842 W System.err: 	at java.lang.Thread.run(Thread.java:818)
04-13 16:43:32.600 13289 14842 E Fabric  : Crashlytics must be initialized by calling Fabric.with(Context) prior to calling Crashlytics.getInstance()
04-13 16:43:32.600 13289 14842 W System.err: java.lang.IllegalStateException: Must Initialize Fabric before using singleton()
04-13 16:43:32.601 13289 14842 W System.err: 	at io.fabric.sdk.android.Fabric.singleton(Fabric.java:254)
04-13 16:43:32.601 13289 14842 W System.err: 	at io.fabric.sdk.android.Fabric.getKit(Fabric.java:502)
04-13 16:43:32.601 13289 14842 W System.err: 	at com.crashlytics.android.Crashlytics.getInstance(Crashlytics.java:419)
04-13 16:43:32.601 13289 14842 W System.err: 	at com.elerts.elertslibrary.utils.ECLog.log(ECLog.java:40)
04-13 16:43:32.601 13289 14842 W System.err: 	at com.elerts.elertslibrary.utils.ECLog.log(ECLog.java:31)
04-13 16:43:32.602 13289 14842 W System.err: 	at com.elerts.elertslibrary.utils.ECLog.log(ECLog.java:21)
04-13 16:43:32.602 13289 14842 W System.err: 	at com.elerts.elertslibrary.db.ElertsDB.updateDelete(ElertsDB.java:192)
04-13 16:43:32.602 13289 14842 W System.err: 	at com.elerts.elertslibrary.ClientServer.ElertsAPI.sendUpdate(ElertsAPI.java:184)
04-13 16:43:32.602 13289 14842 W System.err: 	at com.elerts.elertslibrary.ECLibraryApplication$UpdateInBG.doInBackground(ECLibraryApplication.java:411)
04-13 16:43:32.603 13289 14842 W System.err: 	at com.elerts.elertslibrary.ECLibraryApplication$UpdateInBG.doInBackground(ECLibraryApplication.java:386)
04-13 16:43:32.604 13289 14842 W System.err: 	at android.os.AsyncTask$2.call(AsyncTask.java:295)
04-13 16:43:32.604 13289 14842 W System.err: 	at java.util.concurrent.FutureTask.run(FutureTask.java:237)
04-13 16:43:32.604 13289 14842 W System.err: 	at android.os.AsyncTask$SerialExecutor$1.run(AsyncTask.java:234)
04-13 16:43:32.604 13289 14842 W System.err: 	at java.util.concurrent.ThreadPoolExecutor.runWorker(ThreadPoolExecutor.java:1113)
04-13 16:43:32.604 13289 14842 W System.err: 	at java.util.concurrent.ThreadPoolExecutor$Worker.run(ThreadPoolExecutor.java:588)
04-13 16:43:32.605 13289 14842 W System.err: 	at java.lang.Thread.run(Thread.java:818)
04-13 16:43:32.605 13289 14842 E Fabric  : Crashlytics must be initialized by calling Fabric.with(Context) prior to calling Crashlytics.getInstance()
04-13 16:43:32.605 13289 14842 W System.err: java.lang.IllegalStateException: Must Initialize Fabric before using singleton()
04-13 16:43:32.606 13289 14842 W System.err: 	at io.fabric.sdk.android.Fabric.singleton(Fabric.java:254)
04-13 16:43:32.606 13289 14842 W System.err: 	at io.fabric.sdk.android.Fabric.getKit(Fabric.java:502)
04-13 16:43:32.606 13289 14842 W System.err: 	at com.crashlytics.android.Crashlytics.getInstance(Crashlytics.java:419)
04-13 16:43:32.606 13289 14842 W System.err: 	at com.elerts.elertslibrary.utils.ECLog.log(ECLog.java:40)
04-13 16:43:32.607 13289 14842 W System.err: 	at com.elerts.elertslibrary.utils.ECLog.log(ECLog.java:31)
04-13 16:43:32.607 13289 14842 W System.err: 	at com.elerts.elertslibrary.utils.ECLog.log(ECLog.java:21)
04-13 16:43:32.607 13289 14842 W System.err: 	at com.elerts.elertslibrary.db.ElertsDB.deleteImages(ElertsDB.java:208)
04-13 16:43:32.607 13289 14842 W System.err: 	at com.elerts.elertslibrary.db.ElertsDB.updateDelete(ElertsDB.java:196)
04-13 16:43:32.607 13289 14842 W System.err: 	at com.elerts.elertslibrary.ClientServer.ElertsAPI.sendUpdate(ElertsAPI.java:184)
04-13 16:43:32.607 13289 14842 W System.err: 	at com.elerts.elertslibrary.ECLibraryApplication$UpdateInBG.doInBackground(ECLibraryApplication.java:411)
04-13 16:43:32.608 13289 14842 W System.err: 	at com.elerts.elertslibrary.ECLibraryApplication$UpdateInBG.doInBackground(ECLibraryApplication.java:386)
04-13 16:43:32.608 13289 14842 W System.err: 	at android.os.AsyncTask$2.call(AsyncTask.java:295)
04-13 16:43:32.608 13289 14842 W System.err: 	at java.util.concurrent.FutureTask.run(FutureTask.java:237)
04-13 16:43:32.608 13289 14842 W System.err: 	at android.os.AsyncTask$SerialExecutor$1.run(AsyncTask.java:234)
04-13 16:43:32.608 13289 14842 W System.err: 	at java.util.concurrent.ThreadPoolExecutor.runWorker(ThreadPoolExecutor.java:1113)
04-13 16:43:32.608 13289 14842 W System.err: 	at java.util.concurrent.ThreadPoolExecutor$Worker.run(ThreadPoolExecutor.java:588)
04-13 16:43:32.613 13289 14842 W System.err: 	at java.lang.Thread.run(Thread.java:818)
04-13 16:43:32.618 13289 14842 E Fabric  : Crashlytics must be initialized by calling Fabric.with(Context) prior to calling Crashlytics.getInstance()
04-13 16:43:32.618 13289 14842 W System.err: java.lang.IllegalStateException: Must Initialize Fabric before using singleton()
04-13 16:43:32.619 13289 14842 W System.err: 	at io.fabric.sdk.android.Fabric.singleton(Fabric.java:254)
04-13 16:43:32.619 13289 14842 W System.err: 	at io.fabric.sdk.android.Fabric.getKit(Fabric.java:502)
04-13 16:43:32.619 13289 14842 W System.err: 	at com.crashlytics.android.Crashlytics.getInstance(Crashlytics.java:419)
04-13 16:43:32.619 13289 14842 W System.err: 	at com.elerts.elertslibrary.utils.ECLog.log(ECLog.java:40)
04-13 16:43:32.619 13289 14842 W System.err: 	at com.elerts.elertslibrary.utils.ECLog.log(ECLog.java:31)
04-13 16:43:32.619 13289 14842 W System.err: 	at com.elerts.elertslibrary.utils.ECLog.log(ECLog.java:21)
04-13 16:43:32.619 13289 14842 W System.err: 	at com.elerts.elertslibrary.db.ElertsDB.deleteImages(ElertsDB.java:208)
04-13 16:43:32.620 13289 14842 W System.err: 	at com.elerts.elertslibrary.db.ElertsDB.updateDelete(ElertsDB.java:197)
04-13 16:43:32.620 13289 14842 W System.err: 	at com.elerts.elertslibrary.ClientServer.ElertsAPI.sendUpdate(ElertsAPI.java:184)
04-13 16:43:32.620 13289 14842 W System.err: 	at com.elerts.elertslibrary.ECLibraryApplication$UpdateInBG.doInBackground(ECLibraryApplication.java:411)
04-13 16:43:32.620 13289 14842 W System.err: 	at com.elerts.elertslibrary.ECLibraryApplication$UpdateInBG.doInBackground(ECLibraryApplication.java:386)
04-13 16:43:32.620 13289 14842 W System.err: 	at android.os.AsyncTask$2.call(AsyncTask.java:295)
04-13 16:43:32.621 13289 14842 W System.err: 	at java.util.concurrent.FutureTask.run(FutureTask.java:237)
04-13 16:43:32.621 13289 14842 W System.err: 	at android.os.AsyncTask$SerialExecutor$1.run(AsyncTask.java:234)
04-13 16:43:32.627 13289 14842 W System.err: 	at java.util.concurrent.ThreadPoolExecutor.runWorker(ThreadPoolExecutor.java:1113)
04-13 16:43:32.628 13289 14842 W System.err: 	at java.util.concurrent.ThreadPoolExecutor$Worker.run(ThreadPoolExecutor.java:588)
04-13 16:43:32.628 13289 14842 W System.err: 	at java.lang.Thread.run(Thread.java:818)
04-13 16:43:32.629 13289 14842 E Fabric  : Crashlytics must be initialized by calling Fabric.with(Context) prior to calling Crashlytics.getInstance()
04-13 16:43:32.629 13289 14842 W System.err: java.lang.IllegalStateException: Must Initialize Fabric before using singleton()
04-13 16:43:32.630 13289 14842 W System.err: 	at io.fabric.sdk.android.Fabric.singleton(Fabric.java:254)
04-13 16:43:32.630 13289 14842 W System.err: 	at io.fabric.sdk.android.Fabric.getKit(Fabric.java:502)
04-13 16:43:32.630 13289 14842 W System.err: 	at com.crashlytics.android.Crashlytics.getInstance(Crashlytics.java:419)
04-13 16:43:32.630 13289 14842 W System.err: 	at com.elerts.elertslibrary.utils.ECLog.log(ECLog.java:40)
04-13 16:43:32.630 13289 14842 W System.err: 	at com.elerts.elertslibrary.utils.ECLog.log(ECLog.java:31)
04-13 16:43:32.630 13289 14842 W System.err: 	at com.elerts.elertslibrary.utils.ECLog.log(ECLog.java:21)
04-13 16:43:32.630 13289 14842 W System.err: 	at com.elerts.elertslibrary.db.ElertsDB.getImagesForUpload(ElertsDB.java:730)
04-13 16:43:32.630 13289 14842 W System.err: 	at com.elerts.elertslibrary.ClientServer.ElertsAPI.uploadSubmittedAlertImages(ElertsAPI.java:696)
04-13 16:43:32.630 13289 14842 W System.err: 	at com.elerts.elertslibrary.ClientServer.ElertsAPI.sendUpdate(ElertsAPI.java:189)
04-13 16:43:32.630 13289 14842 W System.err: 	at com.elerts.elertslibrary.ECLibraryApplication$UpdateInBG.doInBackground(ECLibraryApplication.java:411)
04-13 16:43:32.630 13289 14842 W System.err: 	at com.elerts.elertslibrary.ECLibraryApplication$UpdateInBG.doInBackground(ECLibraryApplication.java:386)
04-13 16:43:32.630 13289 14842 W System.err: 	at android.os.AsyncTask$2.call(AsyncTask.java:295)
04-13 16:43:32.630 13289 14842 W System.err: 	at java.util.concurrent.FutureTask.run(FutureTask.java:237)
04-13 16:43:32.630 13289 14842 W System.err: 	at android.os.AsyncTask$SerialExecutor$1.run(AsyncTask.java:234)
04-13 16:43:32.630 13289 14842 W System.err: 	at java.util.concurrent.ThreadPoolExecutor.runWorker(ThreadPoolExecutor.java:1113)
04-13 16:43:32.630 13289 14842 W System.err: 	at java.util.concurrent.ThreadPoolExecutor$Worker.run(ThreadPoolExecutor.java:588)
04-13 16:43:32.630 13289 14842 W System.err: 	at java.lang.Thread.run(Thread.java:818)
04-13 16:43:32.631 13289 14842 E Fabric  : Crashlytics must be initialized by calling Fabric.with(Context) prior to calling Crashlytics.getInstance()
04-13 16:43:32.631 13289 14842 W System.err: java.lang.IllegalStateException: Must Initialize Fabric before using singleton()
04-13 16:43:32.631 13289 14842 W System.err: 	at io.fabric.sdk.android.Fabric.singleton(Fabric.java:254)
04-13 16:43:32.631 13289 14842 W System.err: 	at io.fabric.sdk.android.Fabric.getKit(Fabric.java:502)
04-13 16:43:32.631 13289 14842 W System.err: 	at com.crashlytics.android.Crashlytics.getInstance(Crashlytics.java:419)
04-13 16:43:32.631 13289 14842 W System.err: 	at com.elerts.elertslibrary.utils.ECLog.log(ECLog.java:40)
04-13 16:43:32.631 13289 14842 W System.err: 	at com.elerts.elertslibrary.utils.ECLog.log(ECLog.java:31)
04-13 16:43:32.631 13289 14842 W System.err: 	at com.elerts.elertslibrary.utils.ECLog.log(ECLog.java:21)
04-13 16:43:32.631 13289 14842 W System.err: 	at com.elerts.elertslibrary.ECLibraryApplication$UpdateInBG.doInBackground(ECLibraryApplication.java:412)
04-13 16:43:32.631 13289 14842 W System.err: 	at com.elerts.elertslibrary.ECLibraryApplication$UpdateInBG.doInBackground(ECLibraryApplication.java:386)
04-13 16:43:32.631 13289 14842 W System.err: 	at android.os.AsyncTask$2.call(AsyncTask.java:295)
04-13 16:43:32.631 13289 14842 W System.err: 	at java.util.concurrent.FutureTask.run(FutureTask.java:237)
04-13 16:43:32.631 13289 14842 W System.err: 	at android.os.AsyncTask$SerialExecutor$1.run(AsyncTask.java:234)
04-13 16:43:32.632 13289 14842 W System.err: 	at java.util.concurrent.ThreadPoolExecutor.runWorker(ThreadPoolExecutor.java:1113)
04-13 16:43:32.632 13289 14842 W System.err: 	at java.util.concurrent.ThreadPoolExecutor$Worker.run(ThreadPoolExecutor.java:588)
04-13 16:43:32.632 13289 14842 W System.err: 	at java.lang.Thread.run(Thread.java:818)
04-13 16:43:32.632 13289 13289 E Fabric  : Crashlytics must be initialized by calling Fabric.with(Context) prior to calling Crashlytics.getInstance()
04-13 16:43:32.632 13289 13289 W System.err: java.lang.IllegalStateException: Must Initialize Fabric before using singleton()
04-13 16:43:32.632 13289 13289 W System.err: 	at io.fabric.sdk.android.Fabric.singleton(Fabric.java:254)
04-13 16:43:32.632 13289 13289 W System.err: 	at io.fabric.sdk.android.Fabric.getKit(Fabric.java:502)
04-13 16:43:32.632 13289 13289 W System.err: 	at com.crashlytics.android.Crashlytics.getInstance(Crashlytics.java:419)
04-13 16:43:32.632 13289 13289 W System.err: 	at com.elerts.elertslibrary.utils.ECLog.log(ECLog.java:40)
04-13 16:43:32.632 13289 13289 W System.err: 	at com.elerts.elertslibrary.utils.ECLog.log(ECLog.java:31)
04-13 16:43:32.632 13289 13289 W System.err: 	at com.elerts.elertslibrary.utils.ECLog.log(ECLog.java:21)
04-13 16:43:32.632 13289 13289 W System.err: 	at com.elerts.elertslibrary.ECLibraryApplication$UpdateInBG.onPostExecute(ECLibraryApplication.java:418)
04-13 16:43:32.632 13289 13289 W System.err: 	at com.elerts.elertslibrary.ECLibraryApplication$UpdateInBG.onPostExecute(ECLibraryApplication.java:386)
04-13 16:43:32.632 13289 13289 W System.err: 	at android.os.AsyncTask.finish(AsyncTask.java:651)
04-13 16:43:32.632 13289 13289 W System.err: 	at android.os.AsyncTask.-wrap1(AsyncTask.java)
04-13 16:43:32.632 13289 13289 W System.err: 	at android.os.AsyncTask$InternalHandler.handleMessage(AsyncTask.java:668)
04-13 16:43:32.632 13289 13289 W System.err: 	at android.os.Handler.dispatchMessage(Handler.java:102)
04-13 16:43:32.632 13289 13289 W System.err: 	at android.os.Looper.loop(Looper.java:148)
04-13 16:43:32.632 13289 13289 W System.err: 	at android.app.ActivityThread.main(ActivityThread.java:5417)
04-13 16:43:32.632 13289 13289 W System.err: 	at java.lang.reflect.Method.invoke(Native Method)
04-13 16:43:32.633 13289 13289 W System.err: 	at com.android.internal.os.ZygoteInit$MethodAndArgsCaller.run(ZygoteInit.java:726)
04-13 16:43:32.633 13289 13289 W System.err: 	at com.android.internal.os.ZygoteInit.main(ZygoteInit.java:616)
04-13 16:43:32.633 13289 13289 E Fabric  : Crashlytics must be initialized by calling Fabric.with(Context) prior to calling Crashlytics.getInstance()
04-13 16:43:32.633 13289 13289 W System.err: java.lang.IllegalStateException: Must Initialize Fabric before using singleton()
04-13 16:43:32.633 13289 13289 W System.err: 	at io.fabric.sdk.android.Fabric.singleton(Fabric.java:254)
04-13 16:43:32.633 13289 13289 W System.err: 	at io.fabric.sdk.android.Fabric.getKit(Fabric.java:502)
04-13 16:43:32.633 13289 13289 W System.err: 	at com.crashlytics.android.Crashlytics.getInstance(Crashlytics.java:419)
04-13 16:43:32.633 13289 13289 W System.err: 	at com.elerts.elertslibrary.utils.ECLog.log(ECLog.java:40)
04-13 16:43:32.633 13289 13289 W System.err: 	at com.elerts.elertslibrary.utils.ECLog.log(ECLog.java:31)
04-13 16:43:32.633 13289 13289 W System.err: 	at com.elerts.elertslibrary.utils.ECLog.log(ECLog.java:21)
04-13 16:43:32.634 13289 13289 W System.err: 	at com.elerts.elertslibrary.ECLibraryApplication$UpdateInBG.onPostExecute(ECLibraryApplication.java:442)
04-13 16:43:32.634 13289 13289 W System.err: 	at com.elerts.elertslibrary.ECLibraryApplication$UpdateInBG.onPostExecute(ECLibraryApplication.java:386)
04-13 16:43:32.634 13289 13289 W System.err: 	at android.os.AsyncTask.finish(AsyncTask.java:651)
04-13 16:43:32.634 13289 13289 W System.err: 	at android.os.AsyncTask.-wrap1(AsyncTask.java)
04-13 16:43:32.634 13289 13289 W System.err: 	at android.os.AsyncTask$InternalHandler.handleMessage(AsyncTask.java:668)
04-13 16:43:32.634 13289 13289 W System.err: 	at android.os.Handler.dispatchMessage(Handler.java:102)
04-13 16:43:32.634 13289 13289 W System.err: 	at android.os.Looper.loop(Looper.java:148)
04-13 16:43:32.634 13289 13289 W System.err: 	at android.app.ActivityThread.main(ActivityThread.java:5417)
04-13 16:43:32.634 13289 13289 W System.err: 	at java.lang.reflect.Method.invoke(Native Method)
04-13 16:43:32.634 13289 13289 W System.err: 	at com.android.internal.os.ZygoteInit$MethodAndArgsCaller.run(ZygoteInit.java:726)
04-13 16:43:32.634 13289 13289 W System.err: 	at com.android.internal.os.ZygoteInit.main(ZygoteInit.java:616)
04-13 16:43:33.495 14183 14183 I chromium: [INFO:CONSOLE(26)] "No Content-Security-Policy meta tag found. Please add one when using the cordova-plugin-whitelist plugin.", source: file:///android_asset/www/plugins/cordova-plugin-whitelist/whitelist.js (26)
04-13 16:43:43.495 14183 14183 I chromium: [INFO:CONSOLE(26)] "No Content-Security-Policy meta tag found. Please add one when using the cordova-plugin-whitelist plugin.", source: file:///android_asset/www/plugins/cordova-plugin-whitelist/whitelist.js (26)
04-13 16:43:43.725  1799  2407 I ClearcutLoggerApiImpl: disconnect managed GoogleApiClient
04-13 16:43:53.493 14183 14183 I chromium: [INFO:CONSOLE(26)] "No Content-Security-Policy meta tag found. Please add one when using the cordova-plugin-whitelist plugin.", source: file:///android_asset/www/plugins/cordova-plugin-whitelist/whitelist.js (26)
04-13 16:44:03.495 14183 14183 I chromium: [INFO:CONSOLE(26)] "No Content-Security-Policy meta tag found. Please add one when using the cordova-plugin-whitelist plugin.", source: file:///android_asset/www/plugins/cordova-plugin-whitelist/whitelist.js (26)
04-13 16:44:13.495 14183 14183 I chromium: [INFO:CONSOLE(26)] "No Content-Security-Policy meta tag found. Please add one when using the cordova-plugin-whitelist plugin.", source: file:///android_asset/www/plugins/cordova-plugin-whitelist/whitelist.js (26)
04-13 16:44:23.495 14183 14183 I chromium: [INFO:CONSOLE(26)] "No Content-Security-Policy meta tag found. Please add one when using the cordova-plugin-whitelist plugin.", source: file:///android_asset/www/plugins/cordova-plugin-whitelist/whitelist.js (26)
04-13 16:44:31.805  1799 11485 I GCM     : GCM message com.google.android.googlequicksearchbox 0:1460576774132647%8b460216f9fd7ecd
04-13 16:44:31.853  1799  1849 W GCoreFlp: No location to return for getLastLocation()
04-13 16:44:31.894  1799  1864 W GeofencerStateMachine: Ignoring removeGeofence because network location is disabled.
04-13 16:44:31.895 12141 14854 E GeofenceHelper: Failed: remove geofences by PendingIntent
04-13 16:44:31.910 12141 14854 W LocationOracle: Best location was null
04-13 16:44:31.998 12141 14854 W LocationOracle: Best location was null
04-13 16:44:33.493 14183 14183 I chromium: [INFO:CONSOLE(26)] "No Content-Security-Policy meta tag found. Please add one when using the cordova-plugin-whitelist plugin.", source: file:///android_asset/www/plugins/cordova-plugin-whitelist/whitelist.js (26)
04-13 16:44:43.495 14183 14183 I chromium: [INFO:CONSOLE(26)] "No Content-Security-Policy meta tag found. Please add one when using the cordova-plugin-whitelist plugin.", source: file:///android_asset/www/plugins/cordova-plugin-whitelist/whitelist.js (26)
04-13 16:44:53.498 14183 14183 I chromium: [INFO:CONSOLE(26)] "No Content-Security-Policy meta tag found. Please add one when using the cordova-plugin-whitelist plugin.", source: file:///android_asset/www/plugins/cordova-plugin-whitelist/whitelist.js (26)
04-13 16:44:55.518  1799  1923 W ctxmgr  : [EventHandler]Dropping runnable posted with delay of 9223370576278080291 because too far in the future.  runnable=com.google.android.contextmanager.g.a.c@a90f526, workInfo=label=FenceScheduler, startTime=unspecified, stopTime=unspecified
04-13 16:44:55.567 12141 14879 W RequestManagerImpl: No request trace given for request (type=SCHEDULED_REQUEST_FULL)
04-13 16:44:55.677  1799  1799 V GLSActivity: AuthDelegateWrapperCreated with selected intent: Intent { cmp=com.google.android.gms/.auth.DefaultAuthDelegateService }
04-13 16:44:55.678  1799  1799 V GLSActivity: AuthDelegateWrapperCreated with selected intent: Intent { cmp=com.google.android.gms/.auth.DefaultAuthDelegateService }
04-13 16:44:57.167  1799  1864 W GeofencerStateMachine: Ignoring removeGeofence because network location is disabled.
04-13 16:44:57.168 12141 14879 E GeofenceHelper: Failed: remove geofences by PendingIntent
04-13 16:44:57.178 12141 14879 W LocationOracle: Best location was null
04-13 16:44:57.265 12141 14879 I TrainingQuestionManager: updateFromServerResponse: no new training mode data and no pending answered questions to clear
04-13 16:45:03.495 14183 14183 I chromium: [INFO:CONSOLE(26)] "No Content-Security-Policy meta tag found. Please add one when using the cordova-plugin-whitelist plugin.", source: file:///android_asset/www/plugins/cordova-plugin-whitelist/whitelist.js (26)
04-13 16:45:13.495 14183 14183 I chromium: [INFO:CONSOLE(26)] "No Content-Security-Policy meta tag found. Please add one when using the cordova-plugin-whitelist plugin.", source: file:///android_asset/www/plugins/cordova-plugin-whitelist/whitelist.js (26)
04-13 16:45:23.497 14183 14183 I chromium: [INFO:CONSOLE(26)] "No Content-Security-Policy meta tag found. Please add one when using the cordova-plugin-whitelist plugin.", source: file:///android_asset/www/plugins/cordova-plugin-whitelist/whitelist.js (26)
04-13 16:45:33.495 14183 14183 I chromium: [INFO:CONSOLE(26)] "No Content-Security-Policy meta tag found. Please add one when using the cordova-plugin-whitelist plugin.", source: file:///android_asset/www/plugins/cordova-plugin-whitelist/whitelist.js (26)
04-13 16:45:43.493 14183 14183 I chromium: [INFO:CONSOLE(26)] "No Content-Security-Policy meta tag found. Please add one when using the cordova-plugin-whitelist plugin.", source: file:///android_asset/www/plugins/cordova-plugin-whitelist/whitelist.js (26)
04-13 16:45:43.495  1799  1923 W ctxmgr  : [AclManager]checkPermissionTypeStatus: no inject permission for { uid=10007, packageName=com.google.android.gms }. Returned permission was: PACKAGE_NOT_WHITELISTED for context name=POWER_CONNECTION, account=account#-517948760#
04-13 16:45:43.496  1799  1923 W ctxmgr  : [AclManager]checkPermissionTypeStatus: no inject permission for { uid=10007, packageName=com.google.android.gms }. Returned permission was: PACKAGE_NOT_WHITELISTED for context name=POWER_CONNECTION, account=account#-517948760#
04-13 16:45:43.496  1799  1799 E ctxmgr  : [PowerConnectionProducer]Could not write powerInfo=Plug state: 2 BatteryLevel: 0.55, status=Status{statusCode=unknown status code: 7503, resolution=null}
04-13 16:45:53.495 14183 14183 I chromium: [INFO:CONSOLE(26)] "No Content-Security-Policy meta tag found. Please add one when using the cordova-plugin-whitelist plugin.", source: file:///android_asset/www/plugins/cordova-plugin-whitelist/whitelist.js (26)
04-13 16:45:59.217  1799 11485 I GCM     : GCM message com.google.android.googlequicksearchbox 0:1460576861797297%8b460216f9fd7ecd
04-13 16:45:59.297  1799  1849 W GCoreFlp: No location to return for getLastLocation()
04-13 16:45:59.313  1799  1864 W GeofencerStateMachine: Ignoring removeGeofence because network location is disabled.
04-13 16:45:59.314 12141 14922 E GeofenceHelper: Failed: remove geofences by PendingIntent
04-13 16:45:59.331 12141 14922 W LocationOracle: Best location was null
04-13 16:46:03.497 14183 14183 I chromium: [INFO:CONSOLE(26)] "No Content-Security-Policy meta tag found. Please add one when using the cordova-plugin-whitelist plugin.", source: file:///android_asset/www/plugins/cordova-plugin-whitelist/whitelist.js (26)
04-13 16:46:11.607  1799 11485 I GCM     : GCM message com.whatsapp 0:1460576873141033%a3bffb5f00000031
04-13 16:46:12.821   919   919 D PhoneStatusBar: disable: < expand ICONS* alerts SYSTEM_INFO* back home recent clock search quick_settings >
04-13 16:46:12.860   203 14975 D NuPlayerDriver: notifyListener_l(0xb2874060), (1, 0, 0)
04-13 16:46:12.860   919 14971 D MediaPlayer: setSubtitleAnchor in MediaPlayer
04-13 16:46:12.863   779   789 I MediaFocusControl:  AudioFocus  requestAudioFocus() from android.media.AudioManager@ad14968 req=3flags=0x0
04-13 16:46:12.864   203   203 D NuPlayerDriver: start(0xb2874060), state is 4, eos is 0
04-13 16:46:12.864   203 14975 I GenericSource: start
04-13 16:46:12.864   203   818 D NuPlayerDriver: reset(0xb2874360)
04-13 16:46:12.864   203   818 D NuPlayerDriver: notifyListener_l(0xb2874360), (8, 0, 0)
04-13 16:46:12.868   203 13558 W AMessage: failed to post message as target looper for handler 0 is gone.
04-13 16:46:12.869   203 13558 D NuPlayerDriver: notifyResetComplete(0xb2874360)
04-13 16:46:12.872   203 14980 E OMXNodeInstance: setConfig(34:google.vorbis.decoder, ConfigPriority(0x6f800002)) ERROR: Undefined(0x80001001)
04-13 16:46:12.872   203 14980 I ACodec  : codec does not support config priority (err -2147483648)
04-13 16:46:12.873   203 14980 I MediaCodec: MediaCodec will operate in async mode
04-13 16:46:12.885   203   811 D audio_hw_primary: out_set_parameters: enter: usecase(1: low-latency-playback) kvpairs: routing=2
04-13 16:46:12.885   203 14975 D NuPlayerDriver: notifyListener_l(0xb2874060), (6, 0, 0)
04-13 16:46:12.895   203   811 D audio_hw_primary: select_devices: out_snd_device(2: speaker) in_snd_device(0: none)
04-13 16:46:12.895   203   811 D msm8974_platform: platform_send_audio_calibration: sending audio calibration for snd_device(2) acdb_id(15)
04-13 16:46:12.895   203   811 D audio_hw_primary: enable_snd_device: snd_device(2: speaker)
04-13 16:46:12.898   203   811 D audio_hw_primary: enable_audio_route: apply and update mixer path: low-latency-playback
04-13 16:46:13.411   203 14979 I NuPlayerDecoder: [audio] saw output EOS
04-13 16:46:13.493 14183 14183 I chromium: [INFO:CONSOLE(26)] "No Content-Security-Policy meta tag found. Please add one when using the cordova-plugin-whitelist plugin.", source: file:///android_asset/www/plugins/cordova-plugin-whitelist/whitelist.js (26)
04-13 16:46:13.819   203 14975 D NuPlayerDriver: notifyListener_l(0xb2874060), (2, 0, 0)
04-13 16:46:13.819   779  1323 I MediaFocusControl:  AudioFocus  abandonAudioFocus() from android.media.AudioManager@ad14968
04-13 16:46:16.810   203   811 D audio_hw_primary: disable_audio_route: reset and update mixer path: low-latency-playback
04-13 16:46:16.810   203   811 D audio_hw_primary: disable_snd_device: snd_device(2: speaker)
04-13 16:46:18.796   919   919 D PhoneStatusBar: disable: < expand icons* alerts system_info* back home recent clock search quick_settings >
04-13 16:46:23.495 14183 14183 I chromium: [INFO:CONSOLE(26)] "No Content-Security-Policy meta tag found. Please add one when using the cordova-plugin-whitelist plugin.", source: file:///android_asset/www/plugins/cordova-plugin-whitelist/whitelist.js (26)
04-13 16:46:33.495 14183 14183 I chromium: [INFO:CONSOLE(26)] "No Content-Security-Policy meta tag found. Please add one when using the cordova-plugin-whitelist plugin.", source: file:///android_asset/www/plugins/cordova-plugin-whitelist/whitelist.js (26)
04-13 16:46:38.781   919   919 D PhoneStatusBar: disable: < expand ICONS* alerts SYSTEM_INFO* back home recent clock search quick_settings >
04-13 16:46:38.782   203  5031 D NuPlayerDriver: stop(0xb2874060)
04-13 16:46:38.782   203  5031 D NuPlayerDriver: notifyListener_l(0xb2874060), (8, 0, 0)
04-13 16:46:38.782   203   818 D NuPlayerDriver: reset(0xb2874060)
04-13 16:46:38.783   919  7139 W MessageQueue: Handler (android.media.MediaPlayer$EventHandler) {501dab2} sending message to a Handler on a dead thread
04-13 16:46:38.783   919  7139 W MessageQueue: java.lang.IllegalStateException: Handler (android.media.MediaPlayer$EventHandler) {501dab2} sending message to a Handler on a dead thread
04-13 16:46:38.783   919  7139 W MessageQueue: 	at android.os.MessageQueue.enqueueMessage(MessageQueue.java:543)
04-13 16:46:38.783   919  7139 W MessageQueue: 	at android.os.Handler.enqueueMessage(Handler.java:631)
04-13 16:46:38.783   919  7139 W MessageQueue: 	at android.os.Handler.sendMessageAtTime(Handler.java:600)
04-13 16:46:38.783   919  7139 W MessageQueue: 	at android.os.Handler.sendMessageDelayed(Handler.java:570)
04-13 16:46:38.783   919  7139 W MessageQueue: 	at android.os.Handler.sendMessage(Handler.java:507)
04-13 16:46:38.783   919  7139 W MessageQueue: 	at android.media.MediaPlayer.postEventFromNative(MediaPlayer.java:2988)
04-13 16:46:38.785   203 14975 W AMessage: failed to post message as target looper for handler 0 is gone.
04-13 16:46:38.785   203 14975 D NuPlayerDriver: notifyResetComplete(0xb2874060)
04-13 16:46:39.692   919   919 D StatusBar: Clicked on content of 0|com.whatsapp|1|null|10081
04-13 16:46:39.697   779  1567 I ActivityManager: START u0 {cmp=com.whatsapp/.HomeActivity} from uid 10081 on display 0
04-13 16:46:39.697   779  1567 W ActivityManager: startActivity called from non-Activity context; forcing Intent.FLAG_ACTIVITY_NEW_TASK for: Intent { cmp=com.whatsapp/.HomeActivity }
04-13 16:46:39.702   203   811 D audio_hw_primary: out_set_parameters: enter: usecase(1: low-latency-playback) kvpairs: routing=2
04-13 16:46:39.712   203   811 D audio_hw_primary: select_devices: out_snd_device(2: speaker) in_snd_device(0: none)
04-13 16:46:39.712   203   811 D msm8974_platform: platform_send_audio_calibration: sending audio calibration for snd_device(2) acdb_id(15)
04-13 16:46:39.712   203   811 D audio_hw_primary: enable_snd_device: snd_device(2: speaker)
04-13 16:46:39.716   203   811 D audio_hw_primary: enable_audio_route: apply and update mixer path: low-latency-playback
04-13 16:46:39.835   779   788 I art     : Background partial concurrent mark sweep GC freed 5646(370KB) AllocSpace objects, 0(0B) LOS objects, 32% free, 32MB/48MB, paused 3.647ms total 116.417ms
04-13 16:46:39.924 12006 12006 E SpannableStringBuilder: SPAN_EXCLUSIVE_EXCLUSIVE spans cannot have a zero length
04-13 16:46:39.925 12006 12006 E SpannableStringBuilder: SPAN_EXCLUSIVE_EXCLUSIVE spans cannot have a zero length
04-13 16:46:39.928 12006 12006 E SpannableStringBuilder: SPAN_EXCLUSIVE_EXCLUSIVE spans cannot have a zero length
04-13 16:46:39.928 12006 12006 E SpannableStringBuilder: SPAN_EXCLUSIVE_EXCLUSIVE spans cannot have a zero length
04-13 16:46:40.181   919   919 D PhoneStatusBar: disable: < expand icons* alerts system_info* back home recent clock search quick_settings >
04-13 16:46:41.710   779  1316 I ActivityManager: START u0 {flg=0x14000000 cmp=com.whatsapp/.Conversation (has extras)} from uid 10081 on display 0
04-13 16:46:41.723   203   811 D audio_hw_primary: out_set_parameters: enter: usecase(1: low-latency-playback) kvpairs: routing=2
04-13 16:46:41.747 12006 12006 I AppCompatViewInflater: app:theme is now deprecated. Please move to using android:theme instead.
04-13 16:46:41.757   203   811 D AudioFlinger: mixer(0xb4140000) throttle end: throttle time(7)
04-13 16:46:42.566 12006 12006 I Choreographer: Skipped 49 frames!  The application may be doing too much work on its main thread.
04-13 16:46:42.584   779  1323 I ActivityManager: Start proc 15035:com.google.android.inputmethod.latin/u0a54 for service com.google.android.inputmethod.latin/com.android.inputmethod.latin.spellcheck.AndroidSpellCheckerService
04-13 16:46:42.650 15035 15035 I Decoder : createOrResetDecoder
04-13 16:46:42.651 15035 15035 I Decoder : createOrResetDecoder
04-13 16:46:42.911   779   800 I ActivityManager: Displayed com.whatsapp/.Conversation: +1s183ms
04-13 16:46:42.986 12006 12006 E SpannableStringBuilder: SPAN_EXCLUSIVE_EXCLUSIVE spans cannot have a zero length
04-13 16:46:42.986 12006 12006 E SpannableStringBuilder: SPAN_EXCLUSIVE_EXCLUSIVE spans cannot have a zero length
04-13 16:46:43.634 14183 14183 I chromium: [INFO:CONSOLE(26)] "No Content-Security-Policy meta tag found. Please add one when using the cordova-plugin-whitelist plugin.", source: file:///android_asset/www/plugins/cordova-plugin-whitelist/whitelist.js (26)
04-13 16:46:43.793   203   811 D audio_hw_primary: out_set_parameters: enter: usecase(1: low-latency-playback) kvpairs: routing=2
04-13 16:46:43.815 12006 12006 E SpannableStringBuilder: SPAN_EXCLUSIVE_EXCLUSIVE spans cannot have a zero length
04-13 16:46:43.816 12006 12006 E SpannableStringBuilder: SPAN_EXCLUSIVE_EXCLUSIVE spans cannot have a zero length
04-13 16:46:43.832  1258 15052 I Adreno-EGL: <qeglDrvAPI_eglInitialize:379>: QUALCOMM Build: 10/21/15, 369a2ea, I96aee987eb
04-13 16:46:45.653 15035 15046 I Spelling.Facilitator: resetDictionaries() : es
04-13 16:46:45.653 15035 15046 I Spelling.Personal: create()
04-13 16:46:45.656 15035 15071 I Spelling.Facilitator.DecoderInitializer: run()
04-13 16:46:45.656 15035 15071 I Decoder : createOrResetDecoder
04-13 16:46:45.682 12006 12006 E SpannableStringBuilder: SPAN_EXCLUSIVE_EXCLUSIVE spans cannot have a zero length
04-13 16:46:45.682 12006 12006 E SpannableStringBuilder: SPAN_EXCLUSIVE_EXCLUSIVE spans cannot have a zero length
04-13 16:46:45.690  1799  1799 I ConfigService: onCreate
04-13 16:46:45.739 15035 15071 I Spelling.Facilitator.MainLanguageModelLoader: run()
04-13 16:46:45.775 15035 15071 I Spelling.Facilitator.MainLanguageModelLoader: loadStaticLm() : Loading File = /data/user/0/com.google.android.inputmethod.latin/files/dicts/es/main%00003aes (offset=0, length=5125048) with up to date LoudsLmContentVersion = 20160112
04-13 16:46:45.779 15035 15071 I Spelling.Facilitator.DynamicLanguageModelLoader: run()
04-13 16:46:45.779 15035 15071 I Spelling.Facilitator.DynamicLanguageModelLoader: run() : Loading LM = contacts
04-13 16:46:45.790 15035 15071 I Spelling.Facilitator.DynamicLanguageModelLoader: run() : Loaded File = Contacts.dict
04-13 16:46:45.790 15035 15071 I Spelling.Facilitator.DynamicLanguageModelLoader: run() : Loading LM = user
04-13 16:46:45.792 15035 15071 I Spelling.Facilitator.DynamicLanguageModelLoader: run() : Loaded File = Personal.es.dict
04-13 16:46:45.793 15035 15071 I Spelling.Facilitator.PersonalDictionaryLoader: run() : Loading Personal Dictionary
04-13 16:46:45.793 15035 15071 I Spelling.Personal: open()
04-13 16:46:45.793 15035 15071 I Spelling.Personal: loadPersonalDictionary() : Start Loading
04-13 16:46:45.803 15035 15071 I Spelling.Personal: loadPersonalDictionary() : Loaded 121 words and 0 shortcuts
04-13 16:46:46.135 12006 12006 E SpannableStringBuilder: SPAN_EXCLUSIVE_EXCLUSIVE spans cannot have a zero length
04-13 16:46:46.135 12006 12006 E SpannableStringBuilder: SPAN_EXCLUSIVE_EXCLUSIVE spans cannot have a zero length
04-13 16:46:46.940 12006 12006 E SpannableStringBuilder: SPAN_EXCLUSIVE_EXCLUSIVE spans cannot have a zero length
04-13 16:46:46.940 12006 12006 E SpannableStringBuilder: SPAN_EXCLUSIVE_EXCLUSIVE spans cannot have a zero length
04-13 16:46:46.950   203   811 D audio_hw_primary: disable_audio_route: reset and update mixer path: low-latency-playback
04-13 16:46:46.950   203   811 D audio_hw_primary: disable_snd_device: snd_device(2: speaker)
04-13 16:46:48.567   203   811 D audio_hw_primary: out_set_parameters: enter: usecase(1: low-latency-playback) kvpairs: routing=2
04-13 16:46:48.578   203   811 D audio_hw_primary: select_devices: out_snd_device(2: speaker) in_snd_device(0: none)
04-13 16:46:48.578   203   811 D msm8974_platform: platform_send_audio_calibration: sending audio calibration for snd_device(2) acdb_id(15)
04-13 16:46:48.578   203   811 D audio_hw_primary: enable_snd_device: snd_device(2: speaker)
04-13 16:46:48.579   203   811 D audio_hw_primary: enable_audio_route: apply and update mixer path: low-latency-playback
04-13 16:46:48.649 12006 12006 E SpannableStringBuilder: SPAN_EXCLUSIVE_EXCLUSIVE spans cannot have a zero length
04-13 16:46:48.649 12006 12006 E SpannableStringBuilder: SPAN_EXCLUSIVE_EXCLUSIVE spans cannot have a zero length
04-13 16:46:48.663 12006 12006 E SpannableStringBuilder: SPAN_EXCLUSIVE_EXCLUSIVE spans cannot have a zero length
04-13 16:46:48.663 12006 12006 E SpannableStringBuilder: SPAN_EXCLUSIVE_EXCLUSIVE spans cannot have a zero length
04-13 16:46:48.697  1258 15097 I Adreno-EGL: <qeglDrvAPI_eglInitialize:379>: QUALCOMM Build: 10/21/15, 369a2ea, I96aee987eb
04-13 16:46:48.706 12006 12006 E SpannableStringBuilder: SPAN_EXCLUSIVE_EXCLUSIVE spans cannot have a zero length
04-13 16:46:48.706 12006 12006 E SpannableStringBuilder: SPAN_EXCLUSIVE_EXCLUSIVE spans cannot have a zero length
04-13 16:46:48.725 12006 12014 I art     : Background sticky concurrent mark sweep GC freed 98826(5MB) AllocSpace objects, 3(80KB) LOS objects, 15% free, 33MB/39MB, paused 1.101ms total 111.596ms
04-13 16:46:49.211 12006 12006 E SpannableStringBuilder: SPAN_EXCLUSIVE_EXCLUSIVE spans cannot have a zero length
04-13 16:46:49.211 12006 12006 E SpannableStringBuilder: SPAN_EXCLUSIVE_EXCLUSIVE spans cannot have a zero length
04-13 16:46:49.465   203 15119 D NuPlayerDriver: notifyListener_l(0xb28743c0), (1, 0, 0)
04-13 16:46:49.466 12006 15118 D MediaPlayer: setSubtitleAnchor in MediaPlayer
04-13 16:46:49.478   203   818 D NuPlayerDriver: start(0xb28743c0), state is 4, eos is 0
04-13 16:46:49.478   203 15119 I GenericSource: start
04-13 16:46:49.487   203 15124 E OMXNodeInstance: setConfig(35:google.aac.decoder, ConfigPriority(0x6f800002)) ERROR: Undefined(0x80001001)
04-13 16:46:49.488   203 15124 I ACodec  : codec does not support config priority (err -2147483648)
04-13 16:46:49.488   203 15124 I MediaCodec: MediaCodec will operate in async mode
04-13 16:46:49.490   203 15125 I SoftAAC2: Reconfiguring decoder: 0->44100 Hz, 0->1 channels
04-13 16:46:49.505   203   811 D audio_hw_primary: out_set_parameters: enter: usecase(1: low-latency-playback) kvpairs: routing=2
04-13 16:46:49.505   203 15119 D NuPlayerDriver: notifyListener_l(0xb28743c0), (6, 0, 0)
04-13 16:46:49.505   203 15123 I NuPlayerDecoder: [audio] saw output EOS
04-13 16:46:49.538   203   811 D AudioFlinger: mixer(0xb4140000) throttle end: throttle time(7)
04-13 16:46:49.546   203 15119 D NuPlayerDriver: notifyListener_l(0xb28743c0), (2, 0, 0)
04-13 16:46:49.663 12006 12006 E SpannableStringBuilder: SPAN_EXCLUSIVE_EXCLUSIVE spans cannot have a zero length
04-13 16:46:49.663 12006 12006 E SpannableStringBuilder: SPAN_EXCLUSIVE_EXCLUSIVE spans cannot have a zero length
04-13 16:46:50.290 12006 12006 E SpannableStringBuilder: SPAN_EXCLUSIVE_EXCLUSIVE spans cannot have a zero length
04-13 16:46:50.290 12006 12006 E SpannableStringBuilder: SPAN_EXCLUSIVE_EXCLUSIVE spans cannot have a zero length
04-13 16:46:50.725 12006 12006 E SpannableStringBuilder: SPAN_EXCLUSIVE_EXCLUSIVE spans cannot have a zero length
04-13 16:46:50.725 12006 12006 E SpannableStringBuilder: SPAN_EXCLUSIVE_EXCLUSIVE spans cannot have a zero length
04-13 16:46:50.769  1799  1799 I ConfigService: onDestroy
04-13 16:46:51.722 12006 12006 E SpannableStringBuilder: SPAN_EXCLUSIVE_EXCLUSIVE spans cannot have a zero length
04-13 16:46:51.722 12006 12006 E SpannableStringBuilder: SPAN_EXCLUSIVE_EXCLUSIVE spans cannot have a zero length
04-13 16:46:52.428 12006 12006 E SpannableStringBuilder: SPAN_EXCLUSIVE_EXCLUSIVE spans cannot have a zero length
04-13 16:46:52.428 12006 12006 E SpannableStringBuilder: SPAN_EXCLUSIVE_EXCLUSIVE spans cannot have a zero length
04-13 16:46:52.592   203   811 D audio_hw_primary: disable_audio_route: reset and update mixer path: low-latency-playback
04-13 16:46:52.592   203   811 D audio_hw_primary: disable_snd_device: snd_device(2: speaker)
04-13 16:46:53.158 12006 12006 E SpannableStringBuilder: SPAN_EXCLUSIVE_EXCLUSIVE spans cannot have a zero length
04-13 16:46:53.158 12006 12006 E SpannableStringBuilder: SPAN_EXCLUSIVE_EXCLUSIVE spans cannot have a zero length
04-13 16:46:53.191 12006 12006 E SpannableStringBuilder: SPAN_EXCLUSIVE_EXCLUSIVE spans cannot have a zero length
04-13 16:46:53.191 12006 12006 E SpannableStringBuilder: SPAN_EXCLUSIVE_EXCLUSIVE spans cannot have a zero length
04-13 16:46:53.554 12006 12006 E SpannableStringBuilder: SPAN_EXCLUSIVE_EXCLUSIVE spans cannot have a zero length
04-13 16:46:53.554 12006 12006 E SpannableStringBuilder: SPAN_EXCLUSIVE_EXCLUSIVE spans cannot have a zero length
04-13 16:46:53.648 14183 14183 I chromium: [INFO:CONSOLE(26)] "No Content-Security-Policy meta tag found. Please add one when using the cordova-plugin-whitelist plugin.", source: file:///android_asset/www/plugins/cordova-plugin-whitelist/whitelist.js (26)
