04-13 14:35:03.580   779  1323 I ActivityManager: Killing 2440:com.android.providers.calendar/u0a1 (adj 15): empty #17
04-13 14:35:03.679   779  1323 I ActivityManager: Start proc 2989:com.evernote.skitch/u0a139 for broadcast com.evernote.skitch/.app.receivers.ConnectivityChangedReceiver
04-13 14:35:03.680   779  1323 I ActivityManager: Killing 2459:com.facebook.orca/u0a75 (adj 15): empty #17
04-13 14:35:04.177   779  1339 I ActivityManager: Start proc 3020:com.twitter.android/u0a90 for broadcast com.twitter.android/.alerts.receivers.ConnectivityChangedReceiver
04-13 14:35:04.178   779  1339 I ActivityManager: Killing 2412:com.google.android.calendar/u0a28 (adj 15): empty #17
04-13 14:35:05.663   779   792 I ActivityManager: Waited long enough for: ServiceRecord{340bb9b u0 com.android.providers.media/.MediaScannerService}
04-13 14:35:05.859   779  1316 W ActivityManager: Unable to start service Intent { act=com.twitter.intent.action.GET_OEM cmp=com.twitter.twitteroemhelper/.OemHelperService } U=0: not found
04-13 14:35:05.886   779  1323 I ActivityManager: Start proc 3096:com.android.chrome/u0a31 for service com.android.chrome/org.chromium.chrome.browser.customtabs.CustomTabsConnectionService
04-13 14:35:05.935   779   790 I ActivityManager: Start proc 3116:com.mapswithme.maps.pro/u0a167 for broadcast com.mapswithme.maps.pro/com.mapswithme.maps.background.ConnectivityChangedReceiver
04-13 14:35:06.341   779  1568 I ActivityManager: Killing 2490:com.anydo.cal/u0a97 (adj 15): empty #17
04-13 14:35:06.463   779  1011 I ActivityManager: Killing 1060:com.android.settings/1000 (adj 15): empty #17
04-13 14:35:06.471   779   884 D WifiService: Client connection lost with reason: 4
04-13 14:35:06.605  3116  3155 W ActivityThread: ClassLoader.loadClass: The class loader returned by Thread.getContextClassLoader() may fail for processes that host multiple applications. You should explicitly specify a context class loader. For example: Thread.setContextClassLoader(getClass().getClassLoader());
04-13 14:35:06.680   779   789 I ActivityManager: Killing 2308:com.google.android.apps.messaging/u0a138 (adj 15): empty #17
04-13 14:35:06.893   779  1567 I ActivityManager: Start proc 3170:com.android.cellbroadcastreceiver/u0a29 for broadcast com.android.cellbroadcastreceiver/.CellBroadcastReceiver
04-13 14:35:06.948   779  2425 I ActivityManager: Start proc 3184:com.google.android.music:main/u0a58 for broadcast com.google.android.music/.store.MediaStoreImportService$Receiver
04-13 14:35:06.949   779  2425 I ActivityManager: Killing 2579:com.anydo/u0a97 (adj 15): empty #17
04-13 14:35:07.476  3184  3184 W ActivityThread: ClassLoader.loadClass: The class loader returned by Thread.getContextClassLoader() may fail for processes that host multiple applications. You should explicitly specify a context class loader. For example: Thread.setContextClassLoader(getClass().getClassLoader());
04-13 14:35:07.782   779   948 I ActivityManager: Start proc 3222:droom.sleepIfUCan/u0a104 for broadcast droom.sleepIfUCan/.internal.AlarmInitReceiver
04-13 14:35:07.786   779  3220 I BootReceiver: Copying /proc/last_kmsg to DropBox (SYSTEM_LAST_KMSG)
04-13 14:35:07.796   779   792 I ActivityManager: Waited long enough for: ServiceRecord{99b13a4 u0 com.whatsapp/.ExternalMediaManager}
04-13 14:35:07.823   779  3220 I BootReceiver: Copying audit failures to DropBox
04-13 14:35:07.826   779  3220 I BootReceiver: Copied 518 worth of audits to DropBox
04-13 14:35:07.829   779  3218 I ActivityManager: Start proc 3243:com.android.keychain/1000 for service com.android.keychain/.KeyChainService
04-13 14:35:07.836   779  3220 I BootReceiver: Checking for fsck errors
04-13 14:35:07.898   779   948 I ActivityManager: Killing 2685:com.google.android.apps.magazines/u0a56 (adj 15): empty #17
04-13 14:35:07.984   779   948 I ActivityManager: Killing 2649:com.google.android.setupwizard/u0a16 (adj 15): empty #18
04-13 14:35:08.093  1443  3273 E ActivityThread: Failed to find provider info for com.android.contacts.metadata
04-13 14:35:08.127  1443  3279 E ActivityThread: Failed to find provider info for com.android.contacts.metadata
04-13 14:35:08.228   779  1011 I ActivityManager: Killing 2743:com.google.android.apps.plus/u0a63 (adj 15): empty #17
04-13 14:35:08.295   779  1316 D ConnectivityService: listenForNetwork for Listen from uid/pid:10007/1443 for NetworkRequest [ id=5, legacyType=-1, [ Capabilities: INTERNET&NOT_RESTRICTED&TRUSTED&NOT_VPN] ]
04-13 14:35:08.390   779  1339 I ActivityManager: Start proc 3293:com.facebook.orca/u0a75 for broadcast com.facebook.orca/com.facebook.messaging.chatheads.service.ChatHeadsBooter
04-13 14:35:09.481   779   789 I ActivityManager: Start proc 3363:com.google.android.dialer/u0a8 for broadcast com.google.android.dialer/com.android.dialer.calllog.CallLogReceiver
04-13 14:35:09.523   779  1316 D ConnectivityService: listenForNetwork for Listen from uid/pid:10171/2847 for NetworkRequest [ id=6, legacyType=-1, [ Capabilities: INTERNET&NOT_RESTRICTED&TRUSTED&NOT_VPN] ]
04-13 14:35:09.548   779  1339 I ActivityManager: Killing 2771:com.google.android.apps.photos/u0a98 (adj 15): empty #17
04-13 14:35:09.822   779   779 I ActivityManager: Start proc 3413:com.google.android.marvin.talkback/u0a23 for broadcast com.google.android.marvin.talkback/com.android.talkback.BootReceiver
04-13 14:35:09.920   779  1336 I ActivityManager: Start proc 3427:com.anydo/u0a97 for broadcast com.anydo/.service.PeriodicServiceStartupReceiver
04-13 14:35:09.920   779  1336 I ActivityManager: Killing 2392:com.puntoexe.ute/u0a111 (adj 15): empty #17
04-13 14:35:10.648   779   789 I ActivityManager: Start proc 3468:com.android.providers.calendar/u0a1 for broadcast com.android.providers.calendar/.CalendarReceiver
04-13 14:35:10.650   779   789 I ActivityManager: Killing 2807:com.adobe.reader/u0a86 (adj 15): empty #17
04-13 14:35:10.753   779  1336 I ActivityManager: Start proc 3485:com.google.android.onetimeinitializer/u0a10 for broadcast com.google.android.onetimeinitializer/.OneTimeInitializerReceiver
04-13 14:35:10.807   779   789 I ActivityManager: Start proc 3497:com.google.android.partnersetup/u0a11 for broadcast com.google.android.partnersetup/.GooglePartnerSetup
04-13 14:35:10.813   779  1323 I ActivityManager: Killing 2826:com.android.vending/u0a14 (adj 15): empty #17
04-13 14:35:10.928   779   790 I ActivityManager: Start proc 3518:com.android.managedprovisioning/u0a80 for broadcast com.android.managedprovisioning/.BootReminder
04-13 14:35:11.044   779   789 I ActivityManager: Start proc 3538:com.google.android.configupdater/u0a2 for broadcast com.google.android.configupdater/.CertPin.CertPinUpdateRequestReceiver
04-13 14:35:11.141   779  1336 I ActivityManager: Killing 2847:com.instagram.android/u0a171 (adj 15): empty #17
04-13 14:35:11.157   779  1323 D ConnectivityService: ConnectivityService NetworkRequestInfo binderDied(NetworkRequest [ id=6, legacyType=-1, [ Capabilities: INTERNET&NOT_RESTRICTED&TRUSTED&NOT_VPN] ], android.os.BinderProxy@f760b16)
04-13 14:35:11.157   779   885 D ConnectivityService: releasing NetworkRequest NetworkRequest [ id=6, legacyType=-1, [ Capabilities: INTERNET&NOT_RESTRICTED&TRUSTED&NOT_VPN] ]
04-13 14:35:11.158   779   885 E ConnectivityService: RemoteException caught trying to send a callback msg for NetworkRequest [ id=6, legacyType=-1, [ Capabilities: INTERNET&NOT_RESTRICTED&TRUSTED&NOT_VPN] ]
04-13 14:35:11.277   779  2425 I ActivityManager: Killing 2936:com.studiosol.cifraclub/u0a107 (adj 15): empty #17
04-13 14:35:11.330   779   790 I ActivityManager: Killing 2989:com.evernote.skitch/u0a139 (adj 15): empty #17
04-13 14:35:11.377   779   948 I ActivityManager: Start proc 3574:com.lge.SprintHiddenMenu/1000 for broadcast com.lge.SprintHiddenMenu/.sprintspec.data.UaproflieSettingReceiver
04-13 14:35:11.438   779  1323 I ActivityManager: Start proc 3590:com.google.process.gapps/u0a132 for broadcast com.google.android.syncadapters.contacts/.ContactsSyncAdapterBroadcastReceiver
04-13 14:35:11.439   779  1323 I ActivityManager: Killing 3096:com.android.chrome/u0a31 (adj 15): empty #17
04-13 14:35:11.487   779   948 W ActivityManager: Scheduling restart of crashed service com.android.chrome/org.chromium.chrome.browser.customtabs.CustomTabsConnectionService in 1000ms
04-13 14:35:11.556   779  1316 I ActivityManager: Start proc 3608:com.qualcomm.qcrilmsgtunnel/1001 for broadcast com.qualcomm.qcrilmsgtunnel/.QcrilMsgTunnelAutoboot
04-13 14:35:11.599   779  1567 I ActivityManager: Killing 3020:com.twitter.android/u0a90 (adj 15): empty #17
04-13 14:35:11.649   779  1336 I ActivityManager: Start proc 3624:com.google.android.gm/u0a41 for broadcast com.google.android.gm/.GoogleMailDeviceStartupReceiver
04-13 14:35:11.768   779   789 I ActivityManager: Killing 3116:com.mapswithme.maps.pro/u0a167 (adj 15): empty #17
04-13 14:35:11.852  3624  3639 D ActivityThread: Loading provider com.google.android.gmail.provider;com.android.mail.notifier;com.google.android.gm.email.provider;com.google.android.gm.email.notifier: com.android.email.provider.EmailProvider
04-13 14:35:12.059   779   789 I ActivityManager: Start proc 3652:com.google.android.gm.exchange/u0a103 for service com.google.android.gm.exchange/com.android.exchange.service.EasService
04-13 14:35:12.061   779  2425 W ActivityManager: Unable to start service Intent { cmp=com.google.android.gm/com.android.email.service.AttachmentService } U=0: not found
04-13 14:35:12.105   779  1339 I ActivityManager: Start proc 3670:com.android.vending/u0a14 for broadcast com.android.vending/com.google.android.finsky.receivers.BootCompletedReceiver
04-13 14:35:12.137  3624  3624 E ActivityThread: Service com.android.email.service.EmailBroadcastProcessorService has leaked ServiceConnection bdy@86a195b that was originally bound here
04-13 14:35:12.137  3624  3624 E ActivityThread: android.app.ServiceConnectionLeaked: Service com.android.email.service.EmailBroadcastProcessorService has leaked ServiceConnection bdy@86a195b that was originally bound here
04-13 14:35:12.137  3624  3624 E ActivityThread: 	at android.app.LoadedApk$ServiceDispatcher.<init>(LoadedApk.java:1092)
04-13 14:35:12.137  3624  3624 E ActivityThread: 	at android.app.LoadedApk.getServiceDispatcher(LoadedApk.java:986)
04-13 14:35:12.137  3624  3624 E ActivityThread: 	at android.app.ContextImpl.bindServiceCommon(ContextImpl.java:1303)
04-13 14:35:12.137  3624  3624 E ActivityThread: 	at android.app.ContextImpl.bindService(ContextImpl.java:1286)
04-13 14:35:12.137  3624  3624 E ActivityThread: 	at android.content.ContextWrapper.bindService(ContextWrapper.java:604)
04-13 14:35:12.137  3624  3624 E ActivityThread: 	at bdw.a(SourceFile:243)
04-13 14:35:12.137  3624  3624 E ActivityThread: 	at bdw.d(SourceFile:286)
04-13 14:35:12.137  3624  3624 E ActivityThread: 	at ayi.c(SourceFile:177)
04-13 14:35:12.137  3624  3624 E ActivityThread: 	at awj.a(SourceFile:201)
04-13 14:35:12.137  3624  3624 E ActivityThread: 	at awj.a(SourceFile:145)
04-13 14:35:12.137  3624  3624 E ActivityThread: 	at com.android.email.service.EmailBroadcastProcessorService.c(SourceFile:343)
04-13 14:35:12.137  3624  3624 E ActivityThread: 	at com.android.email.service.EmailBroadcastProcessorService.onHandleIntent(SourceFile:1328)
04-13 14:35:12.137  3624  3624 E ActivityThread: 	at android.app.IntentService$ServiceHandler.handleMessage(IntentService.java:66)
04-13 14:35:12.137  3624  3624 E ActivityThread: 	at android.os.Handler.dispatchMessage(Handler.java:102)
04-13 14:35:12.137  3624  3624 E ActivityThread: 	at android.os.Looper.loop(Looper.java:148)
04-13 14:35:12.137  3624  3624 E ActivityThread: 	at android.os.HandlerThread.run(HandlerThread.java:61)
04-13 14:35:12.353   779   948 I ActivityManager: Killing 3170:com.android.cellbroadcastreceiver/u0a29 (adj 15): empty #17
04-13 14:35:12.501   779  1316 I ActivityManager: Killing 3222:droom.sleepIfUCan/u0a104 (adj 15): empty #17
04-13 14:35:12.551   779  1323 I ActivityManager: Killing 3184:com.google.android.music:main/u0a58 (adj 15): empty #17
04-13 14:35:13.175   779   948 I ActivityManager: Start proc 3761:com.google.android.youtube/u0a71 for broadcast com.google.android.youtube/com.google.android.libraries.youtube.upload.service.UploadService$BootReceiver
04-13 14:35:13.215   779   792 I ActivityManager: Waited long enough for: ServiceRecord{38e7feb u0 com.alarmclock.xtreme.free/com.anglelabs.alarmclock.redesign.app.AlarmClockTKService}
04-13 14:35:13.235  1443  3728 E ActivityThread: Failed to find provider info for com.google.android.wearable.settings
04-13 14:35:13.646   779   792 W BroadcastQueue: Permission Denial: broadcasting Intent { act=android.net.conn.CONNECTIVITY_CHANGE flg=0x4000010 (has extras) } from null (pid=-1, uid=-1) requires com.facebook.permission.prod.FB_APP_COMMUNICATION due to registered receiver BroadcastFilter{12e7e79 u0 ReceiverList{5599f40 3293 com.facebook.orca/10075/u0 remote:3433ac3}}
04-13 14:35:13.686   779  1316 I ActivityManager: Start proc 3796:com.google.android.gms.unstable/u0a7 for service com.google.android.gms/.droidguard.DroidGuardService
04-13 14:35:14.483   779  1316 I ActivityManager: Start proc 3875:com.google.android.keep/u0a52 for broadcast com.google.android.keep/.notification.AlertReceiver
04-13 14:35:14.616   779   790 I ActivityManager: Killing 3243:com.android.keychain/1000 (adj 15): empty #17
04-13 14:35:14.862   779  1567 W BroadcastQueue: Permission Denial: receiving Intent { act=android.intent.action.BOOT_COMPLETED flg=0x8000010 (has extras) } to com.google.android.apps.magazines/com.google.android.libraries.social.notifications.impl.BootCompletedReceiver requires android.permission.RECEIVE_BOOT_COMPLETED due to sender null (uid 1000)
04-13 14:35:14.877   779   792 I ActivityManager: Start proc 3915:com.google.android.calendar/u0a28 for broadcast com.google.android.calendar/com.android.calendar.alerts.AlertReceiver
04-13 14:35:15.127   779   790 I ActivityManager: Start proc 3946:com.google.android.talk/u0a51 for broadcast com.google.android.talk/com.google.android.apps.hangouts.service.BootReceiver
04-13 14:35:15.141   779  1323 I ActivityManager: Killing 3363:com.google.android.dialer/u0a8 (adj 15): empty #17
04-13 14:35:15.499   779   792 W BroadcastQueue: Permission Denial: broadcasting Intent { act=android.net.conn.CONNECTIVITY_CHANGE flg=0x4000010 (has extras) } from null (pid=-1, uid=-1) requires com.facebook.permission.prod.FB_APP_COMMUNICATION due to registered receiver BroadcastFilter{cb64492 u0 ReceiverList{ad4ba1d 3293 com.facebook.orca/10075/u0 remote:e32b2f4}}
04-13 14:35:16.371   779  1568 I ActivityManager: Start proc 4010:com.google.android.apps.maps/u0a57 for broadcast com.google.android.apps.maps/com.google.android.apps.gmm.navigation.service.detection.StartDetectionReceiver
04-13 14:35:16.826   779  1339 I ActivityManager: Killing 2183:android.process.acore/u0a3 (adj 15): empty #17
04-13 14:35:17.233   779   789 I ActivityManager: Start proc 4051:com.google.android.deskclock/u0a33 for broadcast com.google.android.deskclock/com.android.deskclock.AlarmInitReceiver
04-13 14:35:17.234   779   789 I ActivityManager: Killing 3413:com.google.android.marvin.talkback/u0a23 (adj 15): empty #17
04-13 14:35:17.494   779  1323 I ActivityManager: Start proc 4073:com.google.android.apps.messaging/u0a138 for broadcast com.google.android.apps.messaging/.shared.receiver.BootAndPackageReplacedReceiver
04-13 14:35:17.495   779  1323 I ActivityManager: Killing 3427:com.anydo/u0a97 (adj 15): empty #17
04-13 14:35:17.770   779  1323 W BroadcastQueue: Permission Denial: receiving Intent { act=android.intent.action.BOOT_COMPLETED flg=0x8000010 (has extras) } to com.google.android.apps.plus/com.google.android.libraries.social.notifications.impl.BootCompletedReceiver requires android.permission.RECEIVE_BOOT_COMPLETED due to sender null (uid 1000)
04-13 14:35:17.783   779   792 I ActivityManager: Start proc 4090:com.google.android.apps.gcs/u0a126 for broadcast com.google.android.apps.gcs/.receiver.BootCompletedReceiver
04-13 14:35:17.910   779   790 W BroadcastQueue: Permission Denial: receiving Intent { act=android.intent.action.BOOT_COMPLETED flg=0x8000010 (has extras) } to com.google.android.apps.photos/.camerashortcut.CameraShortcutBroadcastReceiver requires android.permission.RECEIVE_BOOT_COMPLETED due to sender null (uid 1000)
04-13 14:35:17.911   779   790 I ActivityManager: Killing 3485:com.google.android.onetimeinitializer/u0a10 (adj 15): empty #17
04-13 14:35:17.994   779   792 W BroadcastQueue: Permission Denial: receiving Intent { act=android.intent.action.BOOT_COMPLETED flg=0x8000010 (has extras) } to com.google.android.apps.photos/com.google.android.libraries.social.notifications.impl.BootCompletedReceiver requires android.permission.RECEIVE_BOOT_COMPLETED due to sender null (uid 1000)
04-13 14:35:18.012   779   792 I ActivityManager: Start proc 4117:com.google.android.inputmethod.latin/u0a54 for broadcast com.google.android.inputmethod.latin/com.android.inputmethod.latin.SystemBroadcastReceiver
04-13 14:35:18.258   779   789 I ActivityManager: Process com.google.android.inputmethod.latin (pid 4117) has died
04-13 14:35:18.292   779   792 I ActivityManager: Start proc 4133:com.google.android.apps.fitness/u0a96 for broadcast com.google.android.apps.fitness/.api.services.boot.FitnessBootReceiver
04-13 14:35:18.389   779   792 I ActivityManager: Waited long enough for: ServiceRecord{ba94dcc u0 com.instagram.android/com.facebook.rti.push.service.FbnsService}
04-13 14:35:18.644   779  1316 I ActivityManager: Killing 3518:com.android.managedprovisioning/u0a80 (adj 15): empty #17
04-13 14:35:18.715   779  1316 I ActivityManager: Killing 3497:com.google.android.partnersetup/u0a11 (adj 15): empty #17
04-13 14:35:18.825   779  1568 I ActivityManager: Start proc 4151:tunein.player/u0a84 for broadcast tunein.player/tunein.partners.livio.LivioBroadcastReceiver
04-13 14:35:19.974   779  1568 I ActivityManager: Killing 3538:com.google.android.configupdater/u0a2 (adj 15): empty #17
04-13 14:35:20.092   779   885 D ConnectivityService: notifyType CAP_CHANGED for NetworkAgentInfo [WIFI () - 100]
04-13 14:35:20.150   779   790 I ActivityManager: Start proc 4209:droom.sleepIfUCan/u0a104 for broadcast droom.sleepIfUCan/.internal.AvoidSmartManagerReceiver
04-13 14:35:20.150   779   790 I ActivityManager: Killing 3574:com.lge.SprintHiddenMenu/1000 (adj 15): empty #17
04-13 14:35:20.393   779   948 I ActivityManager: Start proc 4242:com.tranzmate/u0a113 for broadcast com.tranzmate/com.moovit.datacollection.BootCompletedReceiver
04-13 14:35:20.394   779   948 I ActivityManager: Killing 3590:com.google.process.gapps/u0a132 (adj 15): empty #17
04-13 14:35:21.361   779  1336 I ActivityManager: Start proc 4283:com.tranzmate:profiler/u0a113 for broadcast com.tranzmate/com.moovit.profiler.ProfilersReactivator
04-13 14:35:21.690   779  1316 I ActivityManager: Start proc 4329:com.skype.raider/u0a115 for broadcast com.skype.raider/com.skype.android.push.RegisterReceiver
04-13 14:35:21.746   779   948 I ActivityManager: Killing 3624:com.google.android.gm/u0a41 (adj 15): empty #17
04-13 14:35:22.203   779  1567 I ActivityManager: Killing 3652:com.google.android.gm.exchange/u0a103 (adj 15): empty #17
04-13 14:35:22.287   779  2425 I ActivityManager: Start proc 4378:android.process.acore/u0a3 for content provider com.android.providers.contacts/.ContactsProvider2
04-13 14:35:22.304   779  1323 I ActivityManager: Killing 3670:com.android.vending/u0a14 (adj 15): empty #17
04-13 14:35:22.580   779   884 D WifiService: New client listening to asynchronous messages
04-13 14:35:23.141   779  1568 I ActivityManager: Start proc 4438:com.booking/u0a26 for broadcast com.booking/.BootReceiver
04-13 14:35:23.151   779  2425 I ActivityManager: Killing 3761:com.google.android.youtube/u0a71 (adj 15): empty #17
04-13 14:35:23.656   779   948 I ActivityManager: Start proc 4461:com.booking:bookingcomprocess/u0a26 for service com.booking/.dcl.DCLService
04-13 14:35:23.804   779  1323 I ActivityManager: Process com.booking:bookingcomprocess (pid 4461) has died
04-13 14:35:23.804   779  1323 W ActivityManager: Scheduling restart of crashed service com.booking/.dcl.DCLService in 1000ms
04-13 14:35:24.156   779   790 I ActivityManager: Start proc 4541:com.evernote/u0a85 for broadcast com.evernote/.BootReceiver
04-13 14:35:24.930   779   948 I ActivityManager: Start proc 4606:com.anydo/u0a97 for broadcast com.anydo/.similarweb.BootUpReceiver
04-13 14:35:25.082   779   789 I ActivityManager: Killing 3875:com.google.android.keep/u0a52 (adj 15): empty #17
04-13 14:35:25.492  4606  4663 W ActivityThread: ClassLoader.loadClass: The class loader returned by Thread.getContextClassLoader() may fail for processes that host multiple applications. You should explicitly specify a context class loader. For example: Thread.setContextClassLoader(getClass().getClassLoader());
04-13 14:35:25.668   779  1567 I ActivityManager: Start proc 4676:com.anydo.cal/u0a97 for broadcast com.anydo.cal/.similarweb.BootUpReceiver
04-13 14:35:25.921  4676  4698 W ActivityThread: ClassLoader.loadClass: The class loader returned by Thread.getContextClassLoader() may fail for processes that host multiple applications. You should explicitly specify a context class loader. For example: Thread.setContextClassLoader(getClass().getClassLoader());
04-13 14:35:26.108   779   885 D ConnectivityService: notifyType CAP_CHANGED for NetworkAgentInfo [WIFI () - 100]
04-13 14:35:26.284   779   872 I ActivityManager: Start proc 4733:com.google.android.keep/u0a52 for service com.google.android.keep/.service.ReminderLoggingService
04-13 14:35:26.387   779   948 I ActivityManager: Start proc 4756:com.instagram.android/u0a171 for broadcast com.instagram.android/com.instagram.push.fbns.FbnsInitBroadcastReceiver
04-13 14:35:26.552   779  1336 I ActivityManager: Killing 3946:com.google.android.talk/u0a51 (adj 15): empty #17
04-13 14:35:26.635   779   792 I ActivityManager: Waited long enough for: ServiceRecord{dddde84 u0 com.qualcomm.qcrilmsgtunnel/.QcrilMsgTunnelService}
04-13 14:35:26.888   779   790 I ActivityManager: Start proc 4807:com.elerts.mbta/u0a117 for broadcast com.elerts.mbta/com.elerts.elertslibrary.ElertsServiceReciever
04-13 14:35:27.019   779  1316 I ActivityManager: Start proc 4838:com.android.vending/u0a14 for service com.android.vending/com.google.android.finsky.billing.iab.InAppBillingService
04-13 14:35:27.122   779  2425 I ActivityManager: Start proc 4856:com.googlecode.mindbell:remote/u0a109 for broadcast com.googlecode.mindbell/.UpdateBellSchedule
04-13 14:35:27.191   779   789 I ActivityManager: Start proc 4877:com.evernote.skitch/u0a139 for broadcast com.evernote.skitch/.app.receivers.SkitchTrialScheduleNotifyReceiver
04-13 14:35:27.257   779  1323 I ActivityManager: Killing 4010:com.google.android.apps.maps/u0a57 (adj 15): empty #17
04-13 14:35:27.384   779   948 I ActivityManager: Killing 4090:com.google.android.apps.gcs/u0a126 (adj 15): empty #17
04-13 14:35:27.434   779   948 I ActivityManager: Killing 4051:com.google.android.deskclock/u0a33 (adj 15): empty #18
04-13 14:35:27.579   779   948 I ActivityManager: Start proc 4928:com.twitter.android/u0a90 for broadcast com.twitter.android/com.evernote.android.job.JobBootReceiver
04-13 14:35:27.580   779   948 I ActivityManager: Killing 4133:com.google.android.apps.fitness/u0a96 (adj 15): empty #17
04-13 14:35:28.652   779   790 W ActivityManager: Unable to start service Intent { act=com.twitter.intent.action.GET_OEM cmp=com.twitter.twitteroemhelper/.OemHelperService } U=0: not found
04-13 14:35:28.664   779  2425 I BroadcastQueue: Delay finish: com.twitter.android/com.evernote.android.job.JobBootReceiver
04-13 14:35:28.677   779   789 I ActivityManager: Start proc 4998:com.android.chrome/u0a31 for service com.android.chrome/org.chromium.chrome.browser.customtabs.CustomTabsConnectionService
04-13 14:35:28.740   779  1316 I BroadcastQueue: Resuming delayed broadcast
04-13 14:35:28.740   779  1316 W BroadcastQueue: Permission Denial: receiving Intent { act=android.intent.action.BOOT_COMPLETED flg=0x8000010 (has extras) } to org.mozilla.firefox/org.mozilla.mozstumbler.service.mainthread.PassiveServiceReceiver requires android.permission.RECEIVE_BOOT_COMPLETED due to sender null (uid 1000)
04-13 14:35:28.751   779   792 I ActivityManager: Start proc 5015:com.goova.android.cutcsa/u0a145 for broadcast com.goova.android.cutcsa/.receiver.DeviceBootReceiver
04-13 14:35:28.881   779  1323 I ActivityManager: Killing 3796:com.google.android.gms.unstable/u0a7 (adj 15): empty #17
04-13 14:35:29.027   779  1316 I ActivityManager: Killing 4151:tunein.player/u0a84 (adj 15): empty #17
04-13 14:35:29.212   779  1339 W BroadcastQueue: Permission Denial: receiving Intent { act=android.intent.action.BOOT_COMPLETED flg=0x8000010 (has extras) } to com.mapswithme.maps.pro/com.parse.ParseBroadcastReceiver requires android.permission.RECEIVE_BOOT_COMPLETED due to sender null (uid 1000)
04-13 14:35:29.213   779  1339 I ActivityManager: Killing 4209:droom.sleepIfUCan/u0a104 (adj 15): empty #17
04-13 14:35:30.169   779   792 I ActivityManager: Waited long enough for: ServiceRecord{bfd872e u0 com.google.android.calendar/com.android.calendar.alerts.InitAlarmsService}
04-13 14:35:30.765   779   792 I ActivityManager: Waited long enough for: ServiceRecord{e8d0ccb u0 com.facebook.orca/com.facebook.messaging.newphoto.NewPhotoIntentService}
04-13 14:35:31.950   779  1339 I ActivityManager: Start proc 5050:com.estrongs.android.pop/u0a122 for broadcast com.estrongs.android.pop/com.dianxinos.dxservice.stat.AlarmReceiver
04-13 14:35:32.826   779   884 D WifiService: New client listening to asynchronous messages
04-13 14:35:32.970   779   789 I ActivityManager: Killing 4283:com.tranzmate:profiler/u0a113 (adj 15): empty #17
04-13 14:35:33.044   779  1316 D ConnectivityService: listenForNetwork for Listen from uid/pid:10171/4756 for NetworkRequest [ id=7, legacyType=-1, [ Capabilities: INTERNET&NOT_RESTRICTED&TRUSTED&NOT_VPN] ]
04-13 14:35:33.741   779   872 I ActivityManager: Start proc 5123:com.booking:bookingcomprocess/u0a26 for service com.booking/.dcl.DCLService
04-13 14:35:33.873   779  1316 I ActivityManager: Start proc 5140:com.google.android.apps.photos/u0a98 for broadcast com.google.android.apps.photos/.actionqueue.InternalReceiver
04-13 14:35:33.915   779  1568 I ActivityManager: Process com.booking:bookingcomprocess (pid 5123) has died
04-13 14:35:33.915   779  1568 W ActivityManager: Scheduling restart of crashed service com.booking/.dcl.DCLService in 1000ms
04-13 14:35:35.335   779  1316 I ActivityManager: Start proc 5171:droom.sleepIfUCan/u0a104 for broadcast droom.sleepIfUCan/.internal.AlarmChangeReceiver
04-13 14:35:35.524   779  1011 I ActivityManager: Killing 4242:com.tranzmate/u0a113 (adj 15): empty #17
04-13 14:35:35.599   779  1336 I ActivityManager: Start proc 5203:com.google.android.gm/u0a41 for broadcast com.google.android.gm/.widget.GmailWidgetProvider
04-13 14:35:35.745   779   789 I ActivityManager: Killing 4378:android.process.acore/u0a3 (adj 15): empty #17
04-13 14:35:36.258  5203  5242 D ActivityThread: Loading provider com.google.android.gmail.provider;com.android.mail.notifier;com.google.android.gm.email.provider;com.google.android.gm.email.notifier: com.android.email.provider.EmailProvider
04-13 14:35:36.847   779  1336 W ActivityManager: Unable to start service Intent { cmp=com.google.android.gm/com.android.email.service.AttachmentService } U=0: not found
04-13 14:35:36.899   779  1567 I ActivityManager: Start proc 5260:com.google.android.gm.exchange/u0a103 for service com.google.android.gm.exchange/com.android.exchange.service.EasService
04-13 14:35:37.368   779   789 I ActivityManager: Killing 4329:com.skype.raider/u0a115 (adj 15): empty #17
04-13 14:35:37.383   779   884 D WifiService: Client connection lost with reason: 4
04-13 14:35:37.488   779  1567 I ActivityManager: Killing 4541:com.evernote/u0a85 (adj 15): empty #17
04-13 14:35:37.947   779   790 I ActivityManager: Start proc 5312:com.google.android.setupwizard/u0a16 for broadcast com.google.android.setupwizard/.util.GservicesChangedReceiver
04-13 14:35:38.156   779   885 D ConnectivityService: notifyType CAP_CHANGED for NetworkAgentInfo [WIFI () - 100]
04-13 14:35:38.203   779  1316 I ActivityManager: Killing 4733:com.google.android.keep/u0a52 (adj 15): empty #17
04-13 14:35:39.063   779   792 I ActivityManager: Waited long enough for: ServiceRecord{122c7f7 u0 com.booking/.service.LoggingService}
04-13 14:35:39.141   779   789 I ActivityManager: Start proc 5329:com.google.android.talk/u0a51 for broadcast com.google.android.talk/com.google.android.apps.hangouts.service.GcmStateReceiver
04-13 14:35:40.306   779  1568 I ActivityManager: Start proc 5365:android.process.acore/u0a3 for broadcast com.android.providers.contacts/.PackageIntentReceiver
04-13 14:35:40.471   779   948 I ActivityManager: Killing 4856:com.googlecode.mindbell:remote/u0a109 (adj 15): empty #17
04-13 14:35:40.540   779   790 I ActivityManager: Start proc 5386:com.google.android.apps.plus/u0a63 for broadcast com.google.android.apps.plus/.service.PackagesMediaMonitor
04-13 14:35:41.165   779   885 D ConnectivityService: notifyType CAP_CHANGED for NetworkAgentInfo [WIFI () - 100]
04-13 14:35:42.074   779  1336 I ActivityManager: Killing 5015:com.goova.android.cutcsa/u0a145 (adj 15): empty #17
04-13 14:35:42.126   779   792 I ActivityManager: Waited long enough for: ServiceRecord{21a1508 u0 com.elerts.mbta/com.elerts.elertslibrary.ElertsService}
04-13 14:35:42.540   779   790 I ActivityManager: Start proc 5464:com.skype.raider/u0a115 for broadcast com.skype.raider/com.skype.android.push.RegisterReceiver
04-13 14:35:42.614  1443  5463 E ActivityThread: Failed to find provider info for com.google.android.wearable.settings
04-13 14:35:42.859   779   884 D WifiService: New client listening to asynchronous messages
04-13 14:35:42.902   779  2425 I ActivityManager: Start proc 5499:com.google.android.gms.unstable/u0a7 for service com.google.android.gms/.droidguard.DroidGuardService
04-13 14:35:43.464   779  1011 I ActivityManager: Start proc 5544:com.google.android.music:main/u0a58 for broadcast com.google.android.music/.store.MediaStoreImportService$Receiver
04-13 14:35:43.468   779  1339 I ActivityManager: Killing 4998:com.android.chrome/u0a31 (adj 15): empty #17
04-13 14:35:43.539   779   948 W ActivityManager: Scheduling restart of crashed service com.android.chrome/org.chromium.chrome.browser.customtabs.CustomTabsConnectionService in 1000ms
04-13 14:35:43.996  5544  5544 W ActivityThread: ClassLoader.loadClass: The class loader returned by Thread.getContextClassLoader() may fail for processes that host multiple applications. You should explicitly specify a context class loader. For example: Thread.setContextClassLoader(getClass().getClassLoader());
04-13 14:35:44.432   779  1011 I ActivityManager: Start proc 5584:com.goova.android.cutcsa/u0a145 for broadcast com.goova.android.cutcsa/.receiver.AlarmReceiver
04-13 14:35:44.553   779   792 I ActivityManager: Start proc 5605:com.android.chrome/u0a31 for service com.android.chrome/org.chromium.chrome.browser.customtabs.CustomTabsConnectionService
04-13 14:35:44.615   779   789 I ActivityManager: Killing 4928:com.twitter.android/u0a90 (adj 15): empty #17
04-13 14:35:44.692   779  2425 I ActivityManager: Killing 5050:com.estrongs.android.pop/u0a122 (adj 15): empty #17
04-13 14:35:44.706   779   884 D WifiService: Client connection lost with reason: 4
04-13 14:35:44.706   779   789 E WifiService: Multicaster binderDied
04-13 14:35:44.963   779   789 I ActivityManager: Killing 5140:com.google.android.apps.photos/u0a98 (adj 15): empty #17
04-13 14:35:45.032   779   790 I ActivityManager: Start proc 5627:com.estrongs.android.pop/u0a122 for broadcast com.estrongs.android.pop/com.dianxinos.dxservice.stat.AlarmReceiver
04-13 14:35:45.225   779  2425 I ActivityManager: Killing 3915:com.google.android.calendar/u0a28 (adj 15): empty #17
04-13 14:35:45.384   779   884 D WifiService: New client listening to asynchronous messages
04-13 14:35:45.514   779   789 I ActivityManager: Killing 5171:droom.sleepIfUCan/u0a104 (adj 15): empty #17
04-13 14:35:46.940   779  1567 I ActivityManager: Start proc 5684:com.google.android.gms:car/u0a7 for service com.google.android.gms/.car.CarService
04-13 14:35:46.940   779   792 I ActivityManager: Waited long enough for: ServiceRecord{5db484f u0 com.whatsapp/.AlarmService}
04-13 14:35:47.184   779   885 D ConnectivityService: notifyType CAP_CHANGED for NetworkAgentInfo [WIFI () - 100]
04-13 14:35:47.271   779  1323 W ActivityManager: Unable to start service Intent { act=local_bind cmp=com.google.android.gms/.car.InCallServiceImpl } U=0: not found
04-13 14:35:47.272   779  1011 W ActivityManager: Unable to start service Intent { act=local_bind cmp=com.google.android.gms/.car.InCallServiceImpl } U=0: not found
04-13 14:35:47.839   779  1339 I ActivityManager: Killing 4756:com.instagram.android/u0a171 (adj 15): empty #17
04-13 14:35:47.856   779   948 D ConnectivityService: ConnectivityService NetworkRequestInfo binderDied(NetworkRequest [ id=7, legacyType=-1, [ Capabilities: INTERNET&NOT_RESTRICTED&TRUSTED&NOT_VPN] ], android.os.BinderProxy@3931178)
04-13 14:35:47.856   779   885 D ConnectivityService: releasing NetworkRequest NetworkRequest [ id=7, legacyType=-1, [ Capabilities: INTERNET&NOT_RESTRICTED&TRUSTED&NOT_VPN] ]
04-13 14:35:47.857   779   885 E ConnectivityService: RemoteException caught trying to send a callback msg for NetworkRequest [ id=7, legacyType=-1, [ Capabilities: INTERNET&NOT_RESTRICTED&TRUSTED&NOT_VPN] ]
04-13 14:35:48.064   779  1339 I ActivityManager: Killing 5260:com.google.android.gm.exchange/u0a103 (adj 15): empty #18
04-13 14:35:48.878   779  1339 I ActivityManager: Killing 5365:android.process.acore/u0a3 (adj 15): empty #17
04-13 14:35:50.200   779   885 D ConnectivityService: notifyType CAP_CHANGED for NetworkAgentInfo [WIFI () - 100]
04-13 14:35:52.458  5684  5684 E ActivityThread: Service com.google.android.gms.car.CarService has leaked ServiceConnection com.google.android.gms.car.hr@de5527 that was originally bound here
04-13 14:35:52.458  5684  5684 E ActivityThread: android.app.ServiceConnectionLeaked: Service com.google.android.gms.car.CarService has leaked ServiceConnection com.google.android.gms.car.hr@de5527 that was originally bound here
04-13 14:35:52.458  5684  5684 E ActivityThread: 	at android.app.LoadedApk$ServiceDispatcher.<init>(LoadedApk.java:1092)
04-13 14:35:52.458  5684  5684 E ActivityThread: 	at android.app.LoadedApk.getServiceDispatcher(LoadedApk.java:986)
04-13 14:35:52.458  5684  5684 E ActivityThread: 	at android.app.ContextImpl.bindServiceCommon(ContextImpl.java:1303)
04-13 14:35:52.458  5684  5684 E ActivityThread: 	at android.app.ContextImpl.bindService(ContextImpl.java:1286)
04-13 14:35:52.458  5684  5684 E ActivityThread: 	at android.content.ContextWrapper.bindService(ContextWrapper.java:604)
04-13 14:35:52.458  5684  5684 E ActivityThread: 	at android.content.ContextWrapper.bindService(ContextWrapper.java:604)
04-13 14:35:52.458  5684  5684 E ActivityThread: 	at android.content.ContextWrapper.bindService(ContextWrapper.java:604)
04-13 14:35:52.458  5684  5684 E ActivityThread: 	at com.google.android.gms.common.stats.g.a(:com.google.android.gms:128)
04-13 14:35:52.458  5684  5684 E ActivityThread: 	at com.google.android.gms.common.stats.g.a(:com.google.android.gms:145)
04-13 14:35:52.458  5684  5684 E ActivityThread: 	at com.google.android.gms.car.hc.<init>(:com.google.android.gms:319)
04-13 14:35:52.458  5684  5684 E ActivityThread: 	at com.google.android.gms.car.CarChimeraService.onCreate(:com.google.android.gms:74)
04-13 14:35:52.458  5684  5684 E ActivityThread: 	at com.google.android.chimera.container.ServiceProxy.setImpl(:com.google.android.gms:119)
04-13 14:35:52.458  5684  5684 E ActivityThread: 	at com.google.android.chimera.container.ServiceProxy.onCreate(:com.google.android.gms:109)
04-13 14:35:52.458  5684  5684 E ActivityThread: 	at android.app.ActivityThread.handleCreateService(ActivityThread.java:2877)
04-13 14:35:52.458  5684  5684 E ActivityThread: 	at android.app.ActivityThread.-wrap4(ActivityThread.java)
04-13 14:35:52.458  5684  5684 E ActivityThread: 	at android.app.ActivityThread$H.handleMessage(ActivityThread.java:1427)
04-13 14:35:52.458  5684  5684 E ActivityThread: 	at android.os.Handler.dispatchMessage(Handler.java:102)
04-13 14:35:52.458  5684  5684 E ActivityThread: 	at android.os.Looper.loop(Looper.java:148)
04-13 14:35:52.458  5684  5684 E ActivityThread: 	at android.app.ActivityThread.main(ActivityThread.java:5417)
04-13 14:35:52.458  5684  5684 E ActivityThread: 	at java.lang.reflect.Method.invoke(Native Method)
04-13 14:35:52.458  5684  5684 E ActivityThread: 	at com.android.internal.os.ZygoteInit$MethodAndArgsCaller.run(ZygoteInit.java:726)
04-13 14:35:52.458  5684  5684 E ActivityThread: 	at com.android.internal.os.ZygoteInit.main(ZygoteInit.java:616)
04-13 14:35:52.480  5684  5684 E ActivityThread: Service com.google.android.gms.car.CarCallService has leaked ServiceConnection com.google.android.gms.car.dq@bd43079 that was originally bound here
04-13 14:35:52.480  5684  5684 E ActivityThread: android.app.ServiceConnectionLeaked: Service com.google.android.gms.car.CarCallService has leaked ServiceConnection com.google.android.gms.car.dq@bd43079 that was originally bound here
04-13 14:35:52.480  5684  5684 E ActivityThread: 	at android.app.LoadedApk$ServiceDispatcher.<init>(LoadedApk.java:1092)
04-13 14:35:52.480  5684  5684 E ActivityThread: 	at android.app.LoadedApk.getServiceDispatcher(LoadedApk.java:986)
04-13 14:35:52.480  5684  5684 E ActivityThread: 	at android.app.ContextImpl.bindServiceCommon(ContextImpl.java:1303)
04-13 14:35:52.480  5684  5684 E ActivityThread: 	at android.app.ContextImpl.bindService(ContextImpl.java:1286)
04-13 14:35:52.480  5684  5684 E ActivityThread: 	at android.content.ContextWrapper.bindService(ContextWrapper.java:604)
04-13 14:35:52.480  5684  5684 E ActivityThread: 	at com.google.android.gms.common.stats.g.a(:com.google.android.gms:128)
04-13 14:35:52.480  5684  5684 E ActivityThread: 	at com.google.android.gms.common.stats.g.a(:com.google.android.gms:145)
04-13 14:35:52.480  5684  5684 E ActivityThread: 	at com.google.android.gms.car.dp.a(:com.google.android.gms:586)
04-13 14:35:52.480  5684  5684 E ActivityThread: 	at com.google.android.gms.car.dp.<init>(:com.google.android.gms:511)
04-13 14:35:52.480  5684  5684 E ActivityThread: 	at com.google.android.gms.car.dp.a(:com.google.android.gms:488)
04-13 14:35:52.480  5684  5684 E ActivityThread: 	at com.google.android.gms.car.dm.<init>(:com.google.android.gms:112)
04-13 14:35:52.480  5684  5684 E ActivityThread: 	at com.google.android.gms.car.CarCallService.onBind(:com.google.android.gms:79)
04-13 14:35:52.480  5684  5684 E ActivityThread: 	at android.app.ActivityThread.handleBindService(ActivityThread.java:2904)
04-13 14:35:52.480  5684  5684 E ActivityThread: 	at android.app.ActivityThread.-wrap2(ActivityThread.java)
04-13 14:35:52.480  5684  5684 E ActivityThread: 	at android.app.ActivityThread$H.handleMessage(ActivityThread.java:1432)
04-13 14:35:52.480  5684  5684 E ActivityThread: 	at android.os.Handler.dispatchMessage(Handler.java:102)
04-13 14:35:52.480  5684  5684 E ActivityThread: 	at android.os.Looper.loop(Looper.java:148)
04-13 14:35:52.480  5684  5684 E ActivityThread: 	at android.app.ActivityThread.main(ActivityThread.java:5417)
04-13 14:35:52.480  5684  5684 E ActivityThread: 	at java.lang.reflect.Method.invoke(Native Method)
04-13 14:35:52.480  5684  5684 E ActivityThread: 	at com.android.internal.os.ZygoteInit$MethodAndArgsCaller.run(ZygoteInit.java:726)
04-13 14:35:52.480  5684  5684 E ActivityThread: 	at com.android.internal.os.ZygoteInit.main(ZygoteInit.java:616)
04-13 14:35:52.482   779   790 W ActivityManager: Unbind failed: could not find connection for android.os.BinderProxy@ed93445
04-13 14:35:52.769   779  2425 I ActivityManager: Start proc 5772:android.process.acore/u0a3 for broadcast com.android.providers.contacts/.PackageIntentReceiver
04-13 14:35:53.207   779   885 D ConnectivityService: notifyType CAP_CHANGED for NetworkAgentInfo [WIFI () - 100]
04-13 14:35:54.548   779   790 I Telecom : PhoneAccountRegistrar: SimCallManager queried, returning: null
04-13 14:35:54.575   779  1323 I Telecom : PhoneAccountRegistrar: SimCallManager queried, returning: null
04-13 14:35:56.222   779   885 D ConnectivityService: notifyType CAP_CHANGED for NetworkAgentInfo [WIFI () - 100]
04-13 14:35:57.256   779   792 I ActivityManager: Start proc 5846:com.google.android.partnersetup/u0a11 for broadcast com.google.android.partnersetup/.PhoneStateReceiver
04-13 14:35:57.265   779   779 I Telecom : PhoneAccountRegistrar: SimCallManager queried, returning: null
04-13 14:35:57.272   779   779 I Telecom : PhoneAccountRegistrar: SimCallManager queried, returning: null
04-13 14:35:57.326   779  1011 I ActivityManager: Start proc 5858:com.android.settings/1000 for broadcast com.android.settings/.sim.SimSelectNotification
04-13 14:35:57.327   779  1011 I ActivityManager: Killing 4073:com.google.android.apps.messaging/u0a138 (adj 15): empty #17
04-13 14:35:57.433   779  1316 I ActivityManager: Killing 5584:com.goova.android.cutcsa/u0a145 (adj 15): empty #17
04-13 14:35:57.845   779   790 I ActivityManager: Killing 5605:com.android.chrome/u0a31 (adj 15): empty #17
04-13 14:35:58.586  1315  1315 D MccTable: updateMccMncConfiguration mccmnc='74801' fromServiceState=false
04-13 14:35:58.586  1315  1315 D MccTable: updateMccMncConfiguration defaultMccMnc=
04-13 14:35:58.587  1315  1315 D MccTable: updateMccMncConfiguration: mcc=748, mnc=1
04-13 14:35:58.590  1315  1315 D MccTable: updateMccMncConfiguration updateConfig config={1.0 748mcc1mnc ?locale ?layoutDir ?swdp ?wdp ?hdp ?density ?lsize ?long ?orien ?uimode ?night ?touch ?keyb/?/? ?nav/?}
04-13 14:35:58.590   779   948 I ActivityManager: Config changes=3 {1.0 748mcc1mnc es_ES ldltr sw360dp w360dp h568dp 480dpi nrml port finger -keyb/v/h -nav/h s.5}
04-13 14:35:58.780   779   792 I ActivityManager: Start proc 5905:com.android.cellbroadcastreceiver/u0a29 for broadcast com.android.cellbroadcastreceiver/.CellBroadcastReceiver
04-13 14:35:58.850   779  1567 I Telecom : PhoneAccountRegistrar: [ComponentInfo{com.android.phone/com.android.services.telephony.TelephonyConnectionService}, [2be88ca4242c76e8253ac62474851065032d6833], UserHandle{0}(icon: Icon(typ=BITMAP size=57x72) -> Icon(typ=BITMAP size=57x72))]
04-13 14:35:58.858   779   790 I ActivityManager: Killing 5312:com.google.android.setupwizard/u0a16 (adj 15): empty #17
04-13 14:35:58.862   779  1567 I Telecom : : Sending phone-account intent as user
04-13 14:35:58.894   779  2425 W Telecom : : No account found for the calling user
04-13 14:35:58.991   779  1316 I Telecom : PhoneAccountRegistrar: New phone account registered: [[ ] PhoneAccount: ComponentInfo{com.android.phone/com.android.services.telephony.TelephonyConnectionService}, [a6a6669a7f2a2f99624fb1c20bcb44cb04b50db4], UserHandle{0} Capabilities: 54 Schemes: tel voicemail ]
04-13 14:35:59.002   779  1316 I Telecom : : Sending phone-account intent as user
04-13 14:35:59.033   779  2425 W Telecom : : No account found for the calling user
04-13 14:35:59.286   779   789 I Telecom : PhoneAccountRegistrar: [ComponentInfo{com.android.phone/com.android.services.telephony.TelephonyConnectionService}, [a6a6669a7f2a2f99624fb1c20bcb44cb04b50db4], UserHandle{0}(icon: Icon(typ=BITMAP size=57x72) -> Icon(typ=BITMAP size=57x72))]
04-13 14:35:59.310   779   789 I Telecom : : Sending phone-account intent as user
04-13 14:35:59.336   779  1568 I Telecom : PhoneAccountRegistrar: [ComponentInfo{com.android.phone/com.android.services.telephony.TelephonyConnectionService}, [a6a6669a7f2a2f99624fb1c20bcb44cb04b50db4], UserHandle{0}(icon: Icon(typ=BITMAP size=57x72) -> Icon(typ=BITMAP size=57x72))]
04-13 14:35:59.350   779  1568 I Telecom : : Sending phone-account intent as user
04-13 14:35:59.358   779  1336 W Telecom : : No account found for the calling user
04-13 14:35:59.365   779  1567 I Telecom : PhoneAccountRegistrar: [ComponentInfo{com.android.phone/com.android.services.telephony.TelephonyConnectionService}, [a6a6669a7f2a2f99624fb1c20bcb44cb04b50db4], UserHandle{0}(icon: Icon(typ=BITMAP size=57x72) -> Icon(typ=BITMAP size=57x72))]
04-13 14:35:59.381   779  1567 I Telecom : : Sending phone-account intent as user
04-13 14:35:59.392  1315  1315 D MccTable: updateMccMncConfiguration mccmnc='74801' fromServiceState=false
04-13 14:35:59.392  1315  1315 D MccTable: updateMccMncConfiguration defaultMccMnc=74801
04-13 14:35:59.392  1315  1315 D MccTable: updateMccMncConfiguration: mcc=748, mnc=1
04-13 14:35:59.392  1315  1315 D MccTable: updateMccMncConfiguration updateConfig config={1.0 748mcc1mnc ?locale ?layoutDir ?swdp ?wdp ?hdp ?density ?lsize ?long ?orien ?uimode ?night ?touch ?keyb/?/? ?nav/?}
04-13 14:35:59.461   779   800 I WindowManager: Screen frozen for +843ms due to AppWindowToken{3233929 token=Token{b76d6b0 ActivityRecord{e9de9f3 u0 com.google.android.googlequicksearchbox/com.google.android.launcher.GEL t312}}}
04-13 14:35:59.480   779   792 I ActivityManager: Start proc 5933:com.google.android.apps.messaging/u0a138 for broadcast com.google.android.apps.messaging/.shared.receiver.DefaultSmsSubscriptionChangeReceiver
04-13 14:35:59.766  1315  1315 D MccTable: updateMccMncConfiguration mccmnc='74801' fromServiceState=false
04-13 14:35:59.769  1315  1315 D MccTable: updateMccMncConfiguration defaultMccMnc=74801
04-13 14:35:59.769  1315  1315 D MccTable: updateMccMncConfiguration: mcc=748, mnc=1
04-13 14:35:59.769  1315  1315 D MccTable: updateMccMncConfiguration updateConfig config={1.0 748mcc1mnc ?locale ?layoutDir ?swdp ?wdp ?hdp ?density ?lsize ?long ?orien ?uimode ?night ?touch ?keyb/?/? ?nav/?}
04-13 14:36:00.335   779  1568 I Telecom : PhoneAccountRegistrar: [ComponentInfo{com.android.phone/com.android.services.telephony.TelephonyConnectionService}, [a6a6669a7f2a2f99624fb1c20bcb44cb04b50db4], UserHandle{0}(icon: Icon(typ=BITMAP size=57x72) -> Icon(typ=BITMAP size=57x72))]
04-13 14:36:00.351   779  1568 I Telecom : : Sending phone-account intent as user
04-13 14:36:00.365   779   790 W Telecom : : No account found for the calling user
04-13 14:36:00.384   779   789 I Telecom : PhoneAccountRegistrar: [ComponentInfo{com.android.phone/com.android.services.telephony.TelephonyConnectionService}, [a6a6669a7f2a2f99624fb1c20bcb44cb04b50db4], UserHandle{0}(icon: Icon(typ=BITMAP size=57x72) -> Icon(typ=BITMAP size=57x72))]
04-13 14:36:00.391   779   789 I Telecom : : Sending phone-account intent as user
04-13 14:36:00.396   779  1316 W Telecom : : No account found for the calling user
04-13 14:36:00.426   779   789 D MmsServiceBroker: getCarrierConfigValues() by com.google.android.apps.messaging
04-13 14:36:00.426   779   789 W MmsServiceBroker: MmsService not connected. Try connecting...
04-13 14:36:00.427   779   779 I MmsServiceBroker: Connecting to MmsService
04-13 14:36:00.431   779   779 W ContextImpl: Calling a method in the system process without a qualified user: android.app.ContextImpl.bindService:1285 com.android.server.MmsServiceBroker.tryConnecting:240 com.android.server.MmsServiceBroker.-wrap3:-1 com.android.server.MmsServiceBroker$1.handleMessage:82 android.os.Handler.dispatchMessage:102 
04-13 14:36:00.476   779  1316 I Telecom : PhoneAccountRegistrar: [ComponentInfo{com.android.phone/com.android.services.telephony.TelephonyConnectionService}, [a6a6669a7f2a2f99624fb1c20bcb44cb04b50db4], UserHandle{0}(icon: Icon(typ=BITMAP size=57x72) -> Icon(typ=BITMAP size=57x72))]
04-13 14:36:00.490   779  1316 I Telecom : : Sending phone-account intent as user
04-13 14:36:00.497   779   948 I Telecom : PhoneAccountRegistrar: [ComponentInfo{com.android.phone/com.android.services.telephony.TelephonyConnectionService}, [a6a6669a7f2a2f99624fb1c20bcb44cb04b50db4], UserHandle{0}(icon: Icon(typ=BITMAP size=57x72) -> Icon(typ=BITMAP size=57x72))]
04-13 14:36:00.510   779   948 I Telecom : : Sending phone-account intent as user
04-13 14:36:00.529   779   779 I Telecom : PhoneAccountRegistrar: SimCallManager queried, returning: null
04-13 14:36:00.542   779   779 I Telecom : PhoneAccountRegistrar: SimCallManager queried, returning: null
04-13 14:36:00.543   779   779 I MmsServiceBroker: MmsService connected
04-13 14:36:00.603   779  1011 D MmsServiceBroker: getCarrierConfigValues() by com.google.android.apps.messaging
04-13 14:36:00.641  1315  1315 D MccTable: updateMccMncConfiguration mccmnc='74801' fromServiceState=true
04-13 14:36:00.645  1315  1315 D MccTable: updateMccMncConfiguration defaultMccMnc=74801
04-13 14:36:00.645  1315  1315 D MccTable: updateMccMncConfiguration: mcc=748, mnc=1
04-13 14:36:00.645  1315  1315 D MccTable: WIFI_COUNTRY_CODE set to uy
04-13 14:36:00.645   779   948 I WifiService: WifiService trying to set country code to uy with persist set to true
04-13 14:36:00.722   779  1316 D MmsServiceBroker: getCarrierConfigValues() by com.google.android.apps.messaging
04-13 14:36:00.735   779  1316 I Telecom : PhoneAccountRegistrar: [ComponentInfo{com.android.phone/com.android.services.telephony.TelephonyConnectionService}, [a6a6669a7f2a2f99624fb1c20bcb44cb04b50db4], UserHandle{0}(icon: Icon(typ=BITMAP size=57x72) -> Icon(typ=BITMAP size=57x72))(lbl: Antel -> )(desc: Antel -> )]
04-13 14:36:00.749   779  1316 I Telecom : : Sending phone-account intent as user
04-13 14:36:00.774   779   790 W Telecom : : No account found for the calling user
